Archive member included to satisfy reference by file (symbol)

C:/ProgramData/MATLAB/SupportPackages/R2020a/3P.instrset/cmsis.instrset/CMSIS/RTOS/RTX/LIB/GCC/libRTX_CM4.a(rt_cmsis.o)
                              RTX_Conf_CM.o (osKernelInitialize)
C:/ProgramData/MATLAB/SupportPackages/R2020a/3P.instrset/cmsis.instrset/CMSIS/RTOS/RTX/LIB/GCC/libRTX_CM4.a(hal_cm.o)
                              C:/ProgramData/MATLAB/SupportPackages/R2020a/3P.instrset/cmsis.instrset/CMSIS/RTOS/RTX/LIB/GCC/libRTX_CM4.a(rt_cmsis.o) (rt_ret_val)
C:/ProgramData/MATLAB/SupportPackages/R2020a/3P.instrset/cmsis.instrset/CMSIS/RTOS/RTX/LIB/GCC/libRTX_CM4.a(rt_memory.o)
                              C:/ProgramData/MATLAB/SupportPackages/R2020a/3P.instrset/cmsis.instrset/CMSIS/RTOS/RTX/LIB/GCC/libRTX_CM4.a(rt_cmsis.o) (rt_init_mem)
C:/ProgramData/MATLAB/SupportPackages/R2020a/3P.instrset/cmsis.instrset/CMSIS/RTOS/RTX/LIB/GCC/libRTX_CM4.a(rt_membox.o)
                              C:/ProgramData/MATLAB/SupportPackages/R2020a/3P.instrset/cmsis.instrset/CMSIS/RTOS/RTX/LIB/GCC/libRTX_CM4.a(rt_cmsis.o) (_init_box)
C:/ProgramData/MATLAB/SupportPackages/R2020a/3P.instrset/cmsis.instrset/CMSIS/RTOS/RTX/LIB/GCC/libRTX_CM4.a(rt_mutex.o)
                              C:/ProgramData/MATLAB/SupportPackages/R2020a/3P.instrset/cmsis.instrset/CMSIS/RTOS/RTX/LIB/GCC/libRTX_CM4.a(rt_cmsis.o) (rt_mut_init)
C:/ProgramData/MATLAB/SupportPackages/R2020a/3P.instrset/cmsis.instrset/CMSIS/RTOS/RTX/LIB/GCC/libRTX_CM4.a(rt_time.o)
                              C:/ProgramData/MATLAB/SupportPackages/R2020a/3P.instrset/cmsis.instrset/CMSIS/RTOS/RTX/LIB/GCC/libRTX_CM4.a(rt_cmsis.o) (os_time)
C:/ProgramData/MATLAB/SupportPackages/R2020a/3P.instrset/cmsis.instrset/CMSIS/RTOS/RTX/LIB/GCC/libRTX_CM4.a(rt_semaphore.o)
                              C:/ProgramData/MATLAB/SupportPackages/R2020a/3P.instrset/cmsis.instrset/CMSIS/RTOS/RTX/LIB/GCC/libRTX_CM4.a(rt_cmsis.o) (rt_sem_init)
C:/ProgramData/MATLAB/SupportPackages/R2020a/3P.instrset/cmsis.instrset/CMSIS/RTOS/RTX/LIB/GCC/libRTX_CM4.a(rt_mailbox.o)
                              C:/ProgramData/MATLAB/SupportPackages/R2020a/3P.instrset/cmsis.instrset/CMSIS/RTOS/RTX/LIB/GCC/libRTX_CM4.a(rt_cmsis.o) (rt_mbx_init)
C:/ProgramData/MATLAB/SupportPackages/R2020a/3P.instrset/cmsis.instrset/CMSIS/RTOS/RTX/LIB/GCC/libRTX_CM4.a(rt_list.o)
                              C:/ProgramData/MATLAB/SupportPackages/R2020a/3P.instrset/cmsis.instrset/CMSIS/RTOS/RTX/LIB/GCC/libRTX_CM4.a(rt_cmsis.o) (rt_put_prio)
C:/ProgramData/MATLAB/SupportPackages/R2020a/3P.instrset/cmsis.instrset/CMSIS/RTOS/RTX/LIB/GCC/libRTX_CM4.a(rt_event.o)
                              C:/ProgramData/MATLAB/SupportPackages/R2020a/3P.instrset/cmsis.instrset/CMSIS/RTOS/RTX/LIB/GCC/libRTX_CM4.a(rt_cmsis.o) (rt_evt_wait)
C:/ProgramData/MATLAB/SupportPackages/R2020a/3P.instrset/cmsis.instrset/CMSIS/RTOS/RTX/LIB/GCC/libRTX_CM4.a(rt_system.o)
                              C:/ProgramData/MATLAB/SupportPackages/R2020a/3P.instrset/cmsis.instrset/CMSIS/RTOS/RTX/LIB/GCC/libRTX_CM4.a(rt_cmsis.o) (rt_suspend)
C:/ProgramData/MATLAB/SupportPackages/R2020a/3P.instrset/cmsis.instrset/CMSIS/RTOS/RTX/LIB/GCC/libRTX_CM4.a(rt_task.o)
                              C:/ProgramData/MATLAB/SupportPackages/R2020a/3P.instrset/cmsis.instrset/CMSIS/RTOS/RTX/LIB/GCC/libRTX_CM4.a(rt_system.o) (rt_switch_req)
C:/ProgramData/MATLAB/SupportPackages/R2020a/3P.instrset/cmsis.instrset/CMSIS/RTOS/RTX/LIB/GCC/libRTX_CM4.a(hal_cm4.o)
                              C:/ProgramData/MATLAB/SupportPackages/R2020a/3P.instrset/cmsis.instrset/CMSIS/RTOS/RTX/LIB/GCC/libRTX_CM4.a(rt_task.o) (rt_get_PSP)
C:/ProgramData/MATLAB/SupportPackages/R2020a/3P.instrset/cmsis.instrset/CMSIS/RTOS/RTX/LIB/GCC/libRTX_CM4.a(svc_table.o)
                              C:/ProgramData/MATLAB/SupportPackages/R2020a/3P.instrset/cmsis.instrset/CMSIS/RTOS/RTX/LIB/GCC/libRTX_CM4.a(hal_cm4.o) (SVC_Table)
C:/ProgramData/MATLAB/SupportPackages/R2020a/3P.instrset/cmsis.instrset/CMSIS/RTOS/RTX/LIB/GCC/libRTX_CM4.a(rt_robin.o)
                              C:/ProgramData/MATLAB/SupportPackages/R2020a/3P.instrset/cmsis.instrset/CMSIS/RTOS/RTX/LIB/GCC/libRTX_CM4.a(rt_system.o) (os_robin)
C:/ProgramData/MATLAB/SupportPackages/R2020a/toolbox/target/supportpackages/freedomk64f/src/ksdk_armgcc_lib/bm/libksdk_platform.a(fsl_os_abstraction_bm.o)
                              hardware_init.o (OSA_Init)
C:/ProgramData/MATLAB/SupportPackages/R2020a/toolbox/target/supportpackages/freedomk64f/src/ksdk_armgcc_lib/bm/libksdk_platform.a(fsl_clock_manager.o)
                              board.o (CLOCK_SYS_OscInit)
C:/ProgramData/MATLAB/SupportPackages/R2020a/toolbox/target/supportpackages/freedomk64f/src/ksdk_armgcc_lib/bm/libksdk_platform.a(fsl_clock_manager_common.o)
                              C:/ProgramData/MATLAB/SupportPackages/R2020a/toolbox/target/supportpackages/freedomk64f/src/ksdk_armgcc_lib/bm/libksdk_platform.a(fsl_clock_manager.o) (g_oscBase)
[...]
Memory Configuration

Name             Origin             Length             Attributes
m_interrupts     0x00000000         0x00000400         xr
m_flash_config   0x00000400         0x00000010         xr
m_text           0x00000410         0x000ffbf0         xr
m_data_2         0x1fff0000         0x00010000         rw
m_data           0x20000000         0x00030000         rw
*default*        0x00000000         0xffffffff

Linker script and memory map

LOAD c:/progra~3/matlab/suppor~1/r2020a/3p778c~1.ins/gnuarm~1.ins/win/bin/../lib/gcc/arm-none-eabi/7.2.1/thumb/v7e-m/fpv4-sp/hard/crti.o
LOAD c:/progra~3/matlab/suppor~1/r2020a/3p778c~1.ins/gnuarm~1.ins/win/bin/../lib/gcc/arm-none-eabi/7.2.1/thumb/v7e-m/fpv4-sp/hard/crtbegin.o
LOAD c:/progra~3/matlab/suppor~1/r2020a/3p778c~1.ins/gnuarm~1.ins/win/bin/../lib/gcc/arm-none-eabi/7.2.1/../../../../arm-none-eabi/lib/thumb/v7e-m/fpv4-sp/hard/crt0.o
LOAD MW_PWM.o
LOAD MW_digitalIO.o
LOAD Pacemaker.o
LOAD Pacemaker_data.o
LOAD RTX_Conf_CM.o
LOAD board.o
LOAD cmsis_rtos_init.o
LOAD ert_main.o
LOAD fsl_edma_irq.o
LOAD fsl_misc_utilities.o
LOAD fsl_uart_irq.o
LOAD hardware_init.o
LOAD irq_stub.o
LOAD mw_sdk_interface.o
LOAD mw_semaphore.o
LOAD mw_signal.o
LOAD mw_thread.o
LOAD mw_timer.o
LOAD pin_mux.o
LOAD sbrk.o
LOAD startup.o
LOAD startup_MK64F12.o
LOAD system_MK64F12.o
LOAD C:/ProgramData/MATLAB/SupportPackages/R2020a/3P.instrset/cmsis.instrset/CMSIS/Lib/GCC/libarm_cortexM4lf_math.a
LOAD C:/ProgramData/MATLAB/SupportPackages/R2020a/3P.instrset/cmsis.instrset/CMSIS/RTOS/RTX/LIB/GCC/libRTX_CM4.a
LOAD C:/ProgramData/MATLAB/SupportPackages/R2020a/toolbox/target/supportpackages/freedomk64f/src/ksdk_armgcc_lib/bm/libksdk_platform.a
LOAD c:/progra~3/matlab/suppor~1/r2020a/3p778c~1.ins/gnuarm~1.ins/win/bin/../lib/gcc/arm-none-eabi/7.2.1/../../../../arm-none-eabi/lib/thumb/v7e-m/fpv4-sp/hard\libstdc++.a
LOAD c:/progra~3/matlab/suppor~1/r2020a/3p778c~1.ins/gnuarm~1.ins/win/bin/../lib/gcc/arm-none-eabi/7.2.1/../../../../arm-none-eabi/lib/thumb/v7e-m/fpv4-sp/hard\libm.a
START GROUP
LOAD c:/progra~3/matlab/suppor~1/r2020a/3p778c~1.ins/gnuarm~1.ins/win/bin/../lib/gcc/arm-none-eabi/7.2.1/thumb/v7e-m/fpv4-sp/hard\libgcc.a
LOAD c:/progra~3/matlab/suppor~1/r2020a/3p778c~1.ins/gnuarm~1.ins/win/bin/../lib/gcc/arm-none-eabi/7.2.1/../../../../arm-none-eabi/lib/thumb/v7e-m/fpv4-sp/hard\libg.a
LOAD c:/progra~3/matlab/suppor~1/r2020a/3p778c~1.ins/gnuarm~1.ins/win/bin/../lib/gcc/arm-none-eabi/7.2.1/../../../../arm-none-eabi/lib/thumb/v7e-m/fpv4-sp/hard\libc.a
END GROUP
START GROUP
LOAD c:/progra~3/matlab/suppor~1/r2020a/3p778c~1.ins/gnuarm~1.ins/win/bin/../lib/gcc/arm-none-eabi/7.2.1/thumb/v7e-m/fpv4-sp/hard\libgcc.a
LOAD c:/progra~3/matlab/suppor~1/r2020a/3p778c~1.ins/gnuarm~1.ins/win/bin/../lib/gcc/arm-none-eabi/7.2.1/../../../../arm-none-eabi/lib/thumb/v7e-m/fpv4-sp/hard\libc.a
LOAD c:/progra~3/matlab/suppor~1/r2020a/3p778c~1.ins/gnuarm~1.ins/win/bin/../lib/gcc/arm-none-eabi/7.2.1/../../../../arm-none-eabi/lib/thumb/v7e-m/fpv4-sp/hard\libnosys.a
END GROUP
LOAD c:/progra~3/matlab/suppor~1/r2020a/3p778c~1.ins/gnuarm~1.ins/win/bin/../lib/gcc/arm-none-eabi/7.2.1/thumb/v7e-m/fpv4-sp/hard/crtend.o
LOAD c:/progra~3/matlab/suppor~1/r2020a/3p778c~1.ins/gnuarm~1.ins/win/bin/../lib/gcc/arm-none-eabi/7.2.1/thumb/v7e-m/fpv4-sp/hard/crtn.o
                0x00000400                HEAP_SIZE = DEFINED (__heap_size__)?__heap_size__:0x400
                0x00000400                STACK_SIZE = DEFINED (__stack_size__)?__stack_size__:0x400
                0x00000000                M_VECTOR_RAM_SIZE = DEFINED (__ram_vector_table__)?0x400:0x0

.interrupts     0x00000000      0x400
                0x00000000                __VECTOR_TABLE = .
                0x00000000                . = ALIGN (0x4)
 *(.isr_vector)
 .isr_vector    0x00000000      0x400 startup_MK64F12.o
                0x00000000                __isr_vector
                0x00000400                . = ALIGN (0x4)

.flash_config   0x00000400       0x10
                0x00000400                . = ALIGN (0x4)
 *(.FlashConfig)
 .FlashConfig   0x00000400       0x10 startup_MK64F12.o
                0x00000410                . = ALIGN (0x4)

.text           0x00000440     0xa4d8
                0x00000440                . = ALIGN (0x4)
 *(.text)
 .text          0x00000440       0x40 c:/progra~3/matlab/suppor~1/r2020a/3p778c~1.ins/gnuarm~1.ins/win/bin/../lib/gcc/arm-none-eabi/7.2.1/thumb/v7e-m/fpv4-sp/hard/crtbegin.o
 .text          0x00000480       0x74 c:/progra~3/matlab/suppor~1/r2020a/3p778c~1.ins/gnuarm~1.ins/win/bin/../lib/gcc/arm-none-eabi/7.2.1/../../../../arm-none-eabi/lib/thumb/v7e-m/fpv4-sp/hard/crt0.o
                0x00000480                _start
                0x00000480                _mainCRTStartup
 .text          0x000004f4       0x14 startup_MK64F12.o
                0x000004f4                Reset_Handler
                0x00000504                ENET_Receive_IRQHandler
                0x00000504                ENET_1588_Timer_IRQHandler
                0x00000504                DefaultISR
                0x00000504                PIT2_IRQHandler
                0x00000504                PIT0_IRQHandler
                0x00000504                ENET_Error_IRQHandler
                0x00000504                PIT3_IRQHandler
                0x00000504                SDHC_IRQHandler
                0x00000504                ENET_Transmit_IRQHandler
                0x00000504                PIT1_IRQHandler
 .text          0x00000508      0x198 C:/ProgramData/MATLAB/SupportPackages/R2020a/3P.instrset/cmsis.instrset/CMSIS/RTOS/RTX/LIB/GCC/libRTX_CM4.a(hal_cm4.o)
                0x00000508                rt_set_PSP
                0x0000050e                rt_get_PSP
                0x00000514                os_set_env
                0x0000052c                _alloc_box
                0x00000548                _free_box
                0x00000564                SVC_Handler
                0x0000060a                PendSV_Handler
                0x00000610                Sys_Switch
                0x0000066a                SysTick_Handler
                0x00000674                OS_Tick_Handler
 .text          0x000006a0      0x378 c:/progra~3/matlab/suppor~1/r2020a/3p778c~1.ins/gnuarm~1.ins/win/bin/../lib/gcc/arm-none-eabi/7.2.1/thumb/v7e-m/fpv4-sp/hard\libgcc.a(_arm_addsubdf3.o)
                0x000006a0                __aeabi_drsub
                0x000006a8                __aeabi_dsub
                0x000006a8                __subdf3
                0x000006ac                __aeabi_dadd
                0x000006ac                __adddf3
                0x00000924                __floatunsidf
                0x00000924                __aeabi_ui2d
                0x00000944                __floatsidf
                0x00000944                __aeabi_i2d
                0x00000968                __aeabi_f2d
                0x00000968                __extendsfdf2
                0x000009ac                __floatundidf
                0x000009ac                __aeabi_ul2d
                0x000009bc                __floatdidf
                0x000009bc                __aeabi_l2d
 .text          0x00000a18      0x110 c:/progra~3/matlab/suppor~1/r2020a/3p778c~1.ins/gnuarm~1.ins/win/bin/../lib/gcc/arm-none-eabi/7.2.1/thumb/v7e-m/fpv4-sp/hard\libgcc.a(_arm_cmpdf2.o)
                0x00000a18                __gtdf2
                0x00000a18                __gedf2
                0x00000a20                __ltdf2
                0x00000a20                __ledf2
                0x00000a28                __nedf2
                0x00000a28                __eqdf2
                0x00000a28                __cmpdf2
                0x00000aa4                __aeabi_cdrcmple
                0x00000ab4                __aeabi_cdcmpeq
                0x00000ab4                __aeabi_cdcmple
                0x00000ac4                __aeabi_dcmpeq
                0x00000ad8                __aeabi_dcmplt
                0x00000aec                __aeabi_dcmple
                0x00000b00                __aeabi_dcmpge
                0x00000b14                __aeabi_dcmpgt
 .text          0x00000b28       0x40 c:/progra~3/matlab/suppor~1/r2020a/3p778c~1.ins/gnuarm~1.ins/win/bin/../lib/gcc/arm-none-eabi/7.2.1/thumb/v7e-m/fpv4-sp/hard\libgcc.a(_arm_fixunsdfsi.o)
                0x00000b28                __aeabi_d2uiz
                0x00000b28                __fixunsdfsi
 .text          0x00000b68       0x30 c:/progra~3/matlab/suppor~1/r2020a/3p778c~1.ins/gnuarm~1.ins/win/bin/../lib/gcc/arm-none-eabi/7.2.1/thumb/v7e-m/fpv4-sp/hard\libgcc.a(_aeabi_uldivmod.o)
                0x00000b68                __aeabi_uldivmod
 .text          0x00000b98      0x2cc c:/progra~3/matlab/suppor~1/r2020a/3p778c~1.ins/gnuarm~1.ins/win/bin/../lib/gcc/arm-none-eabi/7.2.1/thumb/v7e-m/fpv4-sp/hard\libgcc.a(_udivmoddi4.o)
                0x00000b98                __udivmoddi4
 .text          0x00000e64      0x9ec c:/progra~3/matlab/suppor~1/r2020a/3p778c~1.ins/gnuarm~1.ins/win/bin/../lib/gcc/arm-none-eabi/7.2.1/thumb/v7e-m/fpv4-sp/hard\libgcc.a(unwind-arm.o)
                0x00001118                _Unwind_GetCFA
                0x0000111c                __gnu_Unwind_RaiseException
                0x0000117c                __gnu_Unwind_ForcedUnwind
                0x00001190                __gnu_Unwind_Resume
                0x000011d4                __gnu_Unwind_Resume_or_Rethrow
                0x000011e4                _Unwind_Complete
                0x000011e8                _Unwind_DeleteException
                0x000011f4                _Unwind_VRS_Get
                0x00001238                _Unwind_VRS_Set
                0x00001280                __gnu_Unwind_Backtrace
                0x000015c4                __aeabi_unwind_cpp_pr0
                0x000015c8                __aeabi_unwind_cpp_pr1
                0x000015cc                __aeabi_unwind_cpp_pr2
                0x000015d0                _Unwind_VRS_Pop
 .text          0x00001850      0x1ac c:/progra~3/matlab/suppor~1/r2020a/3p778c~1.ins/gnuarm~1.ins/win/bin/../lib/gcc/arm-none-eabi/7.2.1/thumb/v7e-m/fpv4-sp/hard\libgcc.a(libunwind.o)
                0x00001850                __restore_core_regs
                0x00001850                restore_core_regs
                0x00001868                __gnu_Unwind_Restore_VFP
                0x00001870                __gnu_Unwind_Save_VFP
                0x00001878                __gnu_Unwind_Restore_VFP_D
                0x00001880                __gnu_Unwind_Save_VFP_D
                0x00001888                __gnu_Unwind_Restore_VFP_D_16_to_31
                0x00001890                __gnu_Unwind_Save_VFP_D_16_to_31
                0x00001898                __gnu_Unwind_Restore_WMMXD
                0x000018dc                __gnu_Unwind_Save_WMMXD
                0x00001920                __gnu_Unwind_Restore_WMMXC
                0x00001934                __gnu_Unwind_Save_WMMXC
                0x00001948                ___Unwind_RaiseException
                0x00001948                _Unwind_RaiseException
                0x0000196c                _Unwind_Resume
                0x0000196c                ___Unwind_Resume
                0x00001990                _Unwind_Resume_or_Rethrow
                0x00001990                ___Unwind_Resume_or_Rethrow
                0x000019b4                _Unwind_ForcedUnwind
                0x000019b4                ___Unwind_ForcedUnwind
                0x000019d8                ___Unwind_Backtrace
                0x000019d8                _Unwind_Backtrace
 .text          0x000019fc      0x374 c:/progra~3/matlab/suppor~1/r2020a/3p778c~1.ins/gnuarm~1.ins/win/bin/../lib/gcc/arm-none-eabi/7.2.1/thumb/v7e-m/fpv4-sp/hard\libgcc.a(pr-support.o)
                0x00001a54                __gnu_unwind_execute
                0x00001d18                __gnu_unwind_frame
                0x00001d40                _Unwind_GetRegionStart
                0x00001d4c                _Unwind_GetLanguageSpecificData
                0x00001d60                _Unwind_GetDataRelBase
                0x00001d68                _Unwind_GetTextRelBase
 .text          0x00001d70        0x4 c:/progra~3/matlab/suppor~1/r2020a/3p778c~1.ins/gnuarm~1.ins/win/bin/../lib/gcc/arm-none-eabi/7.2.1/thumb/v7e-m/fpv4-sp/hard\libgcc.a(_dvmd_tls.o)
                0x00001d70                __aeabi_idiv0
                0x00001d70                __aeabi_ldiv0
 .text          0x00001d74      0x134 c:/progra~3/matlab/suppor~1/r2020a/3p778c~1.ins/gnuarm~1.ins/win/bin/../lib/gcc/arm-none-eabi/7.2.1/../../../../arm-none-eabi/lib/thumb/v7e-m/fpv4-sp/hard\libg.a(lib_a-memcpy.o)
                0x00001d74                memcpy
 *fill*         0x00001ea8        0x8 
 .text          0x00001eb0       0xa0 c:/progra~3/matlab/suppor~1/r2020a/3p778c~1.ins/gnuarm~1.ins/win/bin/../lib/gcc/arm-none-eabi/7.2.1/../../../../arm-none-eabi/lib/thumb/v7e-m/fpv4-sp/hard\libg.a(lib_a-memchr.o)
                0x00001eb0                memchr
 *fill*         0x00001f50       0x30 
 .text          0x00001f80       0xdc c:/progra~3/matlab/suppor~1/r2020a/3p778c~1.ins/gnuarm~1.ins/win/bin/../lib/gcc/arm-none-eabi/7.2.1/../../../../arm-none-eabi/lib/thumb/v7e-m/fpv4-sp/hard\libg.a(lib_a-strlen.o)
                0x00001f80                strlen
 *(.text*)
 .text.PORT_HAL_SetMuxMode
                0x0000205c       0x58 MW_PWM.o
 .text.FTM_HAL_SetClockSource
                0x000020b4       0x2e MW_PWM.o
 *fill*         0x000020e2        0x2 
 .text.MW_PWM_Open
                0x000020e4      0x164 MW_PWM.o
                0x000020e4                MW_PWM_Open
 .text.MW_PWM_Start
                0x00002248       0x14 MW_PWM.o
                0x00002248                MW_PWM_Start
 .text.MW_PWM_SetDutyCycle
                0x0000225c       0x7c MW_PWM.o
                0x0000225c                MW_PWM_SetDutyCycle
 .text.MW_PWM_Stop
                0x000022d8       0x2c MW_PWM.o
                0x000022d8                MW_PWM_Stop
 .text.MW_PWM_Close
                0x00002304       0x14 MW_PWM.o
                0x00002304                MW_PWM_Close
 .text.MW_digitalIO_open
                0x00002318       0xe0 MW_digitalIO.o
                0x00002318                MW_digitalIO_open
 .text.MW_digitalIO_read
                0x000023f8       0x70 MW_digitalIO.o
                0x000023f8                MW_digitalIO_read
 .text.MW_digitalIO_write
                0x00002468       0x7e MW_digitalIO.o
                0x00002468                MW_digitalIO_write
 .text.MW_digitalIO_close
                0x000024e6       0x3c MW_digitalIO.o
                0x000024e6                MW_digitalIO_close
 *fill*         0x00002522        0x2 
 .text.Pacemaker_broadcast_VentSense
                0x00002524       0x30 Pacemaker.o
 .text.Pacemaker_broadcast_AtrSense
                0x00002554       0x30 Pacemaker.o
 .text.Pacemake_enter_internal_Default
                0x00002584       0x74 Pacemaker.o
 .text.Pacemaker_enter_internal_Sense
                0x000025f8       0x18 Pacemaker.o
 .text.Pacemaker_broadcast_paceEnd
                0x00002610       0x30 Pacemaker.o
 .text.Pacemaker_broadcast_chargePace
                0x00002640       0x30 Pacemaker.o
 .text.Pacema_enter_atomic_Discharging
                0x00002670       0x24 Pacemaker.o
 .text.Pacemaker_broadcast_A_Loop
                0x00002694       0x30 Pacemaker.o
 .text.Pacemaker_broadcast_paceStart
                0x000026c4       0x30 Pacemaker.o
 .text.Pacemaker_broadcast_V_Loop
                0x000026f4       0x30 Pacemaker.o
 .text.Pacemaker_Sense
                0x00002724      0x350 Pacemaker.o
 .text.Pacemaker_c2_Pacemaker
                0x00002a74      0x170 Pacemaker.o
 .text.Pacemaker_SystemCore_release
                0x00002be4       0x2a Pacemaker.o
 .text.Pacemaker_SystemCore_delete
                0x00002c0e       0x16 Pacemaker.o
 .text.matlabCodegenHandle_matlabCodeg
                0x00002c24       0x24 Pacemaker.o
 .text.Pacemaker_SystemCore_release_j0
                0x00002c48       0x2a Pacemaker.o
 .text.Pacemaker_SystemCore_delete_j0
                0x00002c72       0x16 Pacemaker.o
 .text.matlabCodegenHandle_matlabCo_j0
                0x00002c88       0x24 Pacemaker.o
 .text.Pacemake_SystemCore_release_j04
                0x00002cac       0x34 Pacemaker.o
 .text.Pacemaker_SystemCore_delete_j04
                0x00002ce0       0x16 Pacemaker.o
 .text.matlabCodegenHandle_matlabC_j04
                0x00002cf6       0x24 Pacemaker.o
 *fill*         0x00002d1a        0x2 
 .text.Pacemaker_step
                0x00002d1c      0x1e4 Pacemaker.o
                0x00002d1c                Pacemaker_step
 .text.Pacemaker_initialize
                0x00002f00      0x4f4 Pacemaker.o
                0x00002f00                Pacemaker_initialize
 .text.Pacemaker_terminate
                0x000033f4       0xa8 Pacemaker.o
                0x000033f4                Pacemaker_terminate
 .text.os_idle_demon
                0x0000349c        0x6 RTX_Conf_CM.o
                0x0000349c                os_idle_demon
 *fill*         0x000034a2        0x2 
 .text.os_error
                0x000034a4       0x2c RTX_Conf_CM.o
                0x000034a4                os_error
 .text.rt_init_robin
                0x000034d0        0x2 RTX_Conf_CM.o
                0x000034d0                rt_init_robin
 .text.rt_chk_robin
                0x000034d2        0x2 RTX_Conf_CM.o
                0x000034d2                rt_chk_robin
 .text.software_init_hook
                0x000034d4       0x34 RTX_Conf_CM.o
                0x000034d4                software_init_hook
 .text.PORT_HAL_SetMuxMode
                0x00003508       0x58 board.o
 .text.SMC_HAL_SetProtection
                0x00003560       0x1e board.o
 *fill*         0x0000357e        0x2 
 .text.BOARD_InitOsc0
                0x00003580       0x30 board.o
                0x00003580                BOARD_InitOsc0
 .text.BOARD_InitRtcOsc
                0x000035b0       0x28 board.o
                0x000035b0                BOARD_InitRtcOsc
 .text.BOARD_ClockInit
                0x000035d8       0x34 board.o
                0x000035d8                BOARD_ClockInit
 .text.schedulerTask
                0x0000360c       0x1c cmsis_rtos_init.o
                0x0000360c                schedulerTask
 .text.mw_initSignalEvents
                0x00003628       0x40 cmsis_rtos_init.o
                0x00003628                mw_initSignalEvents
 .text.mw_RTOSInit
                0x00003668       0x8c cmsis_rtos_init.o
                0x00003668                mw_RTOSInit
 .text.baseRateTask
                0x000036f4       0x7c ert_main.o
                0x000036f4                baseRateTask
 .text.terminateTask
                0x00003770       0x34 ert_main.o
                0x00003770                terminateTask
 .text.main     0x000037a4       0x48 ert_main.o
                0x000037a4                main
 .text.DMA0_IRQHandler
                0x000037ec        0xe fsl_edma_irq.o
                0x000037ec                DMA0_IRQHandler
 .text.DMA1_IRQHandler
                0x000037fa        0xe fsl_edma_irq.o
                0x000037fa                DMA1_IRQHandler
 .text.DMA2_IRQHandler
                0x00003808        0xe fsl_edma_irq.o
                0x00003808                DMA2_IRQHandler
 .text.DMA3_IRQHandler
                0x00003816        0xe fsl_edma_irq.o
                0x00003816                DMA3_IRQHandler
 .text.DMA4_IRQHandler
                0x00003824        0xe fsl_edma_irq.o
                0x00003824                DMA4_IRQHandler
 .text.DMA5_IRQHandler
                0x00003832        0xe fsl_edma_irq.o
                0x00003832                DMA5_IRQHandler
 .text.DMA6_IRQHandler
                0x00003840        0xe fsl_edma_irq.o
                0x00003840                DMA6_IRQHandler
 .text.DMA7_IRQHandler
                0x0000384e        0xe fsl_edma_irq.o
                0x0000384e                DMA7_IRQHandler
 .text.DMA8_IRQHandler
                0x0000385c        0xe fsl_edma_irq.o
                0x0000385c                DMA8_IRQHandler
 .text.DMA9_IRQHandler
                0x0000386a        0xe fsl_edma_irq.o
                0x0000386a                DMA9_IRQHandler
 .text.DMA10_IRQHandler
                0x00003878        0xe fsl_edma_irq.o
                0x00003878                DMA10_IRQHandler
 .text.DMA11_IRQHandler
                0x00003886        0xe fsl_edma_irq.o
                0x00003886                DMA11_IRQHandler
 .text.DMA12_IRQHandler
                0x00003894        0xe fsl_edma_irq.o
                0x00003894                DMA12_IRQHandler
 .text.DMA13_IRQHandler
                0x000038a2        0xe fsl_edma_irq.o
                0x000038a2                DMA13_IRQHandler
 .text.DMA14_IRQHandler
                0x000038b0        0xe fsl_edma_irq.o
                0x000038b0                DMA14_IRQHandler
 .text.DMA15_IRQHandler
                0x000038be        0xe fsl_edma_irq.o
                0x000038be                DMA15_IRQHandler
 .text.DMA_Error_IRQHandler
                0x000038cc        0xe fsl_edma_irq.o
                0x000038cc                DMA_Error_IRQHandler
 .text.UART0_RX_TX_IRQHandler
                0x000038da        0xe fsl_uart_irq.o
                0x000038da                UART0_RX_TX_IRQHandler
 .text.UART1_RX_TX_IRQHandler
                0x000038e8        0xe fsl_uart_irq.o
                0x000038e8                UART1_RX_TX_IRQHandler
 .text.UART2_RX_TX_IRQHandler
                0x000038f6        0xe fsl_uart_irq.o
                0x000038f6                UART2_RX_TX_IRQHandler
 .text.UART3_RX_TX_IRQHandler
                0x00003904        0xe fsl_uart_irq.o
                0x00003904                UART3_RX_TX_IRQHandler
 .text.UART4_RX_TX_IRQHandler
                0x00003912        0xe fsl_uart_irq.o
                0x00003912                UART4_RX_TX_IRQHandler
 .text.UART5_RX_TX_IRQHandler
                0x00003920        0xe fsl_uart_irq.o
                0x00003920                UART5_RX_TX_IRQHandler
 .text.hardware_init
                0x0000392e       0x30 hardware_init.o
                0x0000392e                hardware_init
 .text.NMI_Handler
                0x0000395e        0x6 irq_stub.o
                0x0000395e                NMI_Handler
 .text.HardFault_Handler
                0x00003964        0x6 irq_stub.o
                0x00003964                HardFault_Handler
 .text.MemManage_Handler
                0x0000396a        0x6 irq_stub.o
                0x0000396a                MemManage_Handler
 .text.BusFault_Handler
                0x00003970        0x6 irq_stub.o
                0x00003970                BusFault_Handler
 .text.UsageFault_Handler
                0x00003976        0x6 irq_stub.o
                0x00003976                UsageFault_Handler
 .text.DebugMon_Handler
                0x0000397c        0x6 irq_stub.o
                0x0000397c                DebugMon_Handler
 .text.MCM_IRQHandler
                0x00003982        0x6 irq_stub.o
                0x00003982                MCM_IRQHandler
 .text.FTFE_IRQHandler
                0x00003988        0x6 irq_stub.o
                0x00003988                FTFE_IRQHandler
 .text.Read_Collision_IRQHandler
                0x0000398e        0x6 irq_stub.o
                0x0000398e                Read_Collision_IRQHandler
 .text.LVD_LVW_IRQHandler
                0x00003994        0x6 irq_stub.o
                0x00003994                LVD_LVW_IRQHandler
 .text.LLWU_IRQHandler
                0x0000399a        0x6 irq_stub.o
                0x0000399a                LLWU_IRQHandler
 .text.WDOG_EWM_IRQHandler
                0x000039a0        0x6 irq_stub.o
                0x000039a0                WDOG_EWM_IRQHandler
 .text.RNG_IRQHandler
                0x000039a6        0x6 irq_stub.o
                0x000039a6                RNG_IRQHandler
 .text.I2C0_IRQHandler
                0x000039ac        0x6 irq_stub.o
                0x000039ac                I2C0_IRQHandler
 .text.I2C1_IRQHandler
                0x000039b2        0x6 irq_stub.o
                0x000039b2                I2C1_IRQHandler
 .text.SPI0_IRQHandler
                0x000039b8        0x6 irq_stub.o
                0x000039b8                SPI0_IRQHandler
 .text.SPI1_IRQHandler
                0x000039be        0x6 irq_stub.o
                0x000039be                SPI1_IRQHandler
 .text.I2S0_Tx_IRQHandler
                0x000039c4        0x6 irq_stub.o
                0x000039c4                I2S0_Tx_IRQHandler
 .text.I2S0_Rx_IRQHandler
                0x000039ca        0x6 irq_stub.o
                0x000039ca                I2S0_Rx_IRQHandler
 .text.UART0_LON_IRQHandler
                0x000039d0        0x6 irq_stub.o
                0x000039d0                UART0_LON_IRQHandler
 .text.UART0_ERR_IRQHandler
                0x000039d6        0x6 irq_stub.o
                0x000039d6                UART0_ERR_IRQHandler
 .text.UART1_ERR_IRQHandler
                0x000039dc        0x6 irq_stub.o
                0x000039dc                UART1_ERR_IRQHandler
 .text.UART2_ERR_IRQHandler
                0x000039e2        0x6 irq_stub.o
                0x000039e2                UART2_ERR_IRQHandler
 .text.UART3_ERR_IRQHandler
                0x000039e8        0x6 irq_stub.o
                0x000039e8                UART3_ERR_IRQHandler
 .text.ADC0_IRQHandler
                0x000039ee        0x6 irq_stub.o
                0x000039ee                ADC0_IRQHandler
 .text.CMP0_IRQHandler
                0x000039f4        0x6 irq_stub.o
                0x000039f4                CMP0_IRQHandler
 .text.CMP1_IRQHandler
                0x000039fa        0x6 irq_stub.o
                0x000039fa                CMP1_IRQHandler
 .text.FTM0_IRQHandler
                0x00003a00        0x6 irq_stub.o
                0x00003a00                FTM0_IRQHandler
 .text.FTM1_IRQHandler
                0x00003a06        0x6 irq_stub.o
                0x00003a06                FTM1_IRQHandler
 .text.FTM2_IRQHandler
                0x00003a0c        0x6 irq_stub.o
                0x00003a0c                FTM2_IRQHandler
 .text.CMT_IRQHandler
                0x00003a12        0x6 irq_stub.o
                0x00003a12                CMT_IRQHandler
 .text.RTC_IRQHandler
                0x00003a18        0x6 irq_stub.o
                0x00003a18                RTC_IRQHandler
 .text.RTC_Seconds_IRQHandler
                0x00003a1e        0x6 irq_stub.o
                0x00003a1e                RTC_Seconds_IRQHandler
 .text.PDB0_IRQHandler
                0x00003a24        0x6 irq_stub.o
                0x00003a24                PDB0_IRQHandler
 .text.USB0_IRQHandler
                0x00003a2a        0x6 irq_stub.o
                0x00003a2a                USB0_IRQHandler
 .text.USBDCD_IRQHandler
                0x00003a30        0x6 irq_stub.o
                0x00003a30                USBDCD_IRQHandler
 .text.Reserved71_IRQHandler
                0x00003a36        0x6 irq_stub.o
                0x00003a36                Reserved71_IRQHandler
 .text.DAC0_IRQHandler
                0x00003a3c        0x6 irq_stub.o
                0x00003a3c                DAC0_IRQHandler
 .text.MCG_IRQHandler
                0x00003a42        0x6 irq_stub.o
                0x00003a42                MCG_IRQHandler
 .text.LPTMR0_IRQHandler
                0x00003a48        0x6 irq_stub.o
                0x00003a48                LPTMR0_IRQHandler
 .text.PORTA_IRQHandler
                0x00003a4e        0x6 irq_stub.o
                0x00003a4e                PORTA_IRQHandler
 .text.PORTB_IRQHandler
                0x00003a54        0x6 irq_stub.o
                0x00003a54                PORTB_IRQHandler
 .text.PORTC_IRQHandler
                0x00003a5a        0x6 irq_stub.o
                0x00003a5a                PORTC_IRQHandler
 .text.PORTD_IRQHandler
                0x00003a60        0x6 irq_stub.o
                0x00003a60                PORTD_IRQHandler
 .text.PORTE_IRQHandler
                0x00003a66        0x6 irq_stub.o
                0x00003a66                PORTE_IRQHandler
 .text.SWI_IRQHandler
                0x00003a6c        0x6 irq_stub.o
                0x00003a6c                SWI_IRQHandler
 .text.SPI2_IRQHandler
                0x00003a72        0x6 irq_stub.o
                0x00003a72                SPI2_IRQHandler
 .text.UART4_ERR_IRQHandler
                0x00003a78        0x6 irq_stub.o
                0x00003a78                UART4_ERR_IRQHandler
 .text.UART5_ERR_IRQHandler
                0x00003a7e        0x6 irq_stub.o
                0x00003a7e                UART5_ERR_IRQHandler
 .text.CMP2_IRQHandler
                0x00003a84        0x6 irq_stub.o
                0x00003a84                CMP2_IRQHandler
 .text.FTM3_IRQHandler
                0x00003a8a        0x6 irq_stub.o
                0x00003a8a                FTM3_IRQHandler
 .text.DAC1_IRQHandler
                0x00003a90        0x6 irq_stub.o
                0x00003a90                DAC1_IRQHandler
 .text.ADC1_IRQHandler
                0x00003a96        0x6 irq_stub.o
                0x00003a96                ADC1_IRQHandler
 .text.I2C2_IRQHandler
                0x00003a9c        0x6 irq_stub.o
                0x00003a9c                I2C2_IRQHandler
 .text.CAN0_ORed_Message_buffer_IRQHandler
                0x00003aa2        0x6 irq_stub.o
                0x00003aa2                CAN0_ORed_Message_buffer_IRQHandler
 .text.CAN0_Bus_Off_IRQHandler
                0x00003aa8        0x6 irq_stub.o
                0x00003aa8                CAN0_Bus_Off_IRQHandler
 .text.CAN0_Error_IRQHandler
                0x00003aae        0x6 irq_stub.o
                0x00003aae                CAN0_Error_IRQHandler
 .text.CAN0_Tx_Warning_IRQHandler
                0x00003ab4        0x6 irq_stub.o
                0x00003ab4                CAN0_Tx_Warning_IRQHandler
 .text.CAN0_Rx_Warning_IRQHandler
                0x00003aba        0x6 irq_stub.o
                0x00003aba                CAN0_Rx_Warning_IRQHandler
 .text.CAN0_Wake_Up_IRQHandler
                0x00003ac0        0x6 irq_stub.o
                0x00003ac0                CAN0_Wake_Up_IRQHandler
 .text.mw_osSignalSet
                0x00003ac6       0x2e mw_signal.o
                0x00003ac6                mw_osSignalSet
 .text.mw_osSignalClear
                0x00003af4       0x26 mw_signal.o
                0x00003af4                mw_osSignalClear
 .text.mw_osSignalWaitEver
                0x00003b1a       0x20 mw_signal.o
                0x00003b1a                mw_osSignalWaitEver
 .text.mw_osSignalEventCreate
                0x00003b3a       0x20 mw_signal.o
                0x00003b3a                mw_osSignalEventCreate
 .text.mw_osSignalEventRelease
                0x00003b5a       0x26 mw_signal.o
                0x00003b5a                mw_osSignalEventRelease
 .text.mw_osSignalEventWaitEver
                0x00003b80       0x34 mw_signal.o
                0x00003b80                mw_osSignalEventWaitEver
 .text.mw_osThreadCreate
                0x00003bb4       0x52 mw_thread.o
                0x00003bb4                mw_osThreadCreate
 .text.mw_osThreadGetId
                0x00003c06        0xe mw_thread.o
                0x00003c06                mw_osThreadGetId
 .text.mw_osThreadExit
                0x00003c14       0x22 mw_thread.o
                0x00003c14                mw_osThreadExit
 .text.mw_osTimerCreate
                0x00003c36       0x4e mw_timer.o
                0x00003c36                mw_osTimerCreate
 .text.mw_osTimerStart
                0x00003c84       0x24 mw_timer.o
                0x00003c84                mw_osTimerStart
 .text._sbrk    0x00003ca8       0x5c sbrk.o
                0x00003ca8                _sbrk
 .text.init_data_bss
                0x00003d04       0xcc startup.o
                0x00003d04                init_data_bss
 .text.SystemInit
                0x00003dd0      0x1dc system_MK64F12.o
                0x00003dd0                SystemInit
 .text.SystemCoreClockUpdate
                0x00003fac      0x278 system_MK64F12.o
                0x00003fac                SystemCoreClockUpdate
 .text.osThreadExit
                0x00004224       0x18 C:/ProgramData/MATLAB/SupportPackages/R2020a/3P.instrset/cmsis.instrset/CMSIS/RTOS/RTX/LIB/GCC/libRTX_CM4.a(rt_cmsis.o)
                0x00004224                osThreadExit
 .text.svcKernelInitialize
                0x0000423c      0x100 C:/ProgramData/MATLAB/SupportPackages/R2020a/3P.instrset/cmsis.instrset/CMSIS/RTOS/RTX/LIB/GCC/libRTX_CM4.a(rt_cmsis.o)
                0x0000423c                svcKernelInitialize
 .text.svcKernelStart
                0x0000433c       0x4c C:/ProgramData/MATLAB/SupportPackages/R2020a/3P.instrset/cmsis.instrset/CMSIS/RTOS/RTX/LIB/GCC/libRTX_CM4.a(rt_cmsis.o)
                0x0000433c                svcKernelStart
 .text.osKernelInitialize
                0x00004388      0x120 C:/ProgramData/MATLAB/SupportPackages/R2020a/3P.instrset/cmsis.instrset/CMSIS/RTOS/RTX/LIB/GCC/libRTX_CM4.a(rt_cmsis.o)
                0x00004388                osKernelInitialize
 .text.osKernelStart
                0x000044a8       0x70 C:/ProgramData/MATLAB/SupportPackages/R2020a/3P.instrset/cmsis.instrset/CMSIS/RTOS/RTX/LIB/GCC/libRTX_CM4.a(rt_cmsis.o)
                0x000044a8                osKernelStart
 .text.svcThreadCreate
                0x00004518       0x7c C:/ProgramData/MATLAB/SupportPackages/R2020a/3P.instrset/cmsis.instrset/CMSIS/RTOS/RTX/LIB/GCC/libRTX_CM4.a(rt_cmsis.o)
                0x00004518                svcThreadCreate
 .text.svcThreadGetId
                0x00004594       0x18 C:/ProgramData/MATLAB/SupportPackages/R2020a/3P.instrset/cmsis.instrset/CMSIS/RTOS/RTX/LIB/GCC/libRTX_CM4.a(rt_cmsis.o)
                0x00004594                svcThreadGetId
 .text.svcThreadTerminate
                0x000045ac       0x44 C:/ProgramData/MATLAB/SupportPackages/R2020a/3P.instrset/cmsis.instrset/CMSIS/RTOS/RTX/LIB/GCC/libRTX_CM4.a(rt_cmsis.o)
                0x000045ac                svcThreadTerminate
 .text.osThreadCreate
                0x000045f0       0x9c C:/ProgramData/MATLAB/SupportPackages/R2020a/3P.instrset/cmsis.instrset/CMSIS/RTOS/RTX/LIB/GCC/libRTX_CM4.a(rt_cmsis.o)
                0x000045f0                osThreadCreate
 .text.osThreadGetId
                0x0000468c       0x18 C:/ProgramData/MATLAB/SupportPackages/R2020a/3P.instrset/cmsis.instrset/CMSIS/RTOS/RTX/LIB/GCC/libRTX_CM4.a(rt_cmsis.o)
                0x0000468c                osThreadGetId
 .text.osThreadTerminate
                0x000046a4       0x18 C:/ProgramData/MATLAB/SupportPackages/R2020a/3P.instrset/cmsis.instrset/CMSIS/RTOS/RTX/LIB/GCC/libRTX_CM4.a(rt_cmsis.o)
                0x000046a4                osThreadTerminate
 .text.svcTimerCreate
                0x000046bc       0x3c C:/ProgramData/MATLAB/SupportPackages/R2020a/3P.instrset/cmsis.instrset/CMSIS/RTOS/RTX/LIB/GCC/libRTX_CM4.a(rt_cmsis.o)
                0x000046bc                svcTimerCreate
 .text.svcTimerStart
                0x000046f8       0xc8 C:/ProgramData/MATLAB/SupportPackages/R2020a/3P.instrset/cmsis.instrset/CMSIS/RTOS/RTX/LIB/GCC/libRTX_CM4.a(rt_cmsis.o)
                0x000046f8                svcTimerStart
 .text.svcTimerCall
                0x000047c0       0x18 C:/ProgramData/MATLAB/SupportPackages/R2020a/3P.instrset/cmsis.instrset/CMSIS/RTOS/RTX/LIB/GCC/libRTX_CM4.a(rt_cmsis.o)
                0x000047c0                svcTimerCall
 .text.sysTimerTick
                0x000047d8       0xb4 C:/ProgramData/MATLAB/SupportPackages/R2020a/3P.instrset/cmsis.instrset/CMSIS/RTOS/RTX/LIB/GCC/libRTX_CM4.a(rt_cmsis.o)
                0x000047d8                sysTimerTick
 .text.osTimerCreate
                0x0000488c       0x64 C:/ProgramData/MATLAB/SupportPackages/R2020a/3P.instrset/cmsis.instrset/CMSIS/RTOS/RTX/LIB/GCC/libRTX_CM4.a(rt_cmsis.o)
                0x0000488c                osTimerCreate
 .text.osTimerStart
                0x000048f0       0x18 C:/ProgramData/MATLAB/SupportPackages/R2020a/3P.instrset/cmsis.instrset/CMSIS/RTOS/RTX/LIB/GCC/libRTX_CM4.a(rt_cmsis.o)
                0x000048f0                osTimerStart
 .text.osTimerThread
                0x00004908       0x40 C:/ProgramData/MATLAB/SupportPackages/R2020a/3P.instrset/cmsis.instrset/CMSIS/RTOS/RTX/LIB/GCC/libRTX_CM4.a(rt_cmsis.o)
                0x00004908                osTimerThread
 .text.svcSignalSet
                0x00004948       0x28 C:/ProgramData/MATLAB/SupportPackages/R2020a/3P.instrset/cmsis.instrset/CMSIS/RTOS/RTX/LIB/GCC/libRTX_CM4.a(rt_cmsis.o)
                0x00004948                svcSignalSet
 .text.svcSignalClear
                0x00004970       0x28 C:/ProgramData/MATLAB/SupportPackages/R2020a/3P.instrset/cmsis.instrset/CMSIS/RTOS/RTX/LIB/GCC/libRTX_CM4.a(rt_cmsis.o)
                0x00004970                svcSignalClear
 .text.svcSignalWait
                0x00004998       0xfc C:/ProgramData/MATLAB/SupportPackages/R2020a/3P.instrset/cmsis.instrset/CMSIS/RTOS/RTX/LIB/GCC/libRTX_CM4.a(rt_cmsis.o)
                0x00004998                svcSignalWait
 .text.osSignalSet
                0x00004a94       0x40 C:/ProgramData/MATLAB/SupportPackages/R2020a/3P.instrset/cmsis.instrset/CMSIS/RTOS/RTX/LIB/GCC/libRTX_CM4.a(rt_cmsis.o)
                0x00004a94                osSignalSet
 .text.osSignalClear
                0x00004ad4       0x1c C:/ProgramData/MATLAB/SupportPackages/R2020a/3P.instrset/cmsis.instrset/CMSIS/RTOS/RTX/LIB/GCC/libRTX_CM4.a(rt_cmsis.o)
                0x00004ad4                osSignalClear
 .text.osSignalWait
                0x00004af0       0x28 C:/ProgramData/MATLAB/SupportPackages/R2020a/3P.instrset/cmsis.instrset/CMSIS/RTOS/RTX/LIB/GCC/libRTX_CM4.a(rt_cmsis.o)
                0x00004af0                osSignalWait
 .text.svcMessageGet
                0x00004b18       0xa8 C:/ProgramData/MATLAB/SupportPackages/R2020a/3P.instrset/cmsis.instrset/CMSIS/RTOS/RTX/LIB/GCC/libRTX_CM4.a(rt_cmsis.o)
                0x00004b18                svcMessageGet
 .text.rt_init_stack
                0x00004bc0       0xa4 C:/ProgramData/MATLAB/SupportPackages/R2020a/3P.instrset/cmsis.instrset/CMSIS/RTOS/RTX/LIB/GCC/libRTX_CM4.a(hal_cm.o)
                0x00004bc0                rt_init_stack
 .text.rt_ret_val
                0x00004c64       0x14 C:/ProgramData/MATLAB/SupportPackages/R2020a/3P.instrset/cmsis.instrset/CMSIS/RTOS/RTX/LIB/GCC/libRTX_CM4.a(hal_cm.o)
                0x00004c64                rt_ret_val
 .text.rt_ret_val2
                0x00004c78       0x24 C:/ProgramData/MATLAB/SupportPackages/R2020a/3P.instrset/cmsis.instrset/CMSIS/RTOS/RTX/LIB/GCC/libRTX_CM4.a(hal_cm.o)
                0x00004c78                rt_ret_val2
 .text.dbg_init
                0x00004c9c       0x34 C:/ProgramData/MATLAB/SupportPackages/R2020a/3P.instrset/cmsis.instrset/CMSIS/RTOS/RTX/LIB/GCC/libRTX_CM4.a(hal_cm.o)
                0x00004c9c                dbg_init
 .text.dbg_task_notify
                0x00004cd0       0x2c C:/ProgramData/MATLAB/SupportPackages/R2020a/3P.instrset/cmsis.instrset/CMSIS/RTOS/RTX/LIB/GCC/libRTX_CM4.a(hal_cm.o)
                0x00004cd0                dbg_task_notify
 .text.dbg_task_switch
                0x00004cfc       0x14 C:/ProgramData/MATLAB/SupportPackages/R2020a/3P.instrset/cmsis.instrset/CMSIS/RTOS/RTX/LIB/GCC/libRTX_CM4.a(hal_cm.o)
                0x00004cfc                dbg_task_switch
 .text.rt_init_mem
                0x00004d10       0x1c C:/ProgramData/MATLAB/SupportPackages/R2020a/3P.instrset/cmsis.instrset/CMSIS/RTOS/RTX/LIB/GCC/libRTX_CM4.a(rt_memory.o)
                0x00004d10                rt_init_mem
 .text.rt_alloc_mem
                0x00004d2c       0x50 C:/ProgramData/MATLAB/SupportPackages/R2020a/3P.instrset/cmsis.instrset/CMSIS/RTOS/RTX/LIB/GCC/libRTX_CM4.a(rt_memory.o)
                0x00004d2c                rt_alloc_mem
 .text.rt_free_mem
                0x00004d7c       0x44 C:/ProgramData/MATLAB/SupportPackages/R2020a/3P.instrset/cmsis.instrset/CMSIS/RTOS/RTX/LIB/GCC/libRTX_CM4.a(rt_memory.o)
                0x00004d7c                rt_free_mem
 .text._init_box
                0x00004dc0       0x58 C:/ProgramData/MATLAB/SupportPackages/R2020a/3P.instrset/cmsis.instrset/CMSIS/RTOS/RTX/LIB/GCC/libRTX_CM4.a(rt_membox.o)
                0x00004dc0                _init_box
 .text.rt_alloc_box
                0x00004e18       0x1c C:/ProgramData/MATLAB/SupportPackages/R2020a/3P.instrset/cmsis.instrset/CMSIS/RTOS/RTX/LIB/GCC/libRTX_CM4.a(rt_membox.o)
                0x00004e18                rt_alloc_box
 .text.rt_free_box
                0x00004e34       0x28 C:/ProgramData/MATLAB/SupportPackages/R2020a/3P.instrset/cmsis.instrset/CMSIS/RTOS/RTX/LIB/GCC/libRTX_CM4.a(rt_membox.o)
                0x00004e34                rt_free_box
 .text.rt_sem_psh
                0x00004e5c       0x34 C:/ProgramData/MATLAB/SupportPackages/R2020a/3P.instrset/cmsis.instrset/CMSIS/RTOS/RTX/LIB/GCC/libRTX_CM4.a(rt_semaphore.o)
                0x00004e5c                rt_sem_psh
 .text.rt_mbx_init
                0x00004e90       0x1c C:/ProgramData/MATLAB/SupportPackages/R2020a/3P.instrset/cmsis.instrset/CMSIS/RTOS/RTX/LIB/GCC/libRTX_CM4.a(rt_mailbox.o)
                0x00004e90                rt_mbx_init
 .text.rt_mbx_wait
                0x00004eac       0xa8 C:/ProgramData/MATLAB/SupportPackages/R2020a/3P.instrset/cmsis.instrset/CMSIS/RTOS/RTX/LIB/GCC/libRTX_CM4.a(rt_mailbox.o)
                0x00004eac                rt_mbx_wait
 .text.rt_mbx_check
                0x00004f54        0x8 C:/ProgramData/MATLAB/SupportPackages/R2020a/3P.instrset/cmsis.instrset/CMSIS/RTOS/RTX/LIB/GCC/libRTX_CM4.a(rt_mailbox.o)
                0x00004f54                rt_mbx_check
 .text.isr_mbx_send
                0x00004f5c       0x10 C:/ProgramData/MATLAB/SupportPackages/R2020a/3P.instrset/cmsis.instrset/CMSIS/RTOS/RTX/LIB/GCC/libRTX_CM4.a(rt_mailbox.o)
                0x00004f5c                isr_mbx_send
 .text.rt_mbx_psh
                0x00004f6c       0xe4 C:/ProgramData/MATLAB/SupportPackages/R2020a/3P.instrset/cmsis.instrset/CMSIS/RTOS/RTX/LIB/GCC/libRTX_CM4.a(rt_mailbox.o)
                0x00004f6c                rt_mbx_psh
 .text.rt_put_prio
                0x00005050       0x50 C:/ProgramData/MATLAB/SupportPackages/R2020a/3P.instrset/cmsis.instrset/CMSIS/RTOS/RTX/LIB/GCC/libRTX_CM4.a(rt_list.o)
                0x00005050                rt_put_prio
 .text.rt_get_first
                0x000050a0       0x28 C:/ProgramData/MATLAB/SupportPackages/R2020a/3P.instrset/cmsis.instrset/CMSIS/RTOS/RTX/LIB/GCC/libRTX_CM4.a(rt_list.o)
                0x000050a0                rt_get_first
 .text.rt_put_rdy_first
                0x000050c8       0x14 C:/ProgramData/MATLAB/SupportPackages/R2020a/3P.instrset/cmsis.instrset/CMSIS/RTOS/RTX/LIB/GCC/libRTX_CM4.a(rt_list.o)
                0x000050c8                rt_put_rdy_first
 .text.rt_resort_prio
                0x000050dc       0x94 C:/ProgramData/MATLAB/SupportPackages/R2020a/3P.instrset/cmsis.instrset/CMSIS/RTOS/RTX/LIB/GCC/libRTX_CM4.a(rt_list.o)
                0x000050dc                rt_resort_prio
 .text.rt_put_dly
                0x00005170       0x60 C:/ProgramData/MATLAB/SupportPackages/R2020a/3P.instrset/cmsis.instrset/CMSIS/RTOS/RTX/LIB/GCC/libRTX_CM4.a(rt_list.o)
                0x00005170                rt_put_dly
 .text.rt_dec_dly
                0x000051d0       0xd8 C:/ProgramData/MATLAB/SupportPackages/R2020a/3P.instrset/cmsis.instrset/CMSIS/RTOS/RTX/LIB/GCC/libRTX_CM4.a(rt_list.o)
                0x000051d0                rt_dec_dly
 .text.rt_rmv_list
                0x000052a8       0x2c C:/ProgramData/MATLAB/SupportPackages/R2020a/3P.instrset/cmsis.instrset/CMSIS/RTOS/RTX/LIB/GCC/libRTX_CM4.a(rt_list.o)
                0x000052a8                rt_rmv_list
 .text.rt_rmv_dly
                0x000052d4       0x2c C:/ProgramData/MATLAB/SupportPackages/R2020a/3P.instrset/cmsis.instrset/CMSIS/RTOS/RTX/LIB/GCC/libRTX_CM4.a(rt_list.o)
                0x000052d4                rt_rmv_dly
 .text.rt_psq_enq
                0x00005300       0x44 C:/ProgramData/MATLAB/SupportPackages/R2020a/3P.instrset/cmsis.instrset/CMSIS/RTOS/RTX/LIB/GCC/libRTX_CM4.a(rt_list.o)
                0x00005300                rt_psq_enq
 .text.rt_evt_wait
                0x00005344       0x4c C:/ProgramData/MATLAB/SupportPackages/R2020a/3P.instrset/cmsis.instrset/CMSIS/RTOS/RTX/LIB/GCC/libRTX_CM4.a(rt_event.o)
                0x00005344                rt_evt_wait
 .text.rt_evt_set
                0x00005390       0x58 C:/ProgramData/MATLAB/SupportPackages/R2020a/3P.instrset/cmsis.instrset/CMSIS/RTOS/RTX/LIB/GCC/libRTX_CM4.a(rt_event.o)
                0x00005390                rt_evt_set
 .text.rt_evt_clr
                0x000053e8       0x18 C:/ProgramData/MATLAB/SupportPackages/R2020a/3P.instrset/cmsis.instrset/CMSIS/RTOS/RTX/LIB/GCC/libRTX_CM4.a(rt_event.o)
                0x000053e8                rt_evt_clr
 .text.isr_evt_set
                0x00005400       0x24 C:/ProgramData/MATLAB/SupportPackages/R2020a/3P.instrset/cmsis.instrset/CMSIS/RTOS/RTX/LIB/GCC/libRTX_CM4.a(rt_event.o)
                0x00005400                isr_evt_set
 .text.rt_evt_psh
                0x00005424       0x50 C:/ProgramData/MATLAB/SupportPackages/R2020a/3P.instrset/cmsis.instrset/CMSIS/RTOS/RTX/LIB/GCC/libRTX_CM4.a(rt_event.o)
                0x00005424                rt_evt_psh
 .text.rt_psh_req
                0x00005474       0x20 C:/ProgramData/MATLAB/SupportPackages/R2020a/3P.instrset/cmsis.instrset/CMSIS/RTOS/RTX/LIB/GCC/libRTX_CM4.a(rt_system.o)
                0x00005474                rt_psh_req
 .text.rt_pop_req
                0x00005494       0x78 C:/ProgramData/MATLAB/SupportPackages/R2020a/3P.instrset/cmsis.instrset/CMSIS/RTOS/RTX/LIB/GCC/libRTX_CM4.a(rt_system.o)
                0x00005494                rt_pop_req
 .text.os_tick_init
                0x0000550c       0x40 C:/ProgramData/MATLAB/SupportPackages/R2020a/3P.instrset/cmsis.instrset/CMSIS/RTOS/RTX/LIB/GCC/libRTX_CM4.a(rt_system.o)
                0x0000550c                os_tick_init
 .text.os_tick_irqack
                0x0000554c        0x4 C:/ProgramData/MATLAB/SupportPackages/R2020a/3P.instrset/cmsis.instrset/CMSIS/RTOS/RTX/LIB/GCC/libRTX_CM4.a(rt_system.o)
                0x0000554c                os_tick_irqack
 .text.rt_systick
                0x00005550       0x3c C:/ProgramData/MATLAB/SupportPackages/R2020a/3P.instrset/cmsis.instrset/CMSIS/RTOS/RTX/LIB/GCC/libRTX_CM4.a(rt_system.o)
                0x00005550                rt_systick
 .text.rt_stk_check
                0x0000558c       0x24 C:/ProgramData/MATLAB/SupportPackages/R2020a/3P.instrset/cmsis.instrset/CMSIS/RTOS/RTX/LIB/GCC/libRTX_CM4.a(rt_system.o)
                0x0000558c                rt_stk_check
 .text.rt_switch_req
                0x000055b0       0x24 C:/ProgramData/MATLAB/SupportPackages/R2020a/3P.instrset/cmsis.instrset/CMSIS/RTOS/RTX/LIB/GCC/libRTX_CM4.a(rt_task.o)
                0x000055b0                rt_switch_req
 .text.rt_dispatch
                0x000055d4       0x7c C:/ProgramData/MATLAB/SupportPackages/R2020a/3P.instrset/cmsis.instrset/CMSIS/RTOS/RTX/LIB/GCC/libRTX_CM4.a(rt_task.o)
                0x000055d4                rt_dispatch
 .text.rt_block
                0x00005650       0x50 C:/ProgramData/MATLAB/SupportPackages/R2020a/3P.instrset/cmsis.instrset/CMSIS/RTOS/RTX/LIB/GCC/libRTX_CM4.a(rt_task.o)
                0x00005650                rt_block
 .text.rt_tsk_self
                0x000056a0       0x10 C:/ProgramData/MATLAB/SupportPackages/R2020a/3P.instrset/cmsis.instrset/CMSIS/RTOS/RTX/LIB/GCC/libRTX_CM4.a(rt_task.o)
                0x000056a0                rt_tsk_self
 .text.rt_tsk_prio
                0x000056b0       0xf8 C:/ProgramData/MATLAB/SupportPackages/R2020a/3P.instrset/cmsis.instrset/CMSIS/RTOS/RTX/LIB/GCC/libRTX_CM4.a(rt_task.o)
                0x000056b0                rt_tsk_prio
 .text.rt_tsk_create
                0x000057a8      0x110 C:/ProgramData/MATLAB/SupportPackages/R2020a/3P.instrset/cmsis.instrset/CMSIS/RTOS/RTX/LIB/GCC/libRTX_CM4.a(rt_task.o)
                0x000057a8                rt_tsk_create
 .text.rt_tsk_delete
                0x000058b8      0x1c4 C:/ProgramData/MATLAB/SupportPackages/R2020a/3P.instrset/cmsis.instrset/CMSIS/RTOS/RTX/LIB/GCC/libRTX_CM4.a(rt_task.o)
                0x000058b8                rt_tsk_delete
 .text.rt_sys_init
                0x00005a7c       0xec C:/ProgramData/MATLAB/SupportPackages/R2020a/3P.instrset/cmsis.instrset/CMSIS/RTOS/RTX/LIB/GCC/libRTX_CM4.a(rt_task.o)
                0x00005a7c                rt_sys_init
 .text.rt_sys_start
                0x00005b68       0x8c C:/ProgramData/MATLAB/SupportPackages/R2020a/3P.instrset/cmsis.instrset/CMSIS/RTOS/RTX/LIB/GCC/libRTX_CM4.a(rt_task.o)
                0x00005b68                rt_sys_start
 .text.OSA_TimeInit
                0x00005bf4       0x44 C:/ProgramData/MATLAB/SupportPackages/R2020a/toolbox/target/supportpackages/freedomk64f/src/ksdk_armgcc_lib/bm/libksdk_platform.a(fsl_os_abstraction_bm.o)
                0x00005bf4                OSA_TimeInit
 .text.OSA_SemaPost
                0x00005c38       0x3c C:/ProgramData/MATLAB/SupportPackages/R2020a/toolbox/target/supportpackages/freedomk64f/src/ksdk_armgcc_lib/bm/libksdk_platform.a(fsl_os_abstraction_bm.o)
                0x00005c38                OSA_SemaPost
 .text.task_init
                0x00005c74       0x38 C:/ProgramData/MATLAB/SupportPackages/R2020a/toolbox/target/supportpackages/freedomk64f/src/ksdk_armgcc_lib/bm/libksdk_platform.a(fsl_os_abstraction_bm.o)
                0x00005c74                task_init
 .text.OSA_Init
                0x00005cac        0xe C:/ProgramData/MATLAB/SupportPackages/R2020a/toolbox/target/supportpackages/freedomk64f/src/ksdk_armgcc_lib/bm/libksdk_platform.a(fsl_os_abstraction_bm.o)
                0x00005cac                OSA_Init
 *fill*         0x00005cba        0x2 
 .text.CLOCK_SYS_SetMcgPeeToFbe
                0x00005cbc       0x34 C:/ProgramData/MATLAB/SupportPackages/R2020a/toolbox/target/supportpackages/freedomk64f/src/ksdk_armgcc_lib/bm/libksdk_platform.a(fsl_clock_manager.o)
 .text.CLOCK_SYS_SetMcgMode
                0x00005cf0      0x124 C:/ProgramData/MATLAB/SupportPackages/R2020a/toolbox/target/supportpackages/freedomk64f/src/ksdk_armgcc_lib/bm/libksdk_platform.a(fsl_clock_manager.o)
                0x00005cf0                CLOCK_SYS_SetMcgMode
 .text.CLOCK_SYS_SetOscerConfigration
                0x00005e14       0x1c C:/ProgramData/MATLAB/SupportPackages/R2020a/toolbox/target/supportpackages/freedomk64f/src/ksdk_armgcc_lib/bm/libksdk_platform.a(fsl_clock_manager.o)
                0x00005e14                CLOCK_SYS_SetOscerConfigration
 .text.CLOCK_SYS_OscInit
                0x00005e30       0x9c C:/ProgramData/MATLAB/SupportPackages/R2020a/toolbox/target/supportpackages/freedomk64f/src/ksdk_armgcc_lib/bm/libksdk_platform.a(fsl_clock_manager.o)
                0x00005e30                CLOCK_SYS_OscInit
 .text.CLOCK_SYS_RtcOscInit
                0x00005ecc       0x68 C:/ProgramData/MATLAB/SupportPackages/R2020a/toolbox/target/supportpackages/freedomk64f/src/ksdk_armgcc_lib/bm/libksdk_platform.a(fsl_clock_manager.o)
                0x00005ecc                CLOCK_SYS_RtcOscInit
 .text.SIM_HAL_EnableClock.constprop.10
                0x00005f34       0x1c C:/ProgramData/MATLAB/SupportPackages/R2020a/toolbox/target/supportpackages/freedomk64f/src/ksdk_armgcc_lib/bm/libksdk_platform.a(fsl_clock_MK64F12.o)
 .text.CLOCK_SYS_GetCoreClockFreq
                0x00005f50       0x24 C:/ProgramData/MATLAB/SupportPackages/R2020a/toolbox/target/supportpackages/freedomk64f/src/ksdk_armgcc_lib/bm/libksdk_platform.a(fsl_clock_MK64F12.o)
                0x00005f50                CLOCK_SYS_GetCoreClockFreq
 .text.CLOCK_SYS_SetConfiguration
                0x00005f74       0x94 C:/ProgramData/MATLAB/SupportPackages/R2020a/toolbox/target/supportpackages/freedomk64f/src/ksdk_armgcc_lib/bm/libksdk_platform.a(fsl_clock_MK64F12.o)
                0x00005f74                CLOCK_SYS_SetConfiguration
 .text.CLOCK_SYS_FllStableDelay
                0x00006008       0x1a C:/ProgramData/MATLAB/SupportPackages/R2020a/toolbox/target/supportpackages/freedomk64f/src/ksdk_armgcc_lib/bm/libksdk_platform.a(fsl_clock_MK64F12.o)
 *fill*         0x00006022        0x2 
 .text.CLOCK_SYS_GetBusClockFreq
                0x00006024       0x24 C:/ProgramData/MATLAB/SupportPackages/R2020a/toolbox/target/supportpackages/freedomk64f/src/ksdk_armgcc_lib/bm/libksdk_platform.a(fsl_clock_MK64F12.o)
                0x00006024                CLOCK_SYS_GetBusClockFreq
 .text.CLOCK_SYS_GetFtmExternalFreq
                0x00006048       0x20 C:/ProgramData/MATLAB/SupportPackages/R2020a/toolbox/target/supportpackages/freedomk64f/src/ksdk_armgcc_lib/bm/libksdk_platform.a(fsl_clock_MK64F12.o)
                0x00006048                CLOCK_SYS_GetFtmExternalFreq
 .text.CLOCK_SYS_EnablePortClock
                0x00006068       0x30 C:/ProgramData/MATLAB/SupportPackages/R2020a/toolbox/target/supportpackages/freedomk64f/src/ksdk_armgcc_lib/bm/libksdk_platform.a(fsl_clock_MK64F12.o)
                0x00006068                CLOCK_SYS_EnablePortClock
 .text.CLOCK_SYS_EnableFtmClock
                0x00006098       0x30 C:/ProgramData/MATLAB/SupportPackages/R2020a/toolbox/target/supportpackages/freedomk64f/src/ksdk_armgcc_lib/bm/libksdk_platform.a(fsl_clock_MK64F12.o)
                0x00006098                CLOCK_SYS_EnableFtmClock
 .text.INT_SYS_EnableIRQGlobal
                0x000060c8       0x14 C:/ProgramData/MATLAB/SupportPackages/R2020a/toolbox/target/supportpackages/freedomk64f/src/ksdk_armgcc_lib/bm/libksdk_platform.a(fsl_interrupt_manager.o)
                0x000060c8                INT_SYS_EnableIRQGlobal
 .text.INT_SYS_DisableIRQGlobal
                0x000060dc       0x10 C:/ProgramData/MATLAB/SupportPackages/R2020a/toolbox/target/supportpackages/freedomk64f/src/ksdk_armgcc_lib/bm/libksdk_platform.a(fsl_interrupt_manager.o)
                0x000060dc                INT_SYS_DisableIRQGlobal
 .text.EDMA_DRV_IRQHandler
                0x000060ec       0x30 C:/ProgramData/MATLAB/SupportPackages/R2020a/toolbox/target/supportpackages/freedomk64f/src/ksdk_armgcc_lib/bm/libksdk_platform.a(fsl_edma_driver.o)
                0x000060ec                EDMA_DRV_IRQHandler
 .text.EDMA_DRV_ErrorIRQHandler
                0x0000611c       0x88 C:/ProgramData/MATLAB/SupportPackages/R2020a/toolbox/target/supportpackages/freedomk64f/src/ksdk_armgcc_lib/bm/libksdk_platform.a(fsl_edma_driver.o)
                0x0000611c                EDMA_DRV_ErrorIRQHandler
 .text.FTM_HAL_SetClockSource
                0x000061a4       0x12 C:/ProgramData/MATLAB/SupportPackages/R2020a/toolbox/target/supportpackages/freedomk64f/src/ksdk_armgcc_lib/bm/libksdk_platform.a(fsl_ftm_driver.o)
 *fill*         0x000061b6        0x2 
 .text.unlikely.FTM_HAL_SetChnCountVal.part.2
                0x000061b8       0x1c C:/ProgramData/MATLAB/SupportPackages/R2020a/toolbox/target/supportpackages/freedomk64f/src/ksdk_armgcc_lib/bm/libksdk_platform.a(fsl_ftm_driver.o)
 .text.FTM_DRV_Init
                0x000061d4      0x108 C:/ProgramData/MATLAB/SupportPackages/R2020a/toolbox/target/supportpackages/freedomk64f/src/ksdk_armgcc_lib/bm/libksdk_platform.a(fsl_ftm_driver.o)
                0x000061d4                FTM_DRV_Init
 .text.FTM_DRV_SetClock
                0x000062dc       0x54 C:/ProgramData/MATLAB/SupportPackages/R2020a/toolbox/target/supportpackages/freedomk64f/src/ksdk_armgcc_lib/bm/libksdk_platform.a(fsl_ftm_driver.o)
                0x000062dc                FTM_DRV_SetClock
 .text.FTM_DRV_GetClock
                0x00006330       0x68 C:/ProgramData/MATLAB/SupportPackages/R2020a/toolbox/target/supportpackages/freedomk64f/src/ksdk_armgcc_lib/bm/libksdk_platform.a(fsl_ftm_driver.o)
                0x00006330                FTM_DRV_GetClock
 .text.FTM_DRV_PwmStart
                0x00006398      0x1c8 C:/ProgramData/MATLAB/SupportPackages/R2020a/toolbox/target/supportpackages/freedomk64f/src/ksdk_armgcc_lib/bm/libksdk_platform.a(fsl_ftm_driver.o)
                0x00006398                FTM_DRV_PwmStart
 .text.unlikely.PORT_HAL_SetMuxMode.part.0
                0x00006560       0x1c C:/ProgramData/MATLAB/SupportPackages/R2020a/toolbox/target/supportpackages/freedomk64f/src/ksdk_armgcc_lib/bm/libksdk_platform.a(fsl_gpio_driver.o)
 .text.GPIO_DRV_InputPinInit
                0x0000657c       0xe0 C:/ProgramData/MATLAB/SupportPackages/R2020a/toolbox/target/supportpackages/freedomk64f/src/ksdk_armgcc_lib/bm/libksdk_platform.a(fsl_gpio_driver.o)
                0x0000657c                GPIO_DRV_InputPinInit
 .text.GPIO_DRV_OutputPinInit
                0x0000665c       0x70 C:/ProgramData/MATLAB/SupportPackages/R2020a/toolbox/target/supportpackages/freedomk64f/src/ksdk_armgcc_lib/bm/libksdk_platform.a(fsl_gpio_driver.o)
                0x0000665c                GPIO_DRV_OutputPinInit
 .text.GPIO_DRV_WritePinOutput
                0x000066cc       0x1c C:/ProgramData/MATLAB/SupportPackages/R2020a/toolbox/target/supportpackages/freedomk64f/src/ksdk_armgcc_lib/bm/libksdk_platform.a(fsl_gpio_driver.o)
                0x000066cc                GPIO_DRV_WritePinOutput
 .text.GPIO_DRV_ReadPinInput
                0x000066e8       0x3c C:/ProgramData/MATLAB/SupportPackages/R2020a/toolbox/target/supportpackages/freedomk64f/src/ksdk_armgcc_lib/bm/libksdk_platform.a(fsl_gpio_driver.o)
                0x000066e8                GPIO_DRV_ReadPinInput
 .text.LPTMR_HAL_SetTimerWorkingMode
                0x00006724       0x3c C:/ProgramData/MATLAB/SupportPackages/R2020a/toolbox/target/supportpackages/freedomk64f/src/ksdk_armgcc_lib/bm/libksdk_platform.a(fsl_lptmr_hal.o)
                0x00006724                LPTMR_HAL_SetTimerWorkingMode
 .text.LPTMR_HAL_SetPrescalerMode
                0x00006760       0x1a C:/ProgramData/MATLAB/SupportPackages/R2020a/toolbox/target/supportpackages/freedomk64f/src/ksdk_armgcc_lib/bm/libksdk_platform.a(fsl_lptmr_hal.o)
                0x00006760                LPTMR_HAL_SetPrescalerMode
 *fill*         0x0000677a        0x2 
 .text.CLOCK_HAL_TestOscFreq
                0x0000677c       0x28 C:/ProgramData/MATLAB/SupportPackages/R2020a/toolbox/target/supportpackages/freedomk64f/src/ksdk_armgcc_lib/bm/libksdk_platform.a(fsl_mcg_hal.o)
                0x0000677c                CLOCK_HAL_TestOscFreq
 .text.CLOCK_HAL_GetMcgExternalClkFreq
                0x000067a4        0xa C:/ProgramData/MATLAB/SupportPackages/R2020a/toolbox/target/supportpackages/freedomk64f/src/ksdk_armgcc_lib/bm/libksdk_platform.a(fsl_mcg_hal.o)
 .text.CLOCK_HAL_TestFllExternalRefFreq
                0x000067ae       0x32 C:/ProgramData/MATLAB/SupportPackages/R2020a/toolbox/target/supportpackages/freedomk64f/src/ksdk_armgcc_lib/bm/libksdk_platform.a(fsl_mcg_hal.o)
                0x000067ae                CLOCK_HAL_TestFllExternalRefFreq
 .text.CLOCK_HAL_GetFllRefClk
                0x000067e0       0x3c C:/ProgramData/MATLAB/SupportPackages/R2020a/toolbox/target/supportpackages/freedomk64f/src/ksdk_armgcc_lib/bm/libksdk_platform.a(fsl_mcg_hal.o)
                0x000067e0                CLOCK_HAL_GetFllRefClk
 .text.CLOCK_HAL_TestFllFreq
                0x0000681c       0x34 C:/ProgramData/MATLAB/SupportPackages/R2020a/toolbox/target/supportpackages/freedomk64f/src/ksdk_armgcc_lib/bm/libksdk_platform.a(fsl_mcg_hal.o)
                0x0000681c                CLOCK_HAL_TestFllFreq
 .text.CLOCK_HAL_GetFllClk
                0x00006850       0x36 C:/ProgramData/MATLAB/SupportPackages/R2020a/toolbox/target/supportpackages/freedomk64f/src/ksdk_armgcc_lib/bm/libksdk_platform.a(fsl_mcg_hal.o)
                0x00006850                CLOCK_HAL_GetFllClk
 .text.CLOCK_HAL_UpdateFastClkInternalRefDiv
                0x00006886       0x52 C:/ProgramData/MATLAB/SupportPackages/R2020a/toolbox/target/supportpackages/freedomk64f/src/ksdk_armgcc_lib/bm/libksdk_platform.a(fsl_mcg_hal.o)
                0x00006886                CLOCK_HAL_UpdateFastClkInternalRefDiv
 .text.CLOCK_HAL_GetPll0Clk
                0x000068d8       0x3e C:/ProgramData/MATLAB/SupportPackages/R2020a/toolbox/target/supportpackages/freedomk64f/src/ksdk_armgcc_lib/bm/libksdk_platform.a(fsl_mcg_hal.o)
                0x000068d8                CLOCK_HAL_GetPll0Clk
 .text.CLOCK_HAL_EnablePll0InFllMode
                0x00006916       0x38 C:/ProgramData/MATLAB/SupportPackages/R2020a/toolbox/target/supportpackages/freedomk64f/src/ksdk_armgcc_lib/bm/libksdk_platform.a(fsl_mcg_hal.o)
                0x00006916                CLOCK_HAL_EnablePll0InFllMode
 *fill*         0x0000694e        0x2 
 .text.CLOCK_HAL_GetInternalRefClk
                0x00006950       0x3c C:/ProgramData/MATLAB/SupportPackages/R2020a/toolbox/target/supportpackages/freedomk64f/src/ksdk_armgcc_lib/bm/libksdk_platform.a(fsl_mcg_hal.o)
                0x00006950                CLOCK_HAL_GetInternalRefClk
 .text.CLOCK_HAL_GetOutClk
                0x0000698c       0x22 C:/ProgramData/MATLAB/SupportPackages/R2020a/toolbox/target/supportpackages/freedomk64f/src/ksdk_armgcc_lib/bm/libksdk_platform.a(fsl_mcg_hal.o)
                0x0000698c                CLOCK_HAL_GetOutClk
 .text.CLOCK_HAL_GetFixedFreqClk
                0x000069ae       0x20 C:/ProgramData/MATLAB/SupportPackages/R2020a/toolbox/target/supportpackages/freedomk64f/src/ksdk_armgcc_lib/bm/libksdk_platform.a(fsl_mcg_hal.o)
                0x000069ae                CLOCK_HAL_GetFixedFreqClk
 .text.CLOCK_HAL_SetOsc0Mode
                0x000069ce       0x24 C:/ProgramData/MATLAB/SupportPackages/R2020a/toolbox/target/supportpackages/freedomk64f/src/ksdk_armgcc_lib/bm/libksdk_platform.a(fsl_mcg_hal.o)
                0x000069ce                CLOCK_HAL_SetOsc0Mode
 .text.CLOCK_HAL_PrepareOsc
                0x000069f2       0x2c C:/ProgramData/MATLAB/SupportPackages/R2020a/toolbox/target/supportpackages/freedomk64f/src/ksdk_armgcc_lib/bm/libksdk_platform.a(fsl_mcg_hal_modes.o)
 .text.CLOCK_HAL_GetMcgMode
                0x00006a1e       0x72 C:/ProgramData/MATLAB/SupportPackages/R2020a/toolbox/target/supportpackages/freedomk64f/src/ksdk_armgcc_lib/bm/libksdk_platform.a(fsl_mcg_hal_modes.o)
                0x00006a1e                CLOCK_HAL_GetMcgMode
 .text.CLOCK_HAL_SetFbiMode
                0x00006a90       0xb8 C:/ProgramData/MATLAB/SupportPackages/R2020a/toolbox/target/supportpackages/freedomk64f/src/ksdk_armgcc_lib/bm/libksdk_platform.a(fsl_mcg_hal_modes.o)
                0x00006a90                CLOCK_HAL_SetFbiMode
 .text.CLOCK_HAL_SetFbeMode
                0x00006b48       0xea C:/ProgramData/MATLAB/SupportPackages/R2020a/toolbox/target/supportpackages/freedomk64f/src/ksdk_armgcc_lib/bm/libksdk_platform.a(fsl_mcg_hal_modes.o)
                0x00006b48                CLOCK_HAL_SetFbeMode
 *fill*         0x00006c32        0x2 
 .text.CLOCK_HAL_SetPbeMode
                0x00006c34       0xd0 C:/ProgramData/MATLAB/SupportPackages/R2020a/toolbox/target/supportpackages/freedomk64f/src/ksdk_armgcc_lib/bm/libksdk_platform.a(fsl_mcg_hal_modes.o)
                0x00006c34                CLOCK_HAL_SetPbeMode
 .text.OSC_HAL_SetCapacitor
                0x00006d04        0xe C:/ProgramData/MATLAB/SupportPackages/R2020a/toolbox/target/supportpackages/freedomk64f/src/ksdk_armgcc_lib/bm/libksdk_platform.a(fsl_osc_hal.o)
                0x00006d04                OSC_HAL_SetCapacitor
 .text.CLOCK_HAL_SetOutDiv
                0x00006d12       0x28 C:/ProgramData/MATLAB/SupportPackages/R2020a/toolbox/target/supportpackages/freedomk64f/src/ksdk_armgcc_lib/bm/libksdk_platform.a(fsl_sim_hal_MK64F12.o)
                0x00006d12                CLOCK_HAL_SetOutDiv
 *fill*         0x00006d3a        0x2 
 .text.SIM_HAL_GetFtmExternalClkPinMode
                0x00006d3c       0x50 C:/ProgramData/MATLAB/SupportPackages/R2020a/toolbox/target/supportpackages/freedomk64f/src/ksdk_armgcc_lib/bm/libksdk_platform.a(fsl_sim_hal_MK64F12.o)
                0x00006d3c                SIM_HAL_GetFtmExternalClkPinMode
 .text.UART_DRV_CompleteSendData
                0x00006d8c       0x54 C:/ProgramData/MATLAB/SupportPackages/R2020a/toolbox/target/supportpackages/freedomk64f/src/ksdk_armgcc_lib/bm/libksdk_platform.a(fsl_uart_driver.o)
 .text.UART_DRV_CompleteReceiveData
                0x00006de0       0x5c C:/ProgramData/MATLAB/SupportPackages/R2020a/toolbox/target/supportpackages/freedomk64f/src/ksdk_armgcc_lib/bm/libksdk_platform.a(fsl_uart_driver.o)
 .text.UART_DRV_IRQHandler
                0x00006e3c       0xdc C:/ProgramData/MATLAB/SupportPackages/R2020a/toolbox/target/supportpackages/freedomk64f/src/ksdk_armgcc_lib/bm/libksdk_platform.a(fsl_uart_driver.o)
                0x00006e3c                UART_DRV_IRQHandler
 .text.EDMA_HAL_SetDmaRequestCmd
                0x00006f18        0xa C:/ProgramData/MATLAB/SupportPackages/R2020a/toolbox/target/supportpackages/freedomk64f/src/ksdk_armgcc_lib/bm/libksdk_platform.a(fsl_edma_hal.o)
                0x00006f18                EDMA_HAL_SetDmaRequestCmd
 *fill*         0x00006f22        0x2 
 .text.unlikely.FTM_HAL_SetChnEdgeLevel.part.0
                0x00006f24       0x1c C:/ProgramData/MATLAB/SupportPackages/R2020a/toolbox/target/supportpackages/freedomk64f/src/ksdk_armgcc_lib/bm/libksdk_platform.a(fsl_ftm_hal.o)
 .text.FTM_HAL_Init
                0x00006f40       0x38 C:/ProgramData/MATLAB/SupportPackages/R2020a/toolbox/target/supportpackages/freedomk64f/src/ksdk_armgcc_lib/bm/libksdk_platform.a(fsl_ftm_hal.o)
                0x00006f40                FTM_HAL_Init
 .text.FTM_HAL_SetSyncMode
                0x00006f78       0x94 C:/ProgramData/MATLAB/SupportPackages/R2020a/toolbox/target/supportpackages/freedomk64f/src/ksdk_armgcc_lib/bm/libksdk_platform.a(fsl_ftm_hal.o)
                0x00006f78                FTM_HAL_SetSyncMode
 .text.FTM_HAL_Reset
                0x0000700c       0x3e C:/ProgramData/MATLAB/SupportPackages/R2020a/toolbox/target/supportpackages/freedomk64f/src/ksdk_armgcc_lib/bm/libksdk_platform.a(fsl_ftm_hal.o)
                0x0000700c                FTM_HAL_Reset
 .text.FTM_HAL_GetChnPairIndex
                0x0000704a       0x1e C:/ProgramData/MATLAB/SupportPackages/R2020a/toolbox/target/supportpackages/freedomk64f/src/ksdk_armgcc_lib/bm/libksdk_platform.a(fsl_ftm_hal.o)
                0x0000704a                FTM_HAL_GetChnPairIndex
 .text.FTM_HAL_EnablePwmMode
                0x00007068       0xcc C:/ProgramData/MATLAB/SupportPackages/R2020a/toolbox/target/supportpackages/freedomk64f/src/ksdk_armgcc_lib/bm/libksdk_platform.a(fsl_ftm_hal.o)
                0x00007068                FTM_HAL_EnablePwmMode
 .text.GPIO_HAL_SetPinDir
                0x00007134       0x34 C:/ProgramData/MATLAB/SupportPackages/R2020a/toolbox/target/supportpackages/freedomk64f/src/ksdk_armgcc_lib/bm/libksdk_platform.a(fsl_gpio_hal.o)
                0x00007134                GPIO_HAL_SetPinDir
 .text.GPIO_HAL_WritePinOutput
                0x00007168       0x30 C:/ProgramData/MATLAB/SupportPackages/R2020a/toolbox/target/supportpackages/freedomk64f/src/ksdk_armgcc_lib/bm/libksdk_platform.a(fsl_gpio_hal.o)
                0x00007168                GPIO_HAL_WritePinOutput
 .text.UART_HAL_Putchar
                0x00007198        0x6 C:/ProgramData/MATLAB/SupportPackages/R2020a/toolbox/target/supportpackages/freedomk64f/src/ksdk_armgcc_lib/bm/libksdk_platform.a(fsl_uart_hal.o)
                0x00007198                UART_HAL_Putchar
 .text.UART_HAL_Getchar
                0x0000719e        0x8 C:/ProgramData/MATLAB/SupportPackages/R2020a/toolbox/target/supportpackages/freedomk64f/src/ksdk_armgcc_lib/bm/libksdk_platform.a(fsl_uart_hal.o)
                0x0000719e                UART_HAL_Getchar
 .text.UART_HAL_SetIntMode
                0x000071a6       0x66 C:/ProgramData/MATLAB/SupportPackages/R2020a/toolbox/target/supportpackages/freedomk64f/src/ksdk_armgcc_lib/bm/libksdk_platform.a(fsl_uart_hal.o)
                0x000071a6                UART_HAL_SetIntMode
 .text.UART_HAL_GetStatusFlag
                0x0000720c       0x2a C:/ProgramData/MATLAB/SupportPackages/R2020a/toolbox/target/supportpackages/freedomk64f/src/ksdk_armgcc_lib/bm/libksdk_platform.a(fsl_uart_hal.o)
                0x0000720c                UART_HAL_GetStatusFlag
 .text.UART_HAL_ClearStatusFlag
                0x00007236       0x64 C:/ProgramData/MATLAB/SupportPackages/R2020a/toolbox/target/supportpackages/freedomk64f/src/ksdk_armgcc_lib/bm/libksdk_platform.a(fsl_uart_hal.o)
                0x00007236                UART_HAL_ClearStatusFlag
 *fill*         0x0000729a        0x2 
 .text.abort    0x0000729c       0x10 c:/progra~3/matlab/suppor~1/r2020a/3p778c~1.ins/gnuarm~1.ins/win/bin/../lib/gcc/arm-none-eabi/7.2.1/../../../../arm-none-eabi/lib/thumb/v7e-m/fpv4-sp/hard\libg.a(lib_a-abort.o)
                0x0000729c                abort
 .text.__assert_func
                0x000072ac       0x3c c:/progra~3/matlab/suppor~1/r2020a/3p778c~1.ins/gnuarm~1.ins/win/bin/../lib/gcc/arm-none-eabi/7.2.1/../../../../arm-none-eabi/lib/thumb/v7e-m/fpv4-sp/hard\libg.a(lib_a-assert.o)
                0x000072ac                __assert_func
 .text.atexit   0x000072e8        0xc c:/progra~3/matlab/suppor~1/r2020a/3p778c~1.ins/gnuarm~1.ins/win/bin/../lib/gcc/arm-none-eabi/7.2.1/../../../../arm-none-eabi/lib/thumb/v7e-m/fpv4-sp/hard\libg.a(lib_a-atexit.o)
                0x000072e8                atexit
 .text.__errno  0x000072f4        0xc c:/progra~3/matlab/suppor~1/r2020a/3p778c~1.ins/gnuarm~1.ins/win/bin/../lib/gcc/arm-none-eabi/7.2.1/../../../../arm-none-eabi/lib/thumb/v7e-m/fpv4-sp/hard\libg.a(lib_a-errno.o)
                0x000072f4                __errno
 .text.exit     0x00007300       0x20 c:/progra~3/matlab/suppor~1/r2020a/3p778c~1.ins/gnuarm~1.ins/win/bin/../lib/gcc/arm-none-eabi/7.2.1/../../../../arm-none-eabi/lib/thumb/v7e-m/fpv4-sp/hard\libg.a(lib_a-exit.o)
                0x00007300                exit
 .text.__libc_fini_array
                0x00007320       0x34 c:/progra~3/matlab/suppor~1/r2020a/3p778c~1.ins/gnuarm~1.ins/win/bin/../lib/gcc/arm-none-eabi/7.2.1/../../../../arm-none-eabi/lib/thumb/v7e-m/fpv4-sp/hard\libg.a(lib_a-fini.o)
                0x00007320                __libc_fini_array
 .text.fiprintf
                0x00007354       0x28 c:/progra~3/matlab/suppor~1/r2020a/3p778c~1.ins/gnuarm~1.ins/win/bin/../lib/gcc/arm-none-eabi/7.2.1/../../../../arm-none-eabi/lib/thumb/v7e-m/fpv4-sp/hard\libg.a(lib_a-fiprintf.o)
                0x00007354                fiprintf
 .text.__libc_init_array
                0x0000737c       0x48 c:/progra~3/matlab/suppor~1/r2020a/3p778c~1.ins/gnuarm~1.ins/win/bin/../lib/gcc/arm-none-eabi/7.2.1/../../../../arm-none-eabi/lib/thumb/v7e-m/fpv4-sp/hard\libg.a(lib_a-init.o)
                0x0000737c                __libc_init_array
 .text.malloc   0x000073c4       0x10 c:/progra~3/matlab/suppor~1/r2020a/3p778c~1.ins/gnuarm~1.ins/win/bin/../lib/gcc/arm-none-eabi/7.2.1/../../../../arm-none-eabi/lib/thumb/v7e-m/fpv4-sp/hard\libg.a(lib_a-malloc.o)
                0x000073c4                malloc
 .text.free     0x000073d4       0x10 c:/progra~3/matlab/suppor~1/r2020a/3p778c~1.ins/gnuarm~1.ins/win/bin/../lib/gcc/arm-none-eabi/7.2.1/../../../../arm-none-eabi/lib/thumb/v7e-m/fpv4-sp/hard\libg.a(lib_a-malloc.o)
                0x000073d4                free
 .text._malloc_r
                0x000073e4      0x548 c:/progra~3/matlab/suppor~1/r2020a/3p778c~1.ins/gnuarm~1.ins/win/bin/../lib/gcc/arm-none-eabi/7.2.1/../../../../arm-none-eabi/lib/thumb/v7e-m/fpv4-sp/hard\libg.a(lib_a-mallocr.o)
                0x000073e4                _malloc_r
 .text.memset   0x0000792c       0x94 c:/progra~3/matlab/suppor~1/r2020a/3p778c~1.ins/gnuarm~1.ins/win/bin/../lib/gcc/arm-none-eabi/7.2.1/../../../../arm-none-eabi/lib/thumb/v7e-m/fpv4-sp/hard\libg.a(lib_a-memset.o)
                0x0000792c                memset
 .text.__malloc_lock
                0x000079c0        0xc c:/progra~3/matlab/suppor~1/r2020a/3p778c~1.ins/gnuarm~1.ins/win/bin/../lib/gcc/arm-none-eabi/7.2.1/../../../../arm-none-eabi/lib/thumb/v7e-m/fpv4-sp/hard\libg.a(lib_a-mlock.o)
                0x000079c0                __malloc_lock
 .text.__malloc_unlock
                0x000079cc        0xc c:/progra~3/matlab/suppor~1/r2020a/3p778c~1.ins/gnuarm~1.ins/win/bin/../lib/gcc/arm-none-eabi/7.2.1/../../../../arm-none-eabi/lib/thumb/v7e-m/fpv4-sp/hard\libg.a(lib_a-mlock.o)
                0x000079cc                __malloc_unlock
 .text._sbrk_r  0x000079d8       0x24 c:/progra~3/matlab/suppor~1/r2020a/3p778c~1.ins/gnuarm~1.ins/win/bin/../lib/gcc/arm-none-eabi/7.2.1/../../../../arm-none-eabi/lib/thumb/v7e-m/fpv4-sp/hard\libg.a(lib_a-sbrkr.o)
                0x000079d8                _sbrk_r
 .text._raise_r
                0x000079fc       0x58 c:/progra~3/matlab/suppor~1/r2020a/3p778c~1.ins/gnuarm~1.ins/win/bin/../lib/gcc/arm-none-eabi/7.2.1/../../../../arm-none-eabi/lib/thumb/v7e-m/fpv4-sp/hard\libg.a(lib_a-signal.o)
                0x000079fc                _raise_r
 .text.raise    0x00007a54       0x10 c:/progra~3/matlab/suppor~1/r2020a/3p778c~1.ins/gnuarm~1.ins/win/bin/../lib/gcc/arm-none-eabi/7.2.1/../../../../arm-none-eabi/lib/thumb/v7e-m/fpv4-sp/hard\libg.a(lib_a-signal.o)
                0x00007a54                raise
 .text._kill_r  0x00007a64       0x28 c:/progra~3/matlab/suppor~1/r2020a/3p778c~1.ins/gnuarm~1.ins/win/bin/../lib/gcc/arm-none-eabi/7.2.1/../../../../arm-none-eabi/lib/thumb/v7e-m/fpv4-sp/hard\libg.a(lib_a-signalr.o)
                0x00007a64                _kill_r
 .text._getpid_r
                0x00007a8c        0x4 c:/progra~3/matlab/suppor~1/r2020a/3p778c~1.ins/gnuarm~1.ins/win/bin/../lib/gcc/arm-none-eabi/7.2.1/../../../../arm-none-eabi/lib/thumb/v7e-m/fpv4-sp/hard\libg.a(lib_a-signalr.o)
                0x00007a8c                _getpid_r
 .text.__sprint_r.part.0
                0x00007a90       0x78 c:/progra~3/matlab/suppor~1/r2020a/3p778c~1.ins/gnuarm~1.ins/win/bin/../lib/gcc/arm-none-eabi/7.2.1/../../../../arm-none-eabi/lib/thumb/v7e-m/fpv4-sp/hard\libg.a(lib_a-vfiprintf.o)
 .text._vfiprintf_r
                0x00007b08      0xc24 c:/progra~3/matlab/suppor~1/r2020a/3p778c~1.ins/gnuarm~1.ins/win/bin/../lib/gcc/arm-none-eabi/7.2.1/../../../../arm-none-eabi/lib/thumb/v7e-m/fpv4-sp/hard\libg.a(lib_a-vfiprintf.o)
                0x00007b08                _vfiprintf_r
 .text.__sbprintf
                0x0000872c       0x84 c:/progra~3/matlab/suppor~1/r2020a/3p778c~1.ins/gnuarm~1.ins/win/bin/../lib/gcc/arm-none-eabi/7.2.1/../../../../arm-none-eabi/lib/thumb/v7e-m/fpv4-sp/hard\libg.a(lib_a-vfiprintf.o)
 .text.__swsetup_r
                0x000087b0       0xcc c:/progra~3/matlab/suppor~1/r2020a/3p778c~1.ins/gnuarm~1.ins/win/bin/../lib/gcc/arm-none-eabi/7.2.1/../../../../arm-none-eabi/lib/thumb/v7e-m/fpv4-sp/hard\libg.a(lib_a-wsetup.o)
                0x000087b0                __swsetup_r
 .text.__register_exitproc
                0x0000887c       0xc0 c:/progra~3/matlab/suppor~1/r2020a/3p778c~1.ins/gnuarm~1.ins/win/bin/../lib/gcc/arm-none-eabi/7.2.1/../../../../arm-none-eabi/lib/thumb/v7e-m/fpv4-sp/hard\libg.a(lib_a-__atexit.o)
                0x0000887c                __register_exitproc
 .text.startup.register_fini
                0x0000893c       0x14 c:/progra~3/matlab/suppor~1/r2020a/3p778c~1.ins/gnuarm~1.ins/win/bin/../lib/gcc/arm-none-eabi/7.2.1/../../../../arm-none-eabi/lib/thumb/v7e-m/fpv4-sp/hard\libg.a(lib_a-__call_atexit.o)
 .text.__call_exitprocs
                0x00008950       0xe8 c:/progra~3/matlab/suppor~1/r2020a/3p778c~1.ins/gnuarm~1.ins/win/bin/../lib/gcc/arm-none-eabi/7.2.1/../../../../arm-none-eabi/lib/thumb/v7e-m/fpv4-sp/hard\libg.a(lib_a-__call_atexit.o)
                0x00008950                __call_exitprocs
 .text.__sflush_r
                0x00008a38      0x154 c:/progra~3/matlab/suppor~1/r2020a/3p778c~1.ins/gnuarm~1.ins/win/bin/../lib/gcc/arm-none-eabi/7.2.1/../../../../arm-none-eabi/lib/thumb/v7e-m/fpv4-sp/hard\libg.a(lib_a-fflush.o)
                0x00008a38                __sflush_r
 .text._fflush_r
                0x00008b8c       0x5c c:/progra~3/matlab/suppor~1/r2020a/3p778c~1.ins/gnuarm~1.ins/win/bin/../lib/gcc/arm-none-eabi/7.2.1/../../../../arm-none-eabi/lib/thumb/v7e-m/fpv4-sp/hard\libg.a(lib_a-fflush.o)
                0x00008b8c                _fflush_r
 .text.std      0x00008be8       0x50 c:/progra~3/matlab/suppor~1/r2020a/3p778c~1.ins/gnuarm~1.ins/win/bin/../lib/gcc/arm-none-eabi/7.2.1/../../../../arm-none-eabi/lib/thumb/v7e-m/fpv4-sp/hard\libg.a(lib_a-findfp.o)
 .text._cleanup_r
                0x00008c38        0xc c:/progra~3/matlab/suppor~1/r2020a/3p778c~1.ins/gnuarm~1.ins/win/bin/../lib/gcc/arm-none-eabi/7.2.1/../../../../arm-none-eabi/lib/thumb/v7e-m/fpv4-sp/hard\libg.a(lib_a-findfp.o)
                0x00008c38                _cleanup_r
 .text.__sinit  0x00008c44       0x58 c:/progra~3/matlab/suppor~1/r2020a/3p778c~1.ins/gnuarm~1.ins/win/bin/../lib/gcc/arm-none-eabi/7.2.1/../../../../arm-none-eabi/lib/thumb/v7e-m/fpv4-sp/hard\libg.a(lib_a-findfp.o)
                0x00008c44                __sinit
 .text.__sfp_lock_acquire
                0x00008c9c        0xc c:/progra~3/matlab/suppor~1/r2020a/3p778c~1.ins/gnuarm~1.ins/win/bin/../lib/gcc/arm-none-eabi/7.2.1/../../../../arm-none-eabi/lib/thumb/v7e-m/fpv4-sp/hard\libg.a(lib_a-findfp.o)
                0x00008c9c                __sfp_lock_acquire
 .text.__sfp_lock_release
                0x00008ca8        0xc c:/progra~3/matlab/suppor~1/r2020a/3p778c~1.ins/gnuarm~1.ins/win/bin/../lib/gcc/arm-none-eabi/7.2.1/../../../../arm-none-eabi/lib/thumb/v7e-m/fpv4-sp/hard\libg.a(lib_a-findfp.o)
                0x00008ca8                __sfp_lock_release
 .text.__fputwc
                0x00008cb4       0xa0 c:/progra~3/matlab/suppor~1/r2020a/3p778c~1.ins/gnuarm~1.ins/win/bin/../lib/gcc/arm-none-eabi/7.2.1/../../../../arm-none-eabi/lib/thumb/v7e-m/fpv4-sp/hard\libg.a(lib_a-fputwc.o)
                0x00008cb4                __fputwc
 .text._fputwc_r
                0x00008d54       0x64 c:/progra~3/matlab/suppor~1/r2020a/3p778c~1.ins/gnuarm~1.ins/win/bin/../lib/gcc/arm-none-eabi/7.2.1/../../../../arm-none-eabi/lib/thumb/v7e-m/fpv4-sp/hard\libg.a(lib_a-fputwc.o)
                0x00008d54                _fputwc_r
 .text._malloc_trim_r
                0x00008db8       0xa0 c:/progra~3/matlab/suppor~1/r2020a/3p778c~1.ins/gnuarm~1.ins/win/bin/../lib/gcc/arm-none-eabi/7.2.1/../../../../arm-none-eabi/lib/thumb/v7e-m/fpv4-sp/hard\libg.a(lib_a-freer.o)
                0x00008db8                _malloc_trim_r
 .text._free_r  0x00008e58      0x1e8 c:/progra~3/matlab/suppor~1/r2020a/3p778c~1.ins/gnuarm~1.ins/win/bin/../lib/gcc/arm-none-eabi/7.2.1/../../../../arm-none-eabi/lib/thumb/v7e-m/fpv4-sp/hard\libg.a(lib_a-freer.o)
                0x00008e58                _free_r
 .text.__sfvwrite_r
                0x00009040      0x2fc c:/progra~3/matlab/suppor~1/r2020a/3p778c~1.ins/gnuarm~1.ins/win/bin/../lib/gcc/arm-none-eabi/7.2.1/../../../../arm-none-eabi/lib/thumb/v7e-m/fpv4-sp/hard\libg.a(lib_a-fvwrite.o)
                0x00009040                __sfvwrite_r
 .text._fwalk_reent
                0x0000933c       0x54 c:/progra~3/matlab/suppor~1/r2020a/3p778c~1.ins/gnuarm~1.ins/win/bin/../lib/gcc/arm-none-eabi/7.2.1/../../../../arm-none-eabi/lib/thumb/v7e-m/fpv4-sp/hard\libg.a(lib_a-fwalk.o)
                0x0000933c                _fwalk_reent
 .text.__locale_mb_cur_max
                0x00009390       0x1c c:/progra~3/matlab/suppor~1/r2020a/3p778c~1.ins/gnuarm~1.ins/win/bin/../lib/gcc/arm-none-eabi/7.2.1/../../../../arm-none-eabi/lib/thumb/v7e-m/fpv4-sp/hard\libg.a(lib_a-locale.o)
                0x00009390                __locale_mb_cur_max
 .text.__retarget_lock_init_recursive
                0x000093ac        0x4 c:/progra~3/matlab/suppor~1/r2020a/3p778c~1.ins/gnuarm~1.ins/win/bin/../lib/gcc/arm-none-eabi/7.2.1/../../../../arm-none-eabi/lib/thumb/v7e-m/fpv4-sp/hard\libg.a(lib_a-lock.o)
                0x000093ac                __retarget_lock_init_recursive
 .text.__retarget_lock_close_recursive
                0x000093b0        0x4 c:/progra~3/matlab/suppor~1/r2020a/3p778c~1.ins/gnuarm~1.ins/win/bin/../lib/gcc/arm-none-eabi/7.2.1/../../../../arm-none-eabi/lib/thumb/v7e-m/fpv4-sp/hard\libg.a(lib_a-lock.o)
                0x000093b0                __retarget_lock_close_recursive
 .text.__retarget_lock_acquire_recursive
                0x000093b4        0x4 c:/progra~3/matlab/suppor~1/r2020a/3p778c~1.ins/gnuarm~1.ins/win/bin/../lib/gcc/arm-none-eabi/7.2.1/../../../../arm-none-eabi/lib/thumb/v7e-m/fpv4-sp/hard\libg.a(lib_a-lock.o)
                0x000093b4                __retarget_lock_acquire_recursive
 .text.__retarget_lock_release_recursive
                0x000093b8        0x4 c:/progra~3/matlab/suppor~1/r2020a/3p778c~1.ins/gnuarm~1.ins/win/bin/../lib/gcc/arm-none-eabi/7.2.1/../../../../arm-none-eabi/lib/thumb/v7e-m/fpv4-sp/hard\libg.a(lib_a-lock.o)
                0x000093b8                __retarget_lock_release_recursive
 .text.__swhatbuf_r
                0x000093bc       0x5c c:/progra~3/matlab/suppor~1/r2020a/3p778c~1.ins/gnuarm~1.ins/win/bin/../lib/gcc/arm-none-eabi/7.2.1/../../../../arm-none-eabi/lib/thumb/v7e-m/fpv4-sp/hard\libg.a(lib_a-makebuf.o)
                0x000093bc                __swhatbuf_r
 .text.__smakebuf_r
                0x00009418       0x94 c:/progra~3/matlab/suppor~1/r2020a/3p778c~1.ins/gnuarm~1.ins/win/bin/../lib/gcc/arm-none-eabi/7.2.1/../../../../arm-none-eabi/lib/thumb/v7e-m/fpv4-sp/hard\libg.a(lib_a-makebuf.o)
                0x00009418                __smakebuf_r
 .text.__ascii_mbtowc
                0x000094ac       0x2c c:/progra~3/matlab/suppor~1/r2020a/3p778c~1.ins/gnuarm~1.ins/win/bin/../lib/gcc/arm-none-eabi/7.2.1/../../../../arm-none-eabi/lib/thumb/v7e-m/fpv4-sp/hard\libg.a(lib_a-mbtowc_r.o)
                0x000094ac                __ascii_mbtowc
 .text.memmove  0x000094d8       0xc8 c:/progra~3/matlab/suppor~1/r2020a/3p778c~1.ins/gnuarm~1.ins/win/bin/../lib/gcc/arm-none-eabi/7.2.1/../../../../arm-none-eabi/lib/thumb/v7e-m/fpv4-sp/hard\libg.a(lib_a-memmove.o)
                0x000094d8                memmove
 .text._realloc_r
                0x000095a0      0x35c c:/progra~3/matlab/suppor~1/r2020a/3p778c~1.ins/gnuarm~1.ins/win/bin/../lib/gcc/arm-none-eabi/7.2.1/../../../../arm-none-eabi/lib/thumb/v7e-m/fpv4-sp/hard\libg.a(lib_a-reallocr.o)
                0x000095a0                _realloc_r
 .text.__sread  0x000098fc       0x24 c:/progra~3/matlab/suppor~1/r2020a/3p778c~1.ins/gnuarm~1.ins/win/bin/../lib/gcc/arm-none-eabi/7.2.1/../../../../arm-none-eabi/lib/thumb/v7e-m/fpv4-sp/hard\libg.a(lib_a-stdio.o)
                0x000098fc                __sread
 .text.__swrite
                0x00009920       0x3c c:/progra~3/matlab/suppor~1/r2020a/3p778c~1.ins/gnuarm~1.ins/win/bin/../lib/gcc/arm-none-eabi/7.2.1/../../../../arm-none-eabi/lib/thumb/v7e-m/fpv4-sp/hard\libg.a(lib_a-stdio.o)
                0x00009920                __swrite
 .text.__sseek  0x0000995c       0x20 c:/progra~3/matlab/suppor~1/r2020a/3p778c~1.ins/gnuarm~1.ins/win/bin/../lib/gcc/arm-none-eabi/7.2.1/../../../../arm-none-eabi/lib/thumb/v7e-m/fpv4-sp/hard\libg.a(lib_a-stdio.o)
                0x0000995c                __sseek
 .text.__sclose
                0x0000997c        0x8 c:/progra~3/matlab/suppor~1/r2020a/3p778c~1.ins/gnuarm~1.ins/win/bin/../lib/gcc/arm-none-eabi/7.2.1/../../../../arm-none-eabi/lib/thumb/v7e-m/fpv4-sp/hard\libg.a(lib_a-stdio.o)
                0x0000997c                __sclose
 .text.__swbuf_r
                0x00009984       0xb0 c:/progra~3/matlab/suppor~1/r2020a/3p778c~1.ins/gnuarm~1.ins/win/bin/../lib/gcc/arm-none-eabi/7.2.1/../../../../arm-none-eabi/lib/thumb/v7e-m/fpv4-sp/hard\libg.a(lib_a-wbuf.o)
                0x00009984                __swbuf_r
 .text._wcrtomb_r
                0x00009a34       0x50 c:/progra~3/matlab/suppor~1/r2020a/3p778c~1.ins/gnuarm~1.ins/win/bin/../lib/gcc/arm-none-eabi/7.2.1/../../../../arm-none-eabi/lib/thumb/v7e-m/fpv4-sp/hard\libg.a(lib_a-wcrtomb.o)
                0x00009a34                _wcrtomb_r
 .text.__ascii_wctomb
                0x00009a84       0x1c c:/progra~3/matlab/suppor~1/r2020a/3p778c~1.ins/gnuarm~1.ins/win/bin/../lib/gcc/arm-none-eabi/7.2.1/../../../../arm-none-eabi/lib/thumb/v7e-m/fpv4-sp/hard\libg.a(lib_a-wctomb_r.o)
                0x00009a84                __ascii_wctomb
 .text._write_r
                0x00009aa0       0x2c c:/progra~3/matlab/suppor~1/r2020a/3p778c~1.ins/gnuarm~1.ins/win/bin/../lib/gcc/arm-none-eabi/7.2.1/../../../../arm-none-eabi/lib/thumb/v7e-m/fpv4-sp/hard\libg.a(lib_a-writer.o)
                0x00009aa0                _write_r
 .text._close_r
                0x00009acc       0x24 c:/progra~3/matlab/suppor~1/r2020a/3p778c~1.ins/gnuarm~1.ins/win/bin/../lib/gcc/arm-none-eabi/7.2.1/../../../../arm-none-eabi/lib/thumb/v7e-m/fpv4-sp/hard\libg.a(lib_a-closer.o)
                0x00009acc                _close_r
 .text._fclose_r
                0x00009af0       0xd0 c:/progra~3/matlab/suppor~1/r2020a/3p778c~1.ins/gnuarm~1.ins/win/bin/../lib/gcc/arm-none-eabi/7.2.1/../../../../arm-none-eabi/lib/thumb/v7e-m/fpv4-sp/hard\libg.a(lib_a-fclose.o)
                0x00009af0                _fclose_r
 .text._fstat_r
                0x00009bc0       0x28 c:/progra~3/matlab/suppor~1/r2020a/3p778c~1.ins/gnuarm~1.ins/win/bin/../lib/gcc/arm-none-eabi/7.2.1/../../../../arm-none-eabi/lib/thumb/v7e-m/fpv4-sp/hard\libg.a(lib_a-fstatr.o)
                0x00009bc0                _fstat_r
 .text._isatty_r
                0x00009be8       0x24 c:/progra~3/matlab/suppor~1/r2020a/3p778c~1.ins/gnuarm~1.ins/win/bin/../lib/gcc/arm-none-eabi/7.2.1/../../../../arm-none-eabi/lib/thumb/v7e-m/fpv4-sp/hard\libg.a(lib_a-isattyr.o)
                0x00009be8                _isatty_r
 .text._lseek_r
                0x00009c0c       0x2c c:/progra~3/matlab/suppor~1/r2020a/3p778c~1.ins/gnuarm~1.ins/win/bin/../lib/gcc/arm-none-eabi/7.2.1/../../../../arm-none-eabi/lib/thumb/v7e-m/fpv4-sp/hard\libg.a(lib_a-lseekr.o)
                0x00009c0c                _lseek_r
 .text._read_r  0x00009c38       0x2c c:/progra~3/matlab/suppor~1/r2020a/3p778c~1.ins/gnuarm~1.ins/win/bin/../lib/gcc/arm-none-eabi/7.2.1/../../../../arm-none-eabi/lib/thumb/v7e-m/fpv4-sp/hard\libg.a(lib_a-readr.o)
                0x00009c38                _read_r
 .text._close   0x00009c64       0x10 c:/progra~3/matlab/suppor~1/r2020a/3p778c~1.ins/gnuarm~1.ins/win/bin/../lib/gcc/arm-none-eabi/7.2.1/../../../../arm-none-eabi/lib/thumb/v7e-m/fpv4-sp/hard\libnosys.a(close.o)
                0x00009c64                _close
 .text._fstat   0x00009c74       0x10 c:/progra~3/matlab/suppor~1/r2020a/3p778c~1.ins/gnuarm~1.ins/win/bin/../lib/gcc/arm-none-eabi/7.2.1/../../../../arm-none-eabi/lib/thumb/v7e-m/fpv4-sp/hard\libnosys.a(fstat.o)
                0x00009c74                _fstat
 .text._getpid  0x00009c84       0x10 c:/progra~3/matlab/suppor~1/r2020a/3p778c~1.ins/gnuarm~1.ins/win/bin/../lib/gcc/arm-none-eabi/7.2.1/../../../../arm-none-eabi/lib/thumb/v7e-m/fpv4-sp/hard\libnosys.a(getpid.o)
                0x00009c84                _getpid
 .text._isatty  0x00009c94       0x10 c:/progra~3/matlab/suppor~1/r2020a/3p778c~1.ins/gnuarm~1.ins/win/bin/../lib/gcc/arm-none-eabi/7.2.1/../../../../arm-none-eabi/lib/thumb/v7e-m/fpv4-sp/hard\libnosys.a(isatty.o)
                0x00009c94                _isatty
 .text._kill    0x00009ca4       0x10 c:/progra~3/matlab/suppor~1/r2020a/3p778c~1.ins/gnuarm~1.ins/win/bin/../lib/gcc/arm-none-eabi/7.2.1/../../../../arm-none-eabi/lib/thumb/v7e-m/fpv4-sp/hard\libnosys.a(kill.o)
                0x00009ca4                _kill
 .text._lseek   0x00009cb4       0x10 c:/progra~3/matlab/suppor~1/r2020a/3p778c~1.ins/gnuarm~1.ins/win/bin/../lib/gcc/arm-none-eabi/7.2.1/../../../../arm-none-eabi/lib/thumb/v7e-m/fpv4-sp/hard\libnosys.a(lseek.o)
                0x00009cb4                _lseek
 .text._read    0x00009cc4       0x10 c:/progra~3/matlab/suppor~1/r2020a/3p778c~1.ins/gnuarm~1.ins/win/bin/../lib/gcc/arm-none-eabi/7.2.1/../../../../arm-none-eabi/lib/thumb/v7e-m/fpv4-sp/hard\libnosys.a(read.o)
                0x00009cc4                _read
 .text._write   0x00009cd4       0x10 c:/progra~3/matlab/suppor~1/r2020a/3p778c~1.ins/gnuarm~1.ins/win/bin/../lib/gcc/arm-none-eabi/7.2.1/../../../../arm-none-eabi/lib/thumb/v7e-m/fpv4-sp/hard\libnosys.a(write.o)
                0x00009cd4                _write
 .text._exit    0x00009ce4        0x4 c:/progra~3/matlab/suppor~1/r2020a/3p778c~1.ins/gnuarm~1.ins/win/bin/../lib/gcc/arm-none-eabi/7.2.1/../../../../arm-none-eabi/lib/thumb/v7e-m/fpv4-sp/hard\libnosys.a(_exit.o)
                0x00009ce4                _exit
 *(.rodata)
 .rodata        0x00009ce8       0x44 MW_PWM.o
 .rodata        0x00009d2c       0x50 board.o
 *(.rodata*)
 .rodata.__func__.7519
                0x00009d7c       0x14 MW_PWM.o
 .rodata.Pacemaker_M
                0x00009d90        0x4 Pacemaker.o
                0x00009d90                Pacemaker_M
 .rodata.os_maxtaskrun
                0x00009d94        0x2 RTX_Conf_CM.o
                0x00009d94                os_maxtaskrun
 *fill*         0x00009d96        0x2 
 .rodata.os_stackinfo
                0x00009d98        0x4 RTX_Conf_CM.o
                0x00009d98                os_stackinfo
 .rodata.os_trv
                0x00009d9c        0x4 RTX_Conf_CM.o
                0x00009d9c                os_trv
 .rodata.os_flags
                0x00009da0        0x1 RTX_Conf_CM.o
                0x00009da0                os_flags
 *fill*         0x00009da1        0x3 
 .rodata.os_clockrate
                0x00009da4        0x4 RTX_Conf_CM.o
                0x00009da4                os_clockrate
 .rodata.mp_tcb_size
                0x00009da8        0x2 RTX_Conf_CM.o
                0x00009da8                mp_tcb_size
 *fill*         0x00009daa        0x2 
 .rodata.mp_stk_size
                0x00009dac        0x4 RTX_Conf_CM.o
                0x00009dac                mp_stk_size
 .rodata.os_stack_sz
                0x00009db0        0x4 RTX_Conf_CM.o
                0x00009db0                os_stack_sz
 .rodata.os_fifo_size
                0x00009db4        0x1 RTX_Conf_CM.o
                0x00009db4                os_fifo_size
 *fill*         0x00009db5        0x3 
 .rodata.os_thread_def_osTimerThread
                0x00009db8       0x10 RTX_Conf_CM.o
                0x00009db8                os_thread_def_osTimerThread
 .rodata.os_messageQ_def_osTimerMessageQ
                0x00009dc8        0x8 RTX_Conf_CM.o
                0x00009dc8                os_messageQ_def_osTimerMessageQ
 .rodata.mp_tmr_size
                0x00009dd0        0x2 RTX_Conf_CM.o
                0x00009dd0                mp_tmr_size
 *fill*         0x00009dd2        0x2 
 .rodata.os_thread_def_main
                0x00009dd4       0x10 RTX_Conf_CM.o
                0x00009dd4                os_thread_def_main
 .rodata.g_defaultClockConfigRun
                0x00009de4       0x16 board.o
                0x00009de4                g_defaultClockConfigRun
 *fill*         0x00009dfa        0x2 
 .rodata.__func__.7439
                0x00009dfc       0x14 board.o
 .rodata.OSA_SemaCreate.str1.1
                0x00009e10       0x45 C:/ProgramData/MATLAB/SupportPackages/R2020a/toolbox/target/supportpackages/freedomk64f/src/ksdk_armgcc_lib/bm/libksdk_platform.a(fsl_os_abstraction_bm.o)
 .rodata.__func__.9217
                0x00009e55        0xd C:/ProgramData/MATLAB/SupportPackages/R2020a/toolbox/target/supportpackages/freedomk64f/src/ksdk_armgcc_lib/bm/libksdk_platform.a(fsl_os_abstraction_bm.o)
 .rodata.CLOCK_SYS_Init.str1.1
                0x00009e62       0x72 C:/ProgramData/MATLAB/SupportPackages/R2020a/toolbox/target/supportpackages/freedomk64f/src/ksdk_armgcc_lib/bm/libksdk_platform.a(fsl_clock_manager.o)
 .rodata.CLOCK_SYS_OscDeinit.str1.1
                0x00009ed4       0x1e C:/ProgramData/MATLAB/SupportPackages/R2020a/toolbox/target/supportpackages/freedomk64f/src/ksdk_armgcc_lib/bm/libksdk_platform.a(fsl_clock_manager.o)
 .rodata.CLOCK_SYS_RtcOscInit.str1.1
                0x00009ef2       0x1e C:/ProgramData/MATLAB/SupportPackages/R2020a/toolbox/target/supportpackages/freedomk64f/src/ksdk_armgcc_lib/bm/libksdk_platform.a(fsl_clock_manager.o)
 .rodata.__func__.9313
                0x00009f10       0x12 C:/ProgramData/MATLAB/SupportPackages/R2020a/toolbox/target/supportpackages/freedomk64f/src/ksdk_armgcc_lib/bm/libksdk_platform.a(fsl_clock_manager.o)
 .rodata.__func__.9330
                0x00009f22       0x15 C:/ProgramData/MATLAB/SupportPackages/R2020a/toolbox/target/supportpackages/freedomk64f/src/ksdk_armgcc_lib/bm/libksdk_platform.a(fsl_clock_manager.o)
 *fill*         0x00009f37        0x1 
 .rodata.g_oscBase
                0x00009f38        0x4 C:/ProgramData/MATLAB/SupportPackages/R2020a/toolbox/target/supportpackages/freedomk64f/src/ksdk_armgcc_lib/bm/libksdk_platform.a(fsl_clock_manager_common.o)
                0x00009f38                g_oscBase
 .rodata.CLOCK_SYS_EnableFtmClock.str1.1
                0x00009f3c       0x38 C:/ProgramData/MATLAB/SupportPackages/R2020a/toolbox/target/supportpackages/freedomk64f/src/ksdk_armgcc_lib/bm/libksdk_platform.a(fsl_clock_MK64F12.o)
 .rodata.CLOCK_SYS_EnablePortClock.str1.1
                0x00009f74       0x3a C:/ProgramData/MATLAB/SupportPackages/R2020a/toolbox/target/supportpackages/freedomk64f/src/ksdk_armgcc_lib/bm/libksdk_platform.a(fsl_clock_MK64F12.o)
 .rodata.CLOCK_SYS_SetConfiguration.str1.1
                0x00009fae       0x5c C:/ProgramData/MATLAB/SupportPackages/R2020a/toolbox/target/supportpackages/freedomk64f/src/ksdk_armgcc_lib/bm/libksdk_platform.a(fsl_clock_MK64F12.o)
 .rodata.__func__.8927
                0x0000a00a       0x1b C:/ProgramData/MATLAB/SupportPackages/R2020a/toolbox/target/supportpackages/freedomk64f/src/ksdk_armgcc_lib/bm/libksdk_platform.a(fsl_clock_MK64F12.o)
 .rodata.__func__.9082
                0x0000a025       0x1a C:/ProgramData/MATLAB/SupportPackages/R2020a/toolbox/target/supportpackages/freedomk64f/src/ksdk_armgcc_lib/bm/libksdk_platform.a(fsl_clock_MK64F12.o)
 .rodata.__func__.9121