Archive member included to satisfy reference by file (symbol)

C:/ProgramData/MATLAB/SupportPackages/R2020a/3P.instrset/cmsis.instrset/CMSIS/RTOS/RTX/LIB/GCC/libRTX_CM4.a(rt_cmsis.o)
                              RTX_Conf_CM.o (osKernelInitialize)
C:/ProgramData/MATLAB/SupportPackages/R2020a/3P.instrset/cmsis.instrset/CMSIS/RTOS/RTX/LIB/GCC/libRTX_CM4.a(hal_cm.o)
                              C:/ProgramData/MATLAB/SupportPackages/R2020a/3P.instrset/cmsis.instrset/CMSIS/RTOS/RTX/LIB/GCC/libRTX_CM4.a(rt_cmsis.o) (rt_ret_val)
C:/ProgramData/MATLAB/SupportPackages/R2020a/3P.instrset/cmsis.instrset/CMSIS/RTOS/RTX/LIB/GCC/libRTX_CM4.a(rt_memory.o)
                              C:/ProgramData/MATLAB/SupportPackages/R2020a/3P.instrset/cmsis.instrset/CMSIS/RTOS/RTX/LIB/GCC/libRTX_CM4.a(rt_cmsis.o) (rt_init_mem)
C:/ProgramData/MATLAB/SupportPackages/R2020a/3P.instrset/cmsis.instrset/CMSIS/RTOS/RTX/LIB/GCC/libRTX_CM4.a(rt_membox.o)
                              C:/ProgramData/MATLAB/SupportPackages/R2020a/3P.instrset/cmsis.instrset/CMSIS/RTOS/RTX/LIB/GCC/libRTX_CM4.a(rt_cmsis.o) (_init_box)
C:/ProgramData/MATLAB/SupportPackages/R2020a/3P.instrset/cmsis.instrset/CMSIS/RTOS/RTX/LIB/GCC/libRTX_CM4.a(rt_mutex.o)
                              C:/ProgramData/MATLAB/SupportPackages/R2020a/3P.instrset/cmsis.instrset/CMSIS/RTOS/RTX/LIB/GCC/libRTX_CM4.a(rt_cmsis.o) (rt_mut_init)
C:/ProgramData/MATLAB/SupportPackages/R2020a/3P.instrset/cmsis.instrset/CMSIS/RTOS/RTX/LIB/GCC/libRTX_CM4.a(rt_time.o)
                              C:/ProgramData/MATLAB/SupportPackages/R2020a/3P.instrset/cmsis.instrset/CMSIS/RTOS/RTX/LIB/GCC/libRTX_CM4.a(rt_cmsis.o) (os_time)
C:/ProgramData/MATLAB/SupportPackages/R2020a/3P.instrset/cmsis.instrset/CMSIS/RTOS/RTX/LIB/GCC/libRTX_CM4.a(rt_semaphore.o)
                              C:/ProgramData/MATLAB/SupportPackages/R2020a/3P.instrset/cmsis.instrset/CMSIS/RTOS/RTX/LIB/GCC/libRTX_CM4.a(rt_cmsis.o) (rt_sem_init)
C:/ProgramData/MATLAB/SupportPackages/R2020a/3P.instrset/cmsis.instrset/CMSIS/RTOS/RTX/LIB/GCC/libRTX_CM4.a(rt_mailbox.o)
                              C:/ProgramData/MATLAB/SupportPackages/R2020a/3P.instrset/cmsis.instrset/CMSIS/RTOS/RTX/LIB/GCC/libRTX_CM4.a(rt_cmsis.o) (rt_mbx_init)
C:/ProgramData/MATLAB/SupportPackages/R2020a/3P.instrset/cmsis.instrset/CMSIS/RTOS/RTX/LIB/GCC/libRTX_CM4.a(rt_list.o)
                              C:/ProgramData/MATLAB/SupportPackages/R2020a/3P.instrset/cmsis.instrset/CMSIS/RTOS/RTX/LIB/GCC/libRTX_CM4.a(rt_cmsis.o) (rt_put_prio)
C:/ProgramData/MATLAB/SupportPackages/R2020a/3P.instrset/cmsis.instrset/CMSIS/RTOS/RTX/LIB/GCC/libRTX_CM4.a(rt_event.o)
                              C:/ProgramData/MATLAB/SupportPackages/R2020a/3P.instrset/cmsis.instrset/CMSIS/RTOS/RTX/LIB/GCC/libRTX_CM4.a(rt_cmsis.o) (rt_evt_wait)
C:/ProgramData/MATLAB/SupportPackages/R2020a/3P.instrset/cmsis.instrset/CMSIS/RTOS/RTX/LIB/GCC/libRTX_CM4.a(rt_system.o)
                              C:/ProgramData/MATLAB/SupportPackages/R2020a/3P.instrset/cmsis.instrset/CMSIS/RTOS/RTX/LIB/GCC/libRTX_CM4.a(rt_cmsis.o) (rt_suspend)
C:/ProgramData/MATLAB/SupportPackages/R2020a/3P.instrset/cmsis.instrset/CMSIS/RTOS/RTX/LIB/GCC/libRTX_CM4.a(rt_task.o)
                              C:/ProgramData/MATLAB/SupportPackages/R2020a/3P.instrset/cmsis.instrset/CMSIS/RTOS/RTX/LIB/GCC/libRTX_CM4.a(rt_system.o) (rt_switch_req)
C:/ProgramData/MATLAB/SupportPackages/R2020a/3P.instrset/cmsis.instrset/CMSIS/RTOS/RTX/LIB/GCC/libRTX_CM4.a(hal_cm4.o)
                              C:/ProgramData/MATLAB/SupportPackages/R2020a/3P.instrset/cmsis.instrset/CMSIS/RTOS/RTX/LIB/GCC/libRTX_CM4.a(rt_task.o) (rt_get_PSP)
C:/ProgramData/MATLAB/SupportPackages/R2020a/3P.instrset/cmsis.instrset/CMSIS/RTOS/RTX/LIB/GCC/libRTX_CM4.a(svc_table.o)
                              C:/ProgramData/MATLAB/SupportPackages/R2020a/3P.instrset/cmsis.instrset/CMSIS/RTOS/RTX/LIB/GCC/libRTX_CM4.a(hal_cm4.o) (SVC_Table)
C:/ProgramData/MATLAB/SupportPackages/R2020a/3P.instrset/cmsis.instrset/CMSIS/RTOS/RTX/LIB/GCC/libRTX_CM4.a(rt_robin.o)
                              C:/ProgramData/MATLAB/SupportPackages/R2020a/3P.instrset/cmsis.instrset/CMSIS/RTOS/RTX/LIB/GCC/libRTX_CM4.a(rt_system.o) (os_robin)
C:/ProgramData/MATLAB/SupportPackages/R2020a/toolbox/target/supportpackages/freedomk64f/src/ksdk_armgcc_lib/bm/libksdk_platform.a(fsl_os_abstraction_bm.o)
                              hardware_init.o (OSA_Init)
C:/ProgramData/MATLAB/SupportPackages/R2020a/toolbox/target/supportpackages/freedomk64f/src/ksdk_armgcc_lib/bm/libksdk_platform.a(fsl_clock_manager.o)
                              board.o (CLOCK_SYS_OscInit)
C:/ProgramData/MATLAB/SupportPackages/R2020a/toolbox/target/supportpackages/freedomk64f/src/ksdk_armgcc_lib/bm/libksdk_platform.a(fsl_clock_manager_common.o)
                              C:/ProgramData/MATLAB/SupportPackages/R2020a/toolbox/target/supportpackages/freedomk64f/src/ksdk_armgcc_lib/bm/libksdk_platform.a(fsl_clock_manager.o) (g_oscBase)
[...]
Memory Configuration

Name             Origin             Length             Attributes
m_interrupts     0x00000000         0x00000400         xr
m_flash_config   0x00000400         0x00000010         xr
m_text           0x00000410         0x000ffbf0         xr
m_data_2         0x1fff0000         0x00010000         rw
m_data           0x20000000         0x00030000         rw
*default*        0x00000000         0xffffffff

Linker script and memory map

LOAD c:/progra~3/matlab/suppor~1/r2020a/3p778c~1.ins/gnuarm~1.ins/win/bin/../lib/gcc/arm-none-eabi/7.2.1/thumb/v7e-m/fpv4-sp/hard/crti.o
LOAD c:/progra~3/matlab/suppor~1/r2020a/3p778c~1.ins/gnuarm~1.ins/win/bin/../lib/gcc/arm-none-eabi/7.2.1/thumb/v7e-m/fpv4-sp/hard/crtbegin.o
LOAD c:/progra~3/matlab/suppor~1/r2020a/3p778c~1.ins/gnuarm~1.ins/win/bin/../lib/gcc/arm-none-eabi/7.2.1/../../../../arm-none-eabi/lib/thumb/v7e-m/fpv4-sp/hard/crt0.o
LOAD MW_PWM.o
LOAD MW_digitalIO.o
LOAD Pacemaker.o
LOAD Pacemaker_data.o
LOAD RTX_Conf_CM.o
LOAD board.o
LOAD cmsis_rtos_init.o
LOAD ert_main.o
LOAD fsl_edma_irq.o
LOAD fsl_misc_utilities.o
LOAD fsl_uart_irq.o
LOAD hardware_init.o
LOAD irq_stub.o
LOAD mw_sdk_interface.o
LOAD mw_semaphore.o
LOAD mw_signal.o
LOAD mw_thread.o
LOAD mw_timer.o
LOAD pin_mux.o
LOAD rtGetInf.o
LOAD rtGetNaN.o
LOAD rt_nonfinite.o
LOAD sbrk.o
LOAD startup.o
LOAD startup_MK64F12.o
LOAD system_MK64F12.o
LOAD C:/ProgramData/MATLAB/SupportPackages/R2020a/3P.instrset/cmsis.instrset/CMSIS/Lib/GCC/libarm_cortexM4lf_math.a
LOAD C:/ProgramData/MATLAB/SupportPackages/R2020a/3P.instrset/cmsis.instrset/CMSIS/RTOS/RTX/LIB/GCC/libRTX_CM4.a
LOAD C:/ProgramData/MATLAB/SupportPackages/R2020a/toolbox/target/supportpackages/freedomk64f/src/ksdk_armgcc_lib/bm/libksdk_platform.a
LOAD c:/progra~3/matlab/suppor~1/r2020a/3p778c~1.ins/gnuarm~1.ins/win/bin/../lib/gcc/arm-none-eabi/7.2.1/../../../../arm-none-eabi/lib/thumb/v7e-m/fpv4-sp/hard\libstdc++.a
LOAD c:/progra~3/matlab/suppor~1/r2020a/3p778c~1.ins/gnuarm~1.ins/win/bin/../lib/gcc/arm-none-eabi/7.2.1/../../../../arm-none-eabi/lib/thumb/v7e-m/fpv4-sp/hard\libm.a
START GROUP
LOAD c:/progra~3/matlab/suppor~1/r2020a/3p778c~1.ins/gnuarm~1.ins/win/bin/../lib/gcc/arm-none-eabi/7.2.1/thumb/v7e-m/fpv4-sp/hard\libgcc.a
LOAD c:/progra~3/matlab/suppor~1/r2020a/3p778c~1.ins/gnuarm~1.ins/win/bin/../lib/gcc/arm-none-eabi/7.2.1/../../../../arm-none-eabi/lib/thumb/v7e-m/fpv4-sp/hard\libg.a
LOAD c:/progra~3/matlab/suppor~1/r2020a/3p778c~1.ins/gnuarm~1.ins/win/bin/../lib/gcc/arm-none-eabi/7.2.1/../../../../arm-none-eabi/lib/thumb/v7e-m/fpv4-sp/hard\libc.a
END GROUP
START GROUP
LOAD c:/progra~3/matlab/suppor~1/r2020a/3p778c~1.ins/gnuarm~1.ins/win/bin/../lib/gcc/arm-none-eabi/7.2.1/thumb/v7e-m/fpv4-sp/hard\libgcc.a
LOAD c:/progra~3/matlab/suppor~1/r2020a/3p778c~1.ins/gnuarm~1.ins/win/bin/../lib/gcc/arm-none-eabi/7.2.1/../../../../arm-none-eabi/lib/thumb/v7e-m/fpv4-sp/hard\libc.a
LOAD c:/progra~3/matlab/suppor~1/r2020a/3p778c~1.ins/gnuarm~1.ins/win/bin/../lib/gcc/arm-none-eabi/7.2.1/../../../../arm-none-eabi/lib/thumb/v7e-m/fpv4-sp/hard\libnosys.a
END GROUP
LOAD c:/progra~3/matlab/suppor~1/r2020a/3p778c~1.ins/gnuarm~1.ins/win/bin/../lib/gcc/arm-none-eabi/7.2.1/thumb/v7e-m/fpv4-sp/hard/crtend.o
LOAD c:/progra~3/matlab/suppor~1/r2020a/3p778c~1.ins/gnuarm~1.ins/win/bin/../lib/gcc/arm-none-eabi/7.2.1/thumb/v7e-m/fpv4-sp/hard/crtn.o
                0x00000400                HEAP_SIZE = DEFINED (__heap_size__)?__heap_size__:0x400
                0x00000400                STACK_SIZE = DEFINED (__stack_size__)?__stack_size__:0x400
                0x00000000                M_VECTOR_RAM_SIZE = DEFINED (__ram_vector_table__)?0x400:0x0

.interrupts     0x00000000      0x400
                0x00000000                __VECTOR_TABLE = .
                0x00000000                . = ALIGN (0x4)
 *(.isr_vector)
 .isr_vector    0x00000000      0x400 startup_MK64F12.o
                0x00000000                __isr_vector
                0x00000400                . = ALIGN (0x4)

.flash_config   0x00000400       0x10
                0x00000400                . = ALIGN (0x4)
 *(.FlashConfig)
 .FlashConfig   0x00000400       0x10 startup_MK64F12.o
                0x00000410                . = ALIGN (0x4)

.text           0x00000440     0xb690
                0x00000440                . = ALIGN (0x4)
 *(.text)
 .text          0x00000440       0x40 c:/progra~3/matlab/suppor~1/r2020a/3p778c~1.ins/gnuarm~1.ins/win/bin/../lib/gcc/arm-none-eabi/7.2.1/thumb/v7e-m/fpv4-sp/hard/crtbegin.o
 .text          0x00000480       0x74 c:/progra~3/matlab/suppor~1/r2020a/3p778c~1.ins/gnuarm~1.ins/win/bin/../lib/gcc/arm-none-eabi/7.2.1/../../../../arm-none-eabi/lib/thumb/v7e-m/fpv4-sp/hard/crt0.o
                0x00000480                _start
                0x00000480                _mainCRTStartup
 .text          0x000004f4       0x14 startup_MK64F12.o
                0x000004f4                Reset_Handler
                0x00000504                ENET_Receive_IRQHandler
                0x00000504                ENET_1588_Timer_IRQHandler
                0x00000504                DefaultISR
                0x00000504                PIT2_IRQHandler
                0x00000504                PIT0_IRQHandler
                0x00000504                ENET_Error_IRQHandler
                0x00000504                PIT3_IRQHandler
                0x00000504                SDHC_IRQHandler
                0x00000504                ENET_Transmit_IRQHandler
                0x00000504                PIT1_IRQHandler
 .text          0x00000508      0x198 C:/ProgramData/MATLAB/SupportPackages/R2020a/3P.instrset/cmsis.instrset/CMSIS/RTOS/RTX/LIB/GCC/libRTX_CM4.a(hal_cm4.o)
                0x00000508                rt_set_PSP
                0x0000050e                rt_get_PSP
                0x00000514                os_set_env
                0x0000052c                _alloc_box
                0x00000548                _free_box
                0x00000564                SVC_Handler
                0x0000060a                PendSV_Handler
                0x00000610                Sys_Switch
                0x0000066a                SysTick_Handler
                0x00000674                OS_Tick_Handler
 .text          0x000006a0      0x378 c:/progra~3/matlab/suppor~1/r2020a/3p778c~1.ins/gnuarm~1.ins/win/bin/../lib/gcc/arm-none-eabi/7.2.1/thumb/v7e-m/fpv4-sp/hard\libgcc.a(_arm_addsubdf3.o)
                0x000006a0                __aeabi_drsub
                0x000006a8                __aeabi_dsub
                0x000006a8                __subdf3
                0x000006ac                __aeabi_dadd
                0x000006ac                __adddf3
                0x00000924                __floatunsidf
                0x00000924                __aeabi_ui2d
                0x00000944                __floatsidf
                0x00000944                __aeabi_i2d
                0x00000968                __aeabi_f2d
                0x00000968                __extendsfdf2
                0x000009ac                __floatundidf
                0x000009ac                __aeabi_ul2d
                0x000009bc                __floatdidf
                0x000009bc                __aeabi_l2d
 .text          0x00000a18      0x424 c:/progra~3/matlab/suppor~1/r2020a/3p778c~1.ins/gnuarm~1.ins/win/bin/../lib/gcc/arm-none-eabi/7.2.1/thumb/v7e-m/fpv4-sp/hard\libgcc.a(_arm_muldivdf3.o)
                0x00000a18                __aeabi_dmul
                0x00000a18                __muldf3
                0x00000c6c                __divdf3
                0x00000c6c                __aeabi_ddiv
 .text          0x00000e3c      0x110 c:/progra~3/matlab/suppor~1/r2020a/3p778c~1.ins/gnuarm~1.ins/win/bin/../lib/gcc/arm-none-eabi/7.2.1/thumb/v7e-m/fpv4-sp/hard\libgcc.a(_arm_cmpdf2.o)
                0x00000e3c                __gtdf2
                0x00000e3c                __gedf2
                0x00000e44                __ltdf2
                0x00000e44                __ledf2
                0x00000e4c                __nedf2
                0x00000e4c                __eqdf2
                0x00000e4c                __cmpdf2
                0x00000ec8                __aeabi_cdrcmple
                0x00000ed8                __aeabi_cdcmpeq
                0x00000ed8                __aeabi_cdcmple
                0x00000ee8                __aeabi_dcmpeq
                0x00000efc                __aeabi_dcmplt
                0x00000f10                __aeabi_dcmple
                0x00000f24                __aeabi_dcmpge
                0x00000f38                __aeabi_dcmpgt
 .text          0x00000f4c       0x2c c:/progra~3/matlab/suppor~1/r2020a/3p778c~1.ins/gnuarm~1.ins/win/bin/../lib/gcc/arm-none-eabi/7.2.1/thumb/v7e-m/fpv4-sp/hard\libgcc.a(_arm_unorddf2.o)
                0x00000f4c                __unorddf2
                0x00000f4c                __aeabi_dcmpun
 .text          0x00000f78       0x40 c:/progra~3/matlab/suppor~1/r2020a/3p778c~1.ins/gnuarm~1.ins/win/bin/../lib/gcc/arm-none-eabi/7.2.1/thumb/v7e-m/fpv4-sp/hard\libgcc.a(_arm_fixunsdfsi.o)
                0x00000f78                __aeabi_d2uiz
                0x00000f78                __fixunsdfsi
 .text          0x00000fb8       0xa0 c:/progra~3/matlab/suppor~1/r2020a/3p778c~1.ins/gnuarm~1.ins/win/bin/../lib/gcc/arm-none-eabi/7.2.1/thumb/v7e-m/fpv4-sp/hard\libgcc.a(_arm_truncdfsf2.o)
                0x00000fb8                __truncdfsf2
                0x00000fb8                __aeabi_d2f
 .text          0x00001058       0x30 c:/progra~3/matlab/suppor~1/r2020a/3p778c~1.ins/gnuarm~1.ins/win/bin/../lib/gcc/arm-none-eabi/7.2.1/thumb/v7e-m/fpv4-sp/hard\libgcc.a(_aeabi_uldivmod.o)
                0x00001058                __aeabi_uldivmod
 .text          0x00001088      0x2cc c:/progra~3/matlab/suppor~1/r2020a/3p778c~1.ins/gnuarm~1.ins/win/bin/../lib/gcc/arm-none-eabi/7.2.1/thumb/v7e-m/fpv4-sp/hard\libgcc.a(_udivmoddi4.o)
                0x00001088                __udivmoddi4
 .text          0x00001354      0x9ec c:/progra~3/matlab/suppor~1/r2020a/3p778c~1.ins/gnuarm~1.ins/win/bin/../lib/gcc/arm-none-eabi/7.2.1/thumb/v7e-m/fpv4-sp/hard\libgcc.a(unwind-arm.o)
                0x00001608                _Unwind_GetCFA
                0x0000160c                __gnu_Unwind_RaiseException
                0x0000166c                __gnu_Unwind_ForcedUnwind
                0x00001680                __gnu_Unwind_Resume
                0x000016c4                __gnu_Unwind_Resume_or_Rethrow
                0x000016d4                _Unwind_Complete
                0x000016d8                _Unwind_DeleteException
                0x000016e4                _Unwind_VRS_Get
                0x00001728                _Unwind_VRS_Set
                0x00001770                __gnu_Unwind_Backtrace
                0x00001ab4                __aeabi_unwind_cpp_pr0
                0x00001ab8                __aeabi_unwind_cpp_pr1
                0x00001abc                __aeabi_unwind_cpp_pr2
                0x00001ac0                _Unwind_VRS_Pop
 .text          0x00001d40      0x1ac c:/progra~3/matlab/suppor~1/r2020a/3p778c~1.ins/gnuarm~1.ins/win/bin/../lib/gcc/arm-none-eabi/7.2.1/thumb/v7e-m/fpv4-sp/hard\libgcc.a(libunwind.o)
                0x00001d40                __restore_core_regs
                0x00001d40                restore_core_regs
                0x00001d58                __gnu_Unwind_Restore_VFP
                0x00001d60                __gnu_Unwind_Save_VFP
                0x00001d68                __gnu_Unwind_Restore_VFP_D
                0x00001d70                __gnu_Unwind_Save_VFP_D
                0x00001d78                __gnu_Unwind_Restore_VFP_D_16_to_31
                0x00001d80                __gnu_Unwind_Save_VFP_D_16_to_31
                0x00001d88                __gnu_Unwind_Restore_WMMXD
                0x00001dcc                __gnu_Unwind_Save_WMMXD
                0x00001e10                __gnu_Unwind_Restore_WMMXC
                0x00001e24                __gnu_Unwind_Save_WMMXC
                0x00001e38                ___Unwind_RaiseException
                0x00001e38                _Unwind_RaiseException
                0x00001e5c                _Unwind_Resume
                0x00001e5c                ___Unwind_Resume
                0x00001e80                _Unwind_Resume_or_Rethrow
                0x00001e80                ___Unwind_Resume_or_Rethrow
                0x00001ea4                _Unwind_ForcedUnwind
                0x00001ea4                ___Unwind_ForcedUnwind
                0x00001ec8                ___Unwind_Backtrace
                0x00001ec8                _Unwind_Backtrace
 .text          0x00001eec      0x374 c:/progra~3/matlab/suppor~1/r2020a/3p778c~1.ins/gnuarm~1.ins/win/bin/../lib/gcc/arm-none-eabi/7.2.1/thumb/v7e-m/fpv4-sp/hard\libgcc.a(pr-support.o)
                0x00001f44                __gnu_unwind_execute
                0x00002208                __gnu_unwind_frame
                0x00002230                _Unwind_GetRegionStart
                0x0000223c                _Unwind_GetLanguageSpecificData
                0x00002250                _Unwind_GetDataRelBase
                0x00002258                _Unwind_GetTextRelBase
 .text          0x00002260        0x4 c:/progra~3/matlab/suppor~1/r2020a/3p778c~1.ins/gnuarm~1.ins/win/bin/../lib/gcc/arm-none-eabi/7.2.1/thumb/v7e-m/fpv4-sp/hard\libgcc.a(_dvmd_tls.o)
                0x00002260                __aeabi_idiv0
                0x00002260                __aeabi_ldiv0
 .text          0x00002264      0x134 c:/progra~3/matlab/suppor~1/r2020a/3p778c~1.ins/gnuarm~1.ins/win/bin/../lib/gcc/arm-none-eabi/7.2.1/../../../../arm-none-eabi/lib/thumb/v7e-m/fpv4-sp/hard\libg.a(lib_a-memcpy.o)
                0x00002264                memcpy
 *fill*         0x00002398        0x8 
 .text          0x000023a0       0xa0 c:/progra~3/matlab/suppor~1/r2020a/3p778c~1.ins/gnuarm~1.ins/win/bin/../lib/gcc/arm-none-eabi/7.2.1/../../../../arm-none-eabi/lib/thumb/v7e-m/fpv4-sp/hard\libg.a(lib_a-memchr.o)
                0x000023a0                memchr
 .text          0x00002440       0xdc c:/progra~3/matlab/suppor~1/r2020a/3p778c~1.ins/gnuarm~1.ins/win/bin/../lib/gcc/arm-none-eabi/7.2.1/../../../../arm-none-eabi/lib/thumb/v7e-m/fpv4-sp/hard\libg.a(lib_a-strlen.o)
                0x00002440                strlen
 *(.text*)
 .text.PORT_HAL_SetMuxMode
                0x0000251c       0x58 MW_PWM.o
 .text.FTM_HAL_SetClockSource
                0x00002574       0x2e MW_PWM.o
 *fill*         0x000025a2        0x2 
 .text.MW_PWM_Open
                0x000025a4      0x164 MW_PWM.o
                0x000025a4                MW_PWM_Open
 .text.MW_PWM_Start
                0x00002708       0x14 MW_PWM.o
                0x00002708                MW_PWM_Start
 .text.MW_PWM_SetDutyCycle
                0x0000271c       0x7c MW_PWM.o
                0x0000271c                MW_PWM_SetDutyCycle
 .text.MW_PWM_Stop
                0x00002798       0x2c MW_PWM.o
                0x00002798                MW_PWM_Stop
 .text.MW_PWM_Close
                0x000027c4       0x14 MW_PWM.o
                0x000027c4                MW_PWM_Close
 .text.MW_digitalIO_open
                0x000027d8       0xe0 MW_digitalIO.o
                0x000027d8                MW_digitalIO_open
 .text.MW_digitalIO_read
                0x000028b8       0x70 MW_digitalIO.o
                0x000028b8                MW_digitalIO_read
 .text.MW_digitalIO_write
                0x00002928       0x7e MW_digitalIO.o
                0x00002928                MW_digitalIO_write
 .text.MW_digitalIO_close
                0x000029a6       0x3c MW_digitalIO.o
                0x000029a6                MW_digitalIO_close
 *fill*         0x000029e2        0x2 
 .text.rt_roundd_snf
                0x000029e4       0xf4 Pacemaker.o
                0x000029e4                rt_roundd_snf
 .text.Pacemaker_broadcast_paceEnd
                0x00002ad8       0x30 Pacemaker.o
 .text.Pacemaker_enter_atomic_Charging
                0x00002b08       0xa0 Pacemaker.o
 .text.Pacemaker_broadcast_A_Loop
                0x00002ba8       0x30 Pacemaker.o
 .text.Pacemaker_broadcast_paceStart
                0x00002bd8       0x30 Pacemaker.o
 .text.Pacemaker_enter_atomic_PaceSend
                0x00002c08        0xc Pacemaker.o
 .text.Pacemaker_ventSense
                0x00002c14       0x58 Pacemaker.o
 .text.Pacemaker_atrSense
                0x00002c6c       0x84 Pacemaker.o
 .text.Pacemaker_broadcast_V_Loop
                0x00002cf0       0x30 Pacemaker.o
 .text.Pacemak_enter_atomic_PaceSend_i
                0x00002d20        0xc Pacemaker.o
 .text.Pacemaker_Sense
                0x00002d2c      0x3b0 Pacemaker.o
 .text.Pacemaker_c2_Pacemaker
                0x000030dc      0x2a8 Pacemaker.o
 .text.Pacemaker_SystemCore_release
                0x00003384       0x2a Pacemaker.o
 .text.Pacemaker_SystemCore_delete
                0x000033ae       0x16 Pacemaker.o
 .text.matlabCodegenHandle_matlabCodeg
                0x000033c4       0x24 Pacemaker.o
 .text.Pacemaker_SystemCore_release_j0
                0x000033e8       0x2a Pacemaker.o
 .text.Pacemaker_SystemCore_delete_j0
                0x00003412       0x16 Pacemaker.o
 .text.matlabCodegenHandle_matlabCo_j0
                0x00003428       0x24 Pacemaker.o
 .text.Pacemake_SystemCore_release_j04
                0x0000344c       0x34 Pacemaker.o
 .text.Pacemaker_SystemCore_delete_j04
                0x00003480       0x16 Pacemaker.o
 .text.matlabCodegenHandle_matlabC_j04
                0x00003496       0x24 Pacemaker.o
 *fill*         0x000034ba        0x6 
 .text.Pacemaker_step
                0x000034c0      0x37c Pacemaker.o
                0x000034c0                Pacemaker_step
 *fill*         0x0000383c        0x4 
 .text.Pacemaker_initialize
                0x00003840      0x4f4 Pacemaker.o
                0x00003840                Pacemaker_initialize
 .text.Pacemaker_terminate
                0x00003d34       0xa8 Pacemaker.o
                0x00003d34                Pacemaker_terminate
 .text.os_idle_demon
                0x00003ddc        0x6 RTX_Conf_CM.o
                0x00003ddc                os_idle_demon
 *fill*         0x00003de2        0x2 
 .text.os_error
                0x00003de4       0x2c RTX_Conf_CM.o
                0x00003de4                os_error
 .text.rt_init_robin
                0x00003e10        0x2 RTX_Conf_CM.o
                0x00003e10                rt_init_robin
 .text.rt_chk_robin
                0x00003e12        0x2 RTX_Conf_CM.o
                0x00003e12                rt_chk_robin
 .text.software_init_hook
                0x00003e14       0x34 RTX_Conf_CM.o
                0x00003e14                software_init_hook
 .text.PORT_HAL_SetMuxMode
                0x00003e48       0x58 board.o
 .text.SMC_HAL_SetProtection
                0x00003ea0       0x1e board.o
 *fill*         0x00003ebe        0x2 
 .text.BOARD_InitOsc0
                0x00003ec0       0x30 board.o
                0x00003ec0                BOARD_InitOsc0
 .text.BOARD_InitRtcOsc
                0x00003ef0       0x28 board.o
                0x00003ef0                BOARD_InitRtcOsc
 .text.BOARD_ClockInit
                0x00003f18       0x34 board.o
                0x00003f18                BOARD_ClockInit
 .text.schedulerTask
                0x00003f4c       0x1c cmsis_rtos_init.o
                0x00003f4c                schedulerTask
 .text.mw_initSignalEvents
                0x00003f68       0x40 cmsis_rtos_init.o
                0x00003f68                mw_initSignalEvents
 .text.mw_RTOSInit
                0x00003fa8       0x8c cmsis_rtos_init.o
                0x00003fa8                mw_RTOSInit
 .text.baseRateTask
                0x00004034       0x7c ert_main.o
                0x00004034                baseRateTask
 .text.terminateTask
                0x000040b0       0x34 ert_main.o
                0x000040b0                terminateTask
 .text.main     0x000040e4       0x48 ert_main.o
                0x000040e4                main
 .text.DMA0_IRQHandler
                0x0000412c        0xe fsl_edma_irq.o
                0x0000412c                DMA0_IRQHandler
 .text.DMA1_IRQHandler
                0x0000413a        0xe fsl_edma_irq.o
                0x0000413a                DMA1_IRQHandler
 .text.DMA2_IRQHandler
                0x00004148        0xe fsl_edma_irq.o
                0x00004148                DMA2_IRQHandler
 .text.DMA3_IRQHandler
                0x00004156        0xe fsl_edma_irq.o
                0x00004156                DMA3_IRQHandler
 .text.DMA4_IRQHandler
                0x00004164        0xe fsl_edma_irq.o
                0x00004164                DMA4_IRQHandler
 .text.DMA5_IRQHandler
                0x00004172        0xe fsl_edma_irq.o
                0x00004172                DMA5_IRQHandler
 .text.DMA6_IRQHandler
                0x00004180        0xe fsl_edma_irq.o
                0x00004180                DMA6_IRQHandler
 .text.DMA7_IRQHandler
                0x0000418e        0xe fsl_edma_irq.o
                0x0000418e                DMA7_IRQHandler
 .text.DMA8_IRQHandler
                0x0000419c        0xe fsl_edma_irq.o
                0x0000419c                DMA8_IRQHandler
 .text.DMA9_IRQHandler
                0x000041aa        0xe fsl_edma_irq.o
                0x000041aa                DMA9_IRQHandler
 .text.DMA10_IRQHandler
                0x000041b8        0xe fsl_edma_irq.o
                0x000041b8                DMA10_IRQHandler
 .text.DMA11_IRQHandler
                0x000041c6        0xe fsl_edma_irq.o
                0x000041c6                DMA11_IRQHandler
 .text.DMA12_IRQHandler
                0x000041d4        0xe fsl_edma_irq.o
                0x000041d4                DMA12_IRQHandler
 .text.DMA13_IRQHandler
                0x000041e2        0xe fsl_edma_irq.o
                0x000041e2                DMA13_IRQHandler
 .text.DMA14_IRQHandler
                0x000041f0        0xe fsl_edma_irq.o
                0x000041f0                DMA14_IRQHandler
 .text.DMA15_IRQHandler
                0x000041fe        0xe fsl_edma_irq.o
                0x000041fe                DMA15_IRQHandler
 .text.DMA_Error_IRQHandler
                0x0000420c        0xe fsl_edma_irq.o
                0x0000420c                DMA_Error_IRQHandler
 .text.UART0_RX_TX_IRQHandler
                0x0000421a        0xe fsl_uart_irq.o
                0x0000421a                UART0_RX_TX_IRQHandler
 .text.UART1_RX_TX_IRQHandler
                0x00004228        0xe fsl_uart_irq.o
                0x00004228                UART1_RX_TX_IRQHandler
 .text.UART2_RX_TX_IRQHandler
                0x00004236        0xe fsl_uart_irq.o
                0x00004236                UART2_RX_TX_IRQHandler
 .text.UART3_RX_TX_IRQHandler
                0x00004244        0xe fsl_uart_irq.o
                0x00004244                UART3_RX_TX_IRQHandler
 .text.UART4_RX_TX_IRQHandler
                0x00004252        0xe fsl_uart_irq.o
                0x00004252                UART4_RX_TX_IRQHandler
 .text.UART5_RX_TX_IRQHandler
                0x00004260        0xe fsl_uart_irq.o
                0x00004260                UART5_RX_TX_IRQHandler
 .text.hardware_init
                0x0000426e       0x30 hardware_init.o
                0x0000426e                hardware_init
 .text.NMI_Handler
                0x0000429e        0x6 irq_stub.o
                0x0000429e                NMI_Handler
 .text.HardFault_Handler
                0x000042a4        0x6 irq_stub.o
                0x000042a4                HardFault_Handler
 .text.MemManage_Handler
                0x000042aa        0x6 irq_stub.o
                0x000042aa                MemManage_Handler
 .text.BusFault_Handler
                0x000042b0        0x6 irq_stub.o
                0x000042b0                BusFault_Handler
 .text.UsageFault_Handler
                0x000042b6        0x6 irq_stub.o
                0x000042b6                UsageFault_Handler
 .text.DebugMon_Handler
                0x000042bc        0x6 irq_stub.o
                0x000042bc                DebugMon_Handler
 .text.MCM_IRQHandler
                0x000042c2        0x6 irq_stub.o
                0x000042c2                MCM_IRQHandler
 .text.FTFE_IRQHandler
                0x000042c8        0x6 irq_stub.o
                0x000042c8                FTFE_IRQHandler
 .text.Read_Collision_IRQHandler
                0x000042ce        0x6 irq_stub.o
                0x000042ce                Read_Collision_IRQHandler
 .text.LVD_LVW_IRQHandler
                0x000042d4        0x6 irq_stub.o
                0x000042d4                LVD_LVW_IRQHandler
 .text.LLWU_IRQHandler
                0x000042da        0x6 irq_stub.o
                0x000042da                LLWU_IRQHandler
 .text.WDOG_EWM_IRQHandler
                0x000042e0        0x6 irq_stub.o
                0x000042e0                WDOG_EWM_IRQHandler
 .text.RNG_IRQHandler
                0x000042e6        0x6 irq_stub.o
                0x000042e6                RNG_IRQHandler
 .text.I2C0_IRQHandler
                0x000042ec        0x6 irq_stub.o
                0x000042ec                I2C0_IRQHandler
 .text.I2C1_IRQHandler
                0x000042f2        0x6 irq_stub.o
                0x000042f2                I2C1_IRQHandler
 .text.SPI0_IRQHandler
                0x000042f8        0x6 irq_stub.o
                0x000042f8                SPI0_IRQHandler
 .text.SPI1_IRQHandler
                0x000042fe        0x6 irq_stub.o
                0x000042fe                SPI1_IRQHandler
 .text.I2S0_Tx_IRQHandler
                0x00004304        0x6 irq_stub.o
                0x00004304                I2S0_Tx_IRQHandler
 .text.I2S0_Rx_IRQHandler
                0x0000430a        0x6 irq_stub.o
                0x0000430a                I2S0_Rx_IRQHandler
 .text.UART0_LON_IRQHandler
                0x00004310        0x6 irq_stub.o
                0x00004310                UART0_LON_IRQHandler
 .text.UART0_ERR_IRQHandler
                0x00004316        0x6 irq_stub.o
                0x00004316                UART0_ERR_IRQHandler
 .text.UART1_ERR_IRQHandler
                0x0000431c        0x6 irq_stub.o
                0x0000431c                UART1_ERR_IRQHandler
 .text.UART2_ERR_IRQHandler
                0x00004322        0x6 irq_stub.o
                0x00004322                UART2_ERR_IRQHandler
 .text.UART3_ERR_IRQHandler
                0x00004328        0x6 irq_stub.o
                0x00004328                UART3_ERR_IRQHandler
 .text.ADC0_IRQHandler
                0x0000432e        0x6 irq_stub.o
                0x0000432e                ADC0_IRQHandler
 .text.CMP0_IRQHandler
                0x00004334        0x6 irq_stub.o
                0x00004334                CMP0_IRQHandler
 .text.CMP1_IRQHandler
                0x0000433a        0x6 irq_stub.o
                0x0000433a                CMP1_IRQHandler
 .text.FTM0_IRQHandler
                0x00004340        0x6 irq_stub.o
                0x00004340                FTM0_IRQHandler
 .text.FTM1_IRQHandler
                0x00004346        0x6 irq_stub.o
                0x00004346                FTM1_IRQHandler
 .text.FTM2_IRQHandler
                0x0000434c        0x6 irq_stub.o
                0x0000434c                FTM2_IRQHandler
 .text.CMT_IRQHandler
                0x00004352        0x6 irq_stub.o
                0x00004352                CMT_IRQHandler
 .text.RTC_IRQHandler
                0x00004358        0x6 irq_stub.o
                0x00004358                RTC_IRQHandler
 .text.RTC_Seconds_IRQHandler
                0x0000435e        0x6 irq_stub.o
                0x0000435e                RTC_Seconds_IRQHandler
 .text.PDB0_IRQHandler
                0x00004364        0x6 irq_stub.o
                0x00004364                PDB0_IRQHandler
 .text.USB0_IRQHandler
                0x0000436a        0x6 irq_stub.o
                0x0000436a                USB0_IRQHandler
 .text.USBDCD_IRQHandler
                0x00004370        0x6 irq_stub.o
                0x00004370                USBDCD_IRQHandler
 .text.Reserved71_IRQHandler
                0x00004376        0x6 irq_stub.o
                0x00004376                Reserved71_IRQHandler
 .text.DAC0_IRQHandler
                0x0000437c        0x6 irq_stub.o
                0x0000437c                DAC0_IRQHandler
 .text.MCG_IRQHandler
                0x00004382        0x6 irq_stub.o
                0x00004382                MCG_IRQHandler
 .text.LPTMR0_IRQHandler
                0x00004388        0x6 irq_stub.o
                0x00004388                LPTMR0_IRQHandler
 .text.PORTA_IRQHandler
                0x0000438e        0x6 irq_stub.o
                0x0000438e                PORTA_IRQHandler
 .text.PORTB_IRQHandler
                0x00004394        0x6 irq_stub.o
                0x00004394                PORTB_IRQHandler
 .text.PORTC_IRQHandler
                0x0000439a        0x6 irq_stub.o
                0x0000439a                PORTC_IRQHandler
 .text.PORTD_IRQHandler
                0x000043a0        0x6 irq_stub.o
                0x000043a0                PORTD_IRQHandler
 .text.PORTE_IRQHandler
                0x000043a6        0x6 irq_stub.o
                0x000043a6                PORTE_IRQHandler
 .text.SWI_IRQHandler
                0x000043ac        0x6 irq_stub.o
                0x000043ac                SWI_IRQHandler
 .text.SPI2_IRQHandler
                0x000043b2        0x6 irq_stub.o
                0x000043b2                SPI2_IRQHandler
 .text.UART4_ERR_IRQHandler
                0x000043b8        0x6 irq_stub.o
                0x000043b8                UART4_ERR_IRQHandler
 .text.UART5_ERR_IRQHandler
                0x000043be        0x6 irq_stub.o
                0x000043be                UART5_ERR_IRQHandler
 .text.CMP2_IRQHandler
                0x000043c4        0x6 irq_stub.o
                0x000043c4                CMP2_IRQHandler
 .text.FTM3_IRQHandler
                0x000043ca        0x6 irq_stub.o
                0x000043ca                FTM3_IRQHandler
 .text.DAC1_IRQHandler
                0x000043d0        0x6 irq_stub.o
                0x000043d0                DAC1_IRQHandler
 .text.ADC1_IRQHandler
                0x000043d6        0x6 irq_stub.o
                0x000043d6                ADC1_IRQHandler
 .text.I2C2_IRQHandler
                0x000043dc        0x6 irq_stub.o
                0x000043dc                I2C2_IRQHandler
 .text.CAN0_ORed_Message_buffer_IRQHandler
                0x000043e2        0x6 irq_stub.o
                0x000043e2                CAN0_ORed_Message_buffer_IRQHandler
 .text.CAN0_Bus_Off_IRQHandler
                0x000043e8        0x6 irq_stub.o
                0x000043e8                CAN0_Bus_Off_IRQHandler
 .text.CAN0_Error_IRQHandler
                0x000043ee        0x6 irq_stub.o
                0x000043ee                CAN0_Error_IRQHandler
 .text.CAN0_Tx_Warning_IRQHandler
                0x000043f4        0x6 irq_stub.o
                0x000043f4                CAN0_Tx_Warning_IRQHandler
 .text.CAN0_Rx_Warning_IRQHandler
                0x000043fa        0x6 irq_stub.o
                0x000043fa                CAN0_Rx_Warning_IRQHandler
 .text.CAN0_Wake_Up_IRQHandler
                0x00004400        0x6 irq_stub.o
                0x00004400                CAN0_Wake_Up_IRQHandler
 .text.mw_osSignalSet
                0x00004406       0x2e mw_signal.o
                0x00004406                mw_osSignalSet
 .text.mw_osSignalClear
                0x00004434       0x26 mw_signal.o
                0x00004434                mw_osSignalClear
 .text.mw_osSignalWaitEver
                0x0000445a       0x20 mw_signal.o
                0x0000445a                mw_osSignalWaitEver
 .text.mw_osSignalEventCreate
                0x0000447a       0x20 mw_signal.o
                0x0000447a                mw_osSignalEventCreate
 .text.mw_osSignalEventRelease
                0x0000449a       0x26 mw_signal.o
                0x0000449a                mw_osSignalEventRelease
 .text.mw_osSignalEventWaitEver
                0x000044c0       0x34 mw_signal.o
                0x000044c0                mw_osSignalEventWaitEver
 .text.mw_osThreadCreate
                0x000044f4       0x52 mw_thread.o
                0x000044f4                mw_osThreadCreate
 .text.mw_osThreadGetId
                0x00004546        0xe mw_thread.o
                0x00004546                mw_osThreadGetId
 .text.mw_osThreadExit
                0x00004554       0x22 mw_thread.o
                0x00004554                mw_osThreadExit
 .text.mw_osTimerCreate
                0x00004576       0x4e mw_timer.o
                0x00004576                mw_osTimerCreate
 .text.mw_osTimerStart
                0x000045c4       0x24 mw_timer.o
                0x000045c4                mw_osTimerStart
 .text.rtGetInf
                0x000045e8       0x60 rtGetInf.o
                0x000045e8                rtGetInf
 .text.rtGetInfF
                0x00004648       0x20 rtGetInf.o
                0x00004648                rtGetInfF
 .text.rtGetMinusInf
                0x00004668       0x60 rtGetInf.o
                0x00004668                rtGetMinusInf
 .text.rtGetMinusInfF
                0x000046c8       0x24 rtGetInf.o
                0x000046c8                rtGetMinusInfF
 .text.rtGetNaN
                0x000046ec       0x60 rtGetNaN.o
                0x000046ec                rtGetNaN
 .text.rtGetNaNF
                0x0000474c       0x28 rtGetNaN.o
                0x0000474c                rtGetNaNF
 .text.rt_InitInfAndNaN
                0x00004774       0x88 rt_nonfinite.o
                0x00004774                rt_InitInfAndNaN
 .text.rtIsInf  0x000047fc       0x50 rt_nonfinite.o
                0x000047fc                rtIsInf
 .text.rtIsNaN  0x0000484c       0x6c rt_nonfinite.o
                0x0000484c                rtIsNaN
 .text.rtIsNaNF
                0x000048b8       0x38 rt_nonfinite.o
                0x000048b8                rtIsNaNF
 .text._sbrk    0x000048f0       0x5c sbrk.o
                0x000048f0                _sbrk
 .text.init_data_bss
                0x0000494c       0xcc startup.o
                0x0000494c                init_data_bss
 .text.SystemInit
                0x00004a18      0x1dc system_MK64F12.o
                0x00004a18                SystemInit
 .text.SystemCoreClockUpdate
                0x00004bf4      0x278 system_MK64F12.o
                0x00004bf4                SystemCoreClockUpdate
 .text.osThreadExit
                0x00004e6c       0x18 C:/ProgramData/MATLAB/SupportPackages/R2020a/3P.instrset/cmsis.instrset/CMSIS/RTOS/RTX/LIB/GCC/libRTX_CM4.a(rt_cmsis.o)
                0x00004e6c                osThreadExit
 .text.svcKernelInitialize
                0x00004e84      0x100 C:/ProgramData/MATLAB/SupportPackages/R2020a/3P.instrset/cmsis.instrset/CMSIS/RTOS/RTX/LIB/GCC/libRTX_CM4.a(rt_cmsis.o)
                0x00004e84                svcKernelInitialize
 .text.svcKernelStart
                0x00004f84       0x4c C:/ProgramData/MATLAB/SupportPackages/R2020a/3P.instrset/cmsis.instrset/CMSIS/RTOS/RTX/LIB/GCC/libRTX_CM4.a(rt_cmsis.o)
                0x00004f84                svcKernelStart
 .text.osKernelInitialize
                0x00004fd0      0x120 C:/ProgramData/MATLAB/SupportPackages/R2020a/3P.instrset/cmsis.instrset/CMSIS/RTOS/RTX/LIB/GCC/libRTX_CM4.a(rt_cmsis.o)
                0x00004fd0                osKernelInitialize
 .text.osKernelStart
                0x000050f0       0x70 C:/ProgramData/MATLAB/SupportPackages/R2020a/3P.instrset/cmsis.instrset/CMSIS/RTOS/RTX/LIB/GCC/libRTX_CM4.a(rt_cmsis.o)
                0x000050f0                osKernelStart
 .text.svcThreadCreate
                0x00005160       0x7c C:/ProgramData/MATLAB/SupportPackages/R2020a/3P.instrset/cmsis.instrset/CMSIS/RTOS/RTX/LIB/GCC/libRTX_CM4.a(rt_cmsis.o)
                0x00005160                svcThreadCreate
 .text.svcThreadGetId
                0x000051dc       0x18 C:/ProgramData/MATLAB/SupportPackages/R2020a/3P.instrset/cmsis.instrset/CMSIS/RTOS/RTX/LIB/GCC/libRTX_CM4.a(rt_cmsis.o)
                0x000051dc                svcThreadGetId
 .text.svcThreadTerminate
                0x000051f4       0x44 C:/ProgramData/MATLAB/SupportPackages/R2020a/3P.instrset/cmsis.instrset/CMSIS/RTOS/RTX/LIB/GCC/libRTX_CM4.a(rt_cmsis.o)
                0x000051f4                svcThreadTerminate
 .text.osThreadCreate
                0x00005238       0x9c C:/ProgramData/MATLAB/SupportPackages/R2020a/3P.instrset/cmsis.instrset/CMSIS/RTOS/RTX/LIB/GCC/libRTX_CM4.a(rt_cmsis.o)
                0x00005238                osThreadCreate
 .text.osThreadGetId
                0x000052d4       0x18 C:/ProgramData/MATLAB/SupportPackages/R2020a/3P.instrset/cmsis.instrset/CMSIS/RTOS/RTX/LIB/GCC/libRTX_CM4.a(rt_cmsis.o)
                0x000052d4                osThreadGetId
 .text.osThreadTerminate
                0x000052ec       0x18 C:/ProgramData/MATLAB/SupportPackages/R2020a/3P.instrset/cmsis.instrset/CMSIS/RTOS/RTX/LIB/GCC/libRTX_CM4.a(rt_cmsis.o)
                0x000052ec                osThreadTerminate
 .text.svcTimerCreate
                0x00005304       0x3c C:/ProgramData/MATLAB/SupportPackages/R2020a/3P.instrset/cmsis.instrset/CMSIS/RTOS/RTX/LIB/GCC/libRTX_CM4.a(rt_cmsis.o)
                0x00005304                svcTimerCreate
 .text.svcTimerStart
                0x00005340       0xc8 C:/ProgramData/MATLAB/SupportPackages/R2020a/3P.instrset/cmsis.instrset/CMSIS/RTOS/RTX/LIB/GCC/libRTX_CM4.a(rt_cmsis.o)
                0x00005340                svcTimerStart
 .text.svcTimerCall
                0x00005408       0x18 C:/ProgramData/MATLAB/SupportPackages/R2020a/3P.instrset/cmsis.instrset/CMSIS/RTOS/RTX/LIB/GCC/libRTX_CM4.a(rt_cmsis.o)
                0x00005408                svcTimerCall
 .text.sysTimerTick
                0x00005420       0xb4 C:/ProgramData/MATLAB/SupportPackages/R2020a/3P.instrset/cmsis.instrset/CMSIS/RTOS/RTX/LIB/GCC/libRTX_CM4.a(rt_cmsis.o)
                0x00005420                sysTimerTick
 .text.osTimerCreate
                0x000054d4       0x64 C:/ProgramData/MATLAB/SupportPackages/R2020a/3P.instrset/cmsis.instrset/CMSIS/RTOS/RTX/LIB/GCC/libRTX_CM4.a(rt_cmsis.o)
                0x000054d4                osTimerCreate
 .text.osTimerStart
                0x00005538       0x18 C:/ProgramData/MATLAB/SupportPackages/R2020a/3P.instrset/cmsis.instrset/CMSIS/RTOS/RTX/LIB/GCC/libRTX_CM4.a(rt_cmsis.o)
                0x00005538                osTimerStart
 .text.osTimerThread
                0x00005550       0x40 C:/ProgramData/MATLAB/SupportPackages/R2020a/3P.instrset/cmsis.instrset/CMSIS/RTOS/RTX/LIB/GCC/libRTX_CM4.a(rt_cmsis.o)
                0x00005550                osTimerThread
 .text.svcSignalSet
                0x00005590       0x28 C:/ProgramData/MATLAB/SupportPackages/R2020a/3P.instrset/cmsis.instrset/CMSIS/RTOS/RTX/LIB/GCC/libRTX_CM4.a(rt_cmsis.o)
                0x00005590                svcSignalSet
 .text.svcSignalClear
                0x000055b8       0x28 C:/ProgramData/MATLAB/SupportPackages/R2020a/3P.instrset/cmsis.instrset/CMSIS/RTOS/RTX/LIB/GCC/libRTX_CM4.a(rt_cmsis.o)
                0x000055b8                svcSignalClear
 .text.svcSignalWait
                0x000055e0       0xfc C:/ProgramData/MATLAB/SupportPackages/R2020a/3P.instrset/cmsis.instrset/CMSIS/RTOS/RTX/LIB/GCC/libRTX_CM4.a(rt_cmsis.o)
                0x000055e0                svcSignalWait
 .text.osSignalSet
                0x000056dc       0x40 C:/ProgramData/MATLAB/SupportPackages/R2020a/3P.instrset/cmsis.instrset/CMSIS/RTOS/RTX/LIB/GCC/libRTX_CM4.a(rt_cmsis.o)
                0x000056dc                osSignalSet
 .text.osSignalClear
                0x0000571c       0x1c C:/ProgramData/MATLAB/SupportPackages/R2020a/3P.instrset/cmsis.instrset/CMSIS/RTOS/RTX/LIB/GCC/libRTX_CM4.a(rt_cmsis.o)
                0x0000571c                osSignalClear
 .text.osSignalWait
                0x00005738       0x28 C:/ProgramData/MATLAB/SupportPackages/R2020a/3P.instrset/cmsis.instrset/CMSIS/RTOS/RTX/LIB/GCC/libRTX_CM4.a(rt_cmsis.o)
                0x00005738                osSignalWait
 .text.svcMessageGet
                0x00005760       0xa8 C:/ProgramData/MATLAB/SupportPackages/R2020a/3P.instrset/cmsis.instrset/CMSIS/RTOS/RTX/LIB/GCC/libRTX_CM4.a(rt_cmsis.o)
                0x00005760                svcMessageGet
 .text.rt_init_stack
                0x00005808       0xa4 C:/ProgramData/MATLAB/SupportPackages/R2020a/3P.instrset/cmsis.instrset/CMSIS/RTOS/RTX/LIB/GCC/libRTX_CM4.a(hal_cm.o)
                0x00005808                rt_init_stack
 .text.rt_ret_val
                0x000058ac       0x14 C:/ProgramData/MATLAB/SupportPackages/R2020a/3P.instrset/cmsis.instrset/CMSIS/RTOS/RTX/LIB/GCC/libRTX_CM4.a(hal_cm.o)
                0x000058ac                rt_ret_val
 .text.rt_ret_val2
                0x000058c0       0x24 C:/ProgramData/MATLAB/SupportPackages/R2020a/3P.instrset/cmsis.instrset/CMSIS/RTOS/RTX/LIB/GCC/libRTX_CM4.a(hal_cm.o)
                0x000058c0                rt_ret_val2
 .text.dbg_init
                0x000058e4       0x34 C:/ProgramData/MATLAB/SupportPackages/R2020a/3P.instrset/cmsis.instrset/CMSIS/RTOS/RTX/LIB/GCC/libRTX_CM4.a(hal_cm.o)
                0x000058e4                dbg_init
 .text.dbg_task_notify
                0x00005918       0x2c C:/ProgramData/MATLAB/SupportPackages/R2020a/3P.instrset/cmsis.instrset/CMSIS/RTOS/RTX/LIB/GCC/libRTX_CM4.a(hal_cm.o)
                0x00005918                dbg_task_notify
 .text.dbg_task_switch
                0x00005944       0x14 C:/ProgramData/MATLAB/SupportPackages/R2020a/3P.instrset/cmsis.instrset/CMSIS/RTOS/RTX/LIB/GCC/libRTX_CM4.a(hal_cm.o)
                0x00005944                dbg_task_switch
 .text.rt_init_mem
                0x00005958       0x1c C:/ProgramData/MATLAB/SupportPackages/R2020a/3P.instrset/cmsis.instrset/CMSIS/RTOS/RTX/LIB/GCC/libRTX_CM4.a(rt_memory.o)
                0x00005958                rt_init_mem
 .text.rt_alloc_mem
                0x00005974       0x50 C:/ProgramData/MATLAB/SupportPackages/R2020a/3P.instrset/cmsis.instrset/CMSIS/RTOS/RTX/LIB/GCC/libRTX_CM4.a(rt_memory.o)
                0x00005974                rt_alloc_mem
 .text.rt_free_mem
                0x000059c4       0x44 C:/ProgramData/MATLAB/SupportPackages/R2020a/3P.instrset/cmsis.instrset/CMSIS/RTOS/RTX/LIB/GCC/libRTX_CM4.a(rt_memory.o)
                0x000059c4                rt_free_mem
 .text._init_box
                0x00005a08       0x58 C:/ProgramData/MATLAB/SupportPackages/R2020a/3P.instrset/cmsis.instrset/CMSIS/RTOS/RTX/LIB/GCC/libRTX_CM4.a(rt_membox.o)
                0x00005a08                _init_box
 .text.rt_alloc_box
                0x00005a60       0x1c C:/ProgramData/MATLAB/SupportPackages/R2020a/3P.instrset/cmsis.instrset/CMSIS/RTOS/RTX/LIB/GCC/libRTX_CM4.a(rt_membox.o)
                0x00005a60                rt_alloc_box
 .text.rt_free_box
                0x00005a7c       0x28 C:/ProgramData/MATLAB/SupportPackages/R2020a/3P.instrset/cmsis.instrset/CMSIS/RTOS/RTX/LIB/GCC/libRTX_CM4.a(rt_membox.o)
                0x00005a7c                rt_free_box
 .text.rt_sem_psh
                0x00005aa4       0x34 C:/ProgramData/MATLAB/SupportPackages/R2020a/3P.instrset/cmsis.instrset/CMSIS/RTOS/RTX/LIB/GCC/libRTX_CM4.a(rt_semaphore.o)
                0x00005aa4                rt_sem_psh
 .text.rt_mbx_init
                0x00005ad8       0x1c C:/ProgramData/MATLAB/SupportPackages/R2020a/3P.instrset/cmsis.instrset/CMSIS/RTOS/RTX/LIB/GCC/libRTX_CM4.a(rt_mailbox.o)
                0x00005ad8                rt_mbx_init
 .text.rt_mbx_wait
                0x00005af4       0xa8 C:/ProgramData/MATLAB/SupportPackages/R2020a/3P.instrset/cmsis.instrset/CMSIS/RTOS/RTX/LIB/GCC/libRTX_CM4.a(rt_mailbox.o)
                0x00005af4                rt_mbx_wait
 .text.rt_mbx_check
                0x00005b9c        0x8 C:/ProgramData/MATLAB/SupportPackages/R2020a/3P.instrset/cmsis.instrset/CMSIS/RTOS/RTX/LIB/GCC/libRTX_CM4.a(rt_mailbox.o)
                0x00005b9c                rt_mbx_check
 .text.isr_mbx_send
                0x00005ba4       0x10 C:/ProgramData/MATLAB/SupportPackages/R2020a/3P.instrset/cmsis.instrset/CMSIS/RTOS/RTX/LIB/GCC/libRTX_CM4.a(rt_mailbox.o)
                0x00005ba4                isr_mbx_send
 .text.rt_mbx_psh
                0x00005bb4       0xe4 C:/ProgramData/MATLAB/SupportPackages/R2020a/3P.instrset/cmsis.instrset/CMSIS/RTOS/RTX/LIB/GCC/libRTX_CM4.a(rt_mailbox.o)
                0x00005bb4                rt_mbx_psh
 .text.rt_put_prio
                0x00005c98       0x50 C:/ProgramData/MATLAB/SupportPackages/R2020a/3P.instrset/cmsis.instrset/CMSIS/RTOS/RTX/LIB/GCC/libRTX_CM4.a(rt_list.o)
                0x00005c98                rt_put_prio
 .text.rt_get_first
                0x00005ce8       0x28 C:/ProgramData/MATLAB/SupportPackages/R2020a/3P.instrset/cmsis.instrset/CMSIS/RTOS/RTX/LIB/GCC/libRTX_CM4.a(rt_list.o)
                0x00005ce8                rt_get_first
 .text.rt_put_rdy_first
                0x00005d10       0x14 C:/ProgramData/MATLAB/SupportPackages/R2020a/3P.instrset/cmsis.instrset/CMSIS/RTOS/RTX/LIB/GCC/libRTX_CM4.a(rt_list.o)
                0x00005d10                rt_put_rdy_first
 .text.rt_resort_prio
                0x00005d24       0x94 C:/ProgramData/MATLAB/SupportPackages/R2020a/3P.instrset/cmsis.instrset/CMSIS/RTOS/RTX/LIB/GCC/libRTX_CM4.a(rt_list.o)
                0x00005d24                rt_resort_prio
 .text.rt_put_dly
                0x00005db8       0x60 C:/ProgramData/MATLAB/SupportPackages/R2020a/3P.instrset/cmsis.instrset/CMSIS/RTOS/RTX/LIB/GCC/libRTX_CM4.a(rt_list.o)
                0x00005db8                rt_put_dly
 .text.rt_dec_dly
                0x00005e18       0xd8 C:/ProgramData/MATLAB/SupportPackages/R2020a/3P.instrset/cmsis.instrset/CMSIS/RTOS/RTX/LIB/GCC/libRTX_CM4.a(rt_list.o)
                0x00005e18                rt_dec_dly
 .text.rt_rmv_list
                0x00005ef0       0x2c C:/ProgramData/MATLAB/SupportPackages/R2020a/3P.instrset/cmsis.instrset/CMSIS/RTOS/RTX/LIB/GCC/libRTX_CM4.a(rt_list.o)
                0x00005ef0                rt_rmv_list
 .text.rt_rmv_dly
                0x00005f1c       0x2c C:/ProgramData/MATLAB/SupportPackages/R2020a/3P.instrset/cmsis.instrset/CMSIS/RTOS/RTX/LIB/GCC/libRTX_CM4.a(rt_list.o)
                0x00005f1c                rt_rmv_dly
 .text.rt_psq_enq
                0x00005f48       0x44 C:/ProgramData/MATLAB/SupportPackages/R2020a/3P.instrset/cmsis.instrset/CMSIS/RTOS/RTX/LIB/GCC/libRTX_CM4.a(rt_list.o)
                0x00005f48                rt_psq_enq
 .text.rt_evt_wait
                0x00005f8c       0x4c C:/ProgramData/MATLAB/SupportPackages/R2020a/3P.instrset/cmsis.instrset/CMSIS/RTOS/RTX/LIB/GCC/libRTX_CM4.a(rt_event.o)
                0x00005f8c                rt_evt_wait
 .text.rt_evt_set
                0x00005fd8       0x58 C:/ProgramData/MATLAB/SupportPackages/R2020a/3P.instrset/cmsis.instrset/CMSIS/RTOS/RTX/LIB/GCC/libRTX_CM4.a(rt_event.o)
                0x00005fd8                rt_evt_set
 .text.rt_evt_clr
                0x00006030       0x18 C:/ProgramData/MATLAB/SupportPackages/R2020a/3P.instrset/cmsis.instrset/CMSIS/RTOS/RTX/LIB/GCC/libRTX_CM4.a(rt_event.o)
                0x00006030                rt_evt_clr
 .text.isr_evt_set
                0x00006048       0x24 C:/ProgramData/MATLAB/SupportPackages/R2020a/3P.instrset/cmsis.instrset/CMSIS/RTOS/RTX/LIB/GCC/libRTX_CM4.a(rt_event.o)
                0x00006048                isr_evt_set
 .text.rt_evt_psh
                0x0000606c       0x50 C:/ProgramData/MATLAB/SupportPackages/R2020a/3P.instrset/cmsis.instrset/CMSIS/RTOS/RTX/LIB/GCC/libRTX_CM4.a(rt_event.o)
                0x0000606c                rt_evt_psh
 .text.rt_psh_req
                0x000060bc       0x20 C:/ProgramData/MATLAB/SupportPackages/R2020a/3P.instrset/cmsis.instrset/CMSIS/RTOS/RTX/LIB/GCC/libRTX_CM4.a(rt_system.o)
                0x000060bc                rt_psh_req
 .text.rt_pop_req
                0x000060dc       0x78 C:/ProgramData/MATLAB/SupportPackages/R2020a/3P.instrset/cmsis.instrset/CMSIS/RTOS/RTX/LIB/GCC/libRTX_CM4.a(rt_system.o)
                0x000060dc                rt_pop_req
 .text.os_tick_init
                0x00006154       0x40 C:/ProgramData/MATLAB/SupportPackages/R2020a/3P.instrset/cmsis.instrset/CMSIS/RTOS/RTX/LIB/GCC/libRTX_CM4.a(rt_system.o)
                0x00006154                os_tick_init
 .text.os_tick_irqack
                0x00006194        0x4 C:/ProgramData/MATLAB/SupportPackages/R2020a/3P.instrset/cmsis.instrset/CMSIS/RTOS/RTX/LIB/GCC/libRTX_CM4.a(rt_system.o)
                0x00006194                os_tick_irqack
 .text.rt_systick
                0x00006198       0x3c C:/ProgramData/MATLAB/SupportPackages/R2020a/3P.instrset/cmsis.instrset/CMSIS/RTOS/RTX/LIB/GCC/libRTX_CM4.a(rt_system.o)
                0x00006198                rt_systick
 .text.rt_stk_check
                0x000061d4       0x24 C:/ProgramData/MATLAB/SupportPackages/R2020a/3P.instrset/cmsis.instrset/CMSIS/RTOS/RTX/LIB/GCC/libRTX_CM4.a(rt_system.o)
                0x000061d4                rt_stk_check
 .text.rt_switch_req
                0x000061f8       0x24 C:/ProgramData/MATLAB/SupportPackages/R2020a/3P.instrset/cmsis.instrset/CMSIS/RTOS/RTX/LIB/GCC/libRTX_CM4.a(rt_task.o)
                0x000061f8                rt_switch_req
 .text.rt_dispatch
                0x0000621c       0x7c C:/ProgramData/MATLAB/SupportPackages/R2020a/3P.instrset/cmsis.instrset/CMSIS/RTOS/RTX/LIB/GCC/libRTX_CM4.a(rt_task.o)
                0x0000621c                rt_dispatch
 .text.rt_block
                0x00006298       0x50 C:/ProgramData/MATLAB/SupportPackages/R2020a/3P.instrset/cmsis.instrset/CMSIS/RTOS/RTX/LIB/GCC/libRTX_CM4.a(rt_task.o)
                0x00006298                rt_block
 .text.rt_tsk_self
                0x000062e8       0x10 C:/ProgramData/MATLAB/SupportPackages/R2020a/3P.instrset/cmsis.instrset/CMSIS/RTOS/RTX/LIB/GCC/libRTX_CM4.a(rt_task.o)
                0x000062e8                rt_tsk_self
 .text.rt_tsk_prio
                0x000062f8       0xf8 C:/ProgramData/MATLAB/SupportPackages/R2020a/3P.instrset/cmsis.instrset/CMSIS/RTOS/RTX/LIB/GCC/libRTX_CM4.a(rt_task.o)
                0x000062f8                rt_tsk_prio
 .text.rt_tsk_create
                0x000063f0      0x110 C:/ProgramData/MATLAB/SupportPackages/R2020a/3P.instrset/cmsis.instrset/CMSIS/RTOS/RTX/LIB/GCC/libRTX_CM4.a(rt_task.o)
                0x000063f0                rt_tsk_create
 .text.rt_tsk_delete
                0x00006500      0x1c4 C:/ProgramData/MATLAB/SupportPackages/R2020a/3P.instrset/cmsis.instrset/CMSIS/RTOS/RTX/LIB/GCC/libRTX_CM4.a(rt_task.o)
                0x00006500                rt_tsk_delete
 .text.rt_sys_init
                0x000066c4       0xec C:/ProgramData/MATLAB/SupportPackages/R2020a/3P.instrset/cmsis.instrset/CMSIS/RTOS/RTX/LIB/GCC/libRTX_CM4.a(rt_task.o)
                0x000066c4                rt_sys_init
 .text.rt_sys_start
                0x000067b0       0x8c C:/ProgramData/MATLAB/SupportPackages/R2020a/3P.instrset/cmsis.instrset/CMSIS/RTOS/RTX/LIB/GCC/libRTX_CM4.a(rt_task.o)
                0x000067b0                rt_sys_start
 .text.OSA_TimeInit
                0x0000683c       0x44 C:/ProgramData/MATLAB/SupportPackages/R2020a/toolbox/target/supportpackages/freedomk64f/src/ksdk_armgcc_lib/bm/libksdk_platform.a(fsl_os_abstraction_bm.o)
                0x0000683c                OSA_TimeInit
 .text.OSA_SemaPost
                0x00006880       0x3c C:/ProgramData/MATLAB/SupportPackages/R2020a/toolbox/target/supportpackages/freedomk64f/src/ksdk_armgcc_lib/bm/libksdk_platform.a(fsl_os_abstraction_bm.o)
                0x00006880                OSA_SemaPost
 .text.task_init
                0x000068bc       0x38 C:/ProgramData/MATLAB/SupportPackages/R2020a/toolbox/target/supportpackages/freedomk64f/src/ksdk_armgcc_lib/bm/libksdk_platform.a(fsl_os_abstraction_bm.o)
                0x000068bc                task_init
 .text.OSA_Init
                0x000068f4        0xe C:/ProgramData/MATLAB/SupportPackages/R2020a/toolbox/target/supportpackages/freedomk64f/src/ksdk_armgcc_lib/bm/libksdk_platform.a(fsl_os_abstraction_bm.o)
                0x000068f4                OSA_Init
 *fill*         0x00006902        0x2 
 .text.CLOCK_SYS_SetMcgPeeToFbe
                0x00006904       0x34 C:/ProgramData/MATLAB/SupportPackages/R2020a/toolbox/target/supportpackages/freedomk64f/src/ksdk_armgcc_lib/bm/libksdk_platform.a(fsl_clock_manager.o)
 .text.CLOCK_SYS_SetMcgMode
                0x00006938      0x124 C:/ProgramData/MATLAB/SupportPackages/R2020a/toolbox/target/supportpackages/freedomk64f/src/ksdk_armgcc_lib/bm/libksdk_platform.a(fsl_clock_manager.o)
                0x00006938                CLOCK_SYS_SetMcgMode
 .text.CLOCK_SYS_SetOscerConfigration
                0x00006a5c       0x1c C:/ProgramData/MATLAB/SupportPackages/R2020a/toolbox/target/supportpackages/freedomk64f/src/ksdk_armgcc_lib/bm/libksdk_platform.a(fsl_clock_manager.o)
                0x00006a5c                CLOCK_SYS_SetOscerConfigration
 .text.CLOCK_SYS_OscInit
                0x00006a78       0x9c C:/ProgramData/MATLAB/SupportPackages/R2020a/toolbox/target/supportpackages/freedomk64f/src/ksdk_armgcc_lib/bm/libksdk_platform.a(fsl_clock_manager.o)
                0x00006a78                CLOCK_SYS_OscInit
 .text.CLOCK_SYS_RtcOscInit
                0x00006b14       0x68 C:/ProgramData/MATLAB/SupportPackages/R2020a/toolbox/target/supportpackages/freedomk64f/src/ksdk_armgcc_lib/bm/libksdk_platform.a(fsl_clock_manager.o)
                0x00006b14                CLOCK_SYS_RtcOscInit
 .text.SIM_HAL_EnableClock.constprop.10
                0x00006b7c       0x1c C:/ProgramData/MATLAB/SupportPackages/R2020a/toolbox/target/supportpackages/freedomk64f/src/ksdk_armgcc_lib/bm/libksdk_platform.a(fsl_clock_MK64F12.o)
 .text.CLOCK_SYS_GetCoreClockFreq
                0x00006b98       0x24 C:/ProgramData/MATLAB/SupportPackages/R2020a/toolbox/target/supportpackages/freedomk64f/src/ksdk_armgcc_lib/bm/libksdk_platform.a(fsl_clock_MK64F12.o)
                0x00006b98                CLOCK_SYS_GetCoreClockFreq
 .text.CLOCK_SYS_SetConfiguration
                0x00006bbc       0x94 C:/ProgramData/MATLAB/SupportPackages/R2020a/toolbox/target/supportpackages/freedomk64f/src/ksdk_armgcc_lib/bm/libksdk_platform.a(fsl_clock_MK64F12.o)
                0x00006bbc                CLOCK_SYS_SetConfiguration
 .text.CLOCK_SYS_FllStableDelay
                0x00006c50       0x1a C:/ProgramData/MATLAB/SupportPackages/R2020a/toolbox/target/supportpackages/freedomk64f/src/ksdk_armgcc_lib/bm/libksdk_platform.a(fsl_clock_MK64F12.o)
 *fill*         0x00006c6a        0x2 
 .text.CLOCK_SYS_GetBusClockFreq
                0x00006c6c       0x24 C:/ProgramData/MATLAB/SupportPackages/R2020a/toolbox/target/supportpackages/freedomk64f/src/ksdk_armgcc_lib/bm/libksdk_platform.a(fsl_clock_MK64F12.o)
                0x00006c6c                CLOCK_SYS_GetBusClockFreq
 .text.CLOCK_SYS_GetFtmExternalFreq
                0x00006c90       0x20 C:/ProgramData/MATLAB/SupportPackages/R2020a/toolbox/target/supportpackages/freedomk64f/src/ksdk_armgcc_lib/bm/libksdk_platform.a(fsl_clock_MK64F12.o)
                0x00006c90                CLOCK_SYS_GetFtmExternalFreq
 .text.CLOCK_SYS_EnablePortClock
                0x00006cb0       0x30 C:/ProgramData/MATLAB/SupportPackages/R2020a/toolbox/target/supportpackages/freedomk64f/src/ksdk_armgcc_lib/bm/libksdk_platform.a(fsl_clock_MK64F12.o)
                0x00006cb0                CLOCK_SYS_EnablePortClock
 .text.CLOCK_SYS_EnableFtmClock
                0x00006ce0       0x30 C:/ProgramData/MATLAB/SupportPackages/R2020a/toolbox/target/supportpackages/freedomk64f/src/ksdk_armgcc_lib/bm/libksdk_platform.a(fsl_clock_MK64F12.o)
                0x00006ce0                CLOCK_SYS_EnableFtmClock
 .text.INT_SYS_EnableIRQGlobal
                0x00006d10       0x14 C:/ProgramData/MATLAB/SupportPackages/R2020a/toolbox/target/supportpackages/freedomk64f/src/ksdk_armgcc_lib/bm/libksdk_platform.a(fsl_interrupt_manager.o)
                0x00006d10                INT_SYS_EnableIRQGlobal
 .text.INT_SYS_DisableIRQGlobal
                0x00006d24       0x10 C:/ProgramData/MATLAB/SupportPackages/R2020a/toolbox/target/supportpackages/freedomk64f/src/ksdk_armgcc_lib/bm/libksdk_platform.a(fsl_interrupt_manager.o)
                0x00006d24                INT_SYS_DisableIRQGlobal
 .text.EDMA_DRV_IRQHandler
                0x00006d34       0x30 C:/ProgramData/MATLAB/SupportPackages/R2020a/toolbox/target/supportpackages/freedomk64f/src/ksdk_armgcc_lib/bm/libksdk_platform.a(fsl_edma_driver.o)
                0x00006d34                EDMA_DRV_IRQHandler
 .text.EDMA_DRV_ErrorIRQHandler
                0x00006d64       0x88 C:/ProgramData/MATLAB/SupportPackages/R2020a/toolbox/target/supportpackages/freedomk64f/src/ksdk_armgcc_lib/bm/libksdk_platform.a(fsl_edma_driver.o)
                0x00006d64                EDMA_DRV_ErrorIRQHandler
 .text.FTM_HAL_SetClockSource
                0x00006dec       0x12 C:/ProgramData/MATLAB/SupportPackages/R2020a/toolbox/target/supportpackages/freedomk64f/src/ksdk_armgcc_lib/bm/libksdk_platform.a(fsl_ftm_driver.o)
 *fill*         0x00006dfe        0x2 
 .text.unlikely.FTM_HAL_SetChnCountVal.part.2
                0x00006e00       0x1c C:/ProgramData/MATLAB/SupportPackages/R2020a/toolbox/target/supportpackages/freedomk64f/src/ksdk_armgcc_lib/bm/libksdk_platform.a(fsl_ftm_driver.o)
 .text.FTM_DRV_Init
                0x00006e1c      0x108 C:/ProgramData/MATLAB/SupportPackages/R2020a/toolbox/target/supportpackages/freedomk64f/src/ksdk_armgcc_lib/bm/libksdk_platform.a(fsl_ftm_driver.o)
                0x00006e1c                FTM_DRV_Init
 .text.FTM_DRV_SetClock
                0x00006f24       0x54 C:/ProgramData/MATLAB/SupportPackages/R2020a/toolbox/target/supportpackages/freedomk64f/src/ksdk_armgcc_lib/bm/libksdk_platform.a(fsl_ftm_driver.o)
                0x00006f24                FTM_DRV_SetClock
 .text.FTM_DRV_GetClock
                0x00006f78       0x68 C:/ProgramData/MATLAB/SupportPackages/R2020a/toolbox/target/supportpackages/freedomk64f/src/ksdk_armgcc_lib/bm/libksdk_platform.a(fsl_ftm_driver.o)
                0x00006f78                FTM_DRV_GetClock
 .text.FTM_DRV_PwmStart
                0x00006fe0      0x1c8 C:/ProgramData/MATLAB/SupportPackages/R2020a/toolbox/target/supportpackages/freedomk64f/src/ksdk_armgcc_lib/bm/libksdk_platform.a(fsl_ftm_driver.o)
                0x00006fe0                FTM_DRV_PwmStart
 .text.unlikely.PORT_HAL_SetMuxMode.part.0
                0x000071a8       0x1c C:/ProgramData/MATLAB/SupportPackages/R2020a/toolbox/target/supportpackages/freedomk64f/src/ksdk_armgcc_lib/bm/libksdk_platform.a(fsl_gpio_driver.o)
 .text.GPIO_DRV_InputPinInit
                0x000071c4       0xe0 C:/ProgramData/MATLAB/SupportPackages/R2020a/toolbox/target/supportpackages/freedomk64f/src/ksdk_armgcc_lib/bm/libksdk_platform.a(fsl_gpio_driver.o)
                0x000071c4                GPIO_DRV_InputPinInit
 .text.GPIO_DRV_OutputPinInit
                0x000072a4       0x70 C:/ProgramData/MATLAB/SupportPackages/R2020a/toolbox/target/supportpackages/freedomk64f/src/ksdk_armgcc_lib/bm/libksdk_platform.a(fsl_gpio_driver.o)
                0x000072a4                GPIO_DRV_OutputPinInit
 .text.GPIO_DRV_WritePinOutput
                0x00007314       0x1c C:/ProgramData/MATLAB/SupportPackages/R2020a/toolbox/target/supportpackages/freedomk64f/src/ksdk_armgcc_lib/bm/libksdk_platform.a(fsl_gpio_driver.o)
                0x00007314                GPIO_DRV_WritePinOutput
 .text.GPIO_DRV_ReadPinInput
                0x00007330       0x3c C:/ProgramData/MATLAB/SupportPackages/R2020a/toolbox/target/supportpackages/freedomk64f/src/ksdk_armgcc_lib/bm/libksdk_platform.a(fsl_gpio_driver.o)
                0x00007330                GPIO_DRV_ReadPinInput
 .text.LPTMR_HAL_SetTimerWorkingMode
                0x0000736c       0x3c C:/ProgramData/MATLAB/SupportPackages/R2020a/toolbox/target/supportpackages/freedomk64f/src/ksdk_armgcc_lib/bm/libksdk_platform.a(fsl_lptmr_hal.o)
                0x0000736c                LPTMR_HAL_SetTimerWorkingMode
 .text.LPTMR_HAL_SetPrescalerMode
                0x000073a8       0x1a C:/ProgramData/MATLAB/SupportPackages/R2020a/toolbox/target/supportpackages/freedomk64f/src/ksdk_armgcc_lib/bm/libksdk_platform.a(fsl_lptmr_hal.o)
                0x000073a8                LPTMR_HAL_SetPrescalerMode
 *fill*         0x000073c2        0x2 
 .text.CLOCK_HAL_TestOscFreq
                0x000073c4       0x28 C:/ProgramData/MATLAB/SupportPackages/R2020a/toolbox/target/supportpackages/freedomk64f/src/ksdk_armgcc_lib/bm/libksdk_platform.a(fsl_mcg_hal.o)
                0x000073c4                CLOCK_HAL_TestOscFreq
 .text.CLOCK_HAL_GetMcgExternalClkFreq
                0x000073ec        0xa C:/ProgramData/MATLAB/SupportPackages/R2020a/toolbox/target/supportpackages/freedomk64f/src/ksdk_armgcc_lib/bm/libksdk_platform.a(fsl_mcg_hal.o)
 .text.CLOCK_HAL_TestFllExternalRefFreq
                0x000073f6       0x32 C:/ProgramData/MATLAB/SupportPackages/R2020a/toolbox/target/supportpackages/freedomk64f/src/ksdk_armgcc_lib/bm/libksdk_platform.a(fsl_mcg_hal.o)
                0x000073f6                CLOCK_HAL_TestFllExternalRefFreq
 .text.CLOCK_HAL_GetFllRefClk
                0x00007428       0x3c C:/ProgramData/MATLAB/SupportPackages/R2020a/toolbox/target/supportpackages/freedomk64f/src/ksdk_armgcc_lib/bm/libksdk_platform.a(fsl_mcg_hal.o)
                0x00007428                CLOCK_HAL_GetFllRefClk
 .text.CLOCK_HAL_TestFllFreq
                0x00007464       0x34 C:/ProgramData/MATLAB/SupportPackages/R2020a/toolbox/target/supportpackages/freedomk64f/src/ksdk_armgcc_lib/bm/libksdk_platform.a(fsl_mcg_hal.o)
                0x00007464                CLOCK_HAL_TestFllFreq
 .text.CLOCK_HAL_GetFllClk
                0x00007498       0x36 C:/ProgramData/MATLAB/SupportPackages/R2020a/toolbox/target/supportpackages/freedomk64f/src/ksdk_armgcc_lib/bm/libksdk_platform.a(fsl_mcg_hal.o)
                0x00007498                CLOCK_HAL_GetFllClk
 .text.CLOCK_HAL_UpdateFastClkInternalRefDiv
                0x000074ce       0x52 C:/ProgramData/MATLAB/SupportPackages/R2020a/toolbox/target/supportpackages/freedomk64f/src/ksdk_armgcc_lib/bm/libksdk_platform.a(fsl_mcg_hal.o)
                0x000074ce                CLOCK_HAL_UpdateFastClkInternalRefDiv
 .text.CLOCK_HAL_GetPll0Clk
                0x00007520       0x3e C:/ProgramData/MATLAB/SupportPackages/R2020a/toolbox/target/supportpackages/freedomk64f/src/ksdk_armgcc_lib/bm/libksdk_platform.a(fsl_mcg_hal.o)
                0x00007520                CLOCK_HAL_GetPll0Clk
 .text.CLOCK_HAL_EnablePll0InFllMode
                0x0000755e       0x38 C:/ProgramData/MATLAB/SupportPackages/R2020a/toolbox/target/supportpackages/freedomk64f/src/ksdk_armgcc_lib/bm/libksdk_platform.a(fsl_mcg_hal.o)
                0x0000755e                CLOCK_HAL_EnablePll0InFllMode
 *fill*         0x00007596        0x2 
 .text.CLOCK_HAL_GetInternalRefClk
                0x00007598       0x3c C:/ProgramData/MATLAB/SupportPackages/R2020a/toolbox/target/supportpackages/freedomk64f/src/ksdk_armgcc_lib/bm/libksdk_platform.a(fsl_mcg_hal.o)
                0x00007598                CLOCK_HAL_GetInternalRefClk
 .text.CLOCK_HAL_GetOutClk
                0x000075d4       0x22 C:/ProgramData/MATLAB/SupportPackages/R2020a/toolbox/target/supportpackages/freedomk64f/src/ksdk_armgcc_lib/bm/libksdk_platform.a(fsl_mcg_hal.o)
                0x000075d4                CLOCK_HAL_GetOutClk
 .text.CLOCK_HAL_GetFixedFreqClk
                0x000075f6       0x20 C:/ProgramData/MATLAB/SupportPackages/R2020a/toolbox/target/supportpackages/freedomk64f/src/ksdk_armgcc_lib/bm/libksdk_platform.a(fsl_mcg_hal.o)
                0x000075f6                CLOCK_HAL_GetFixedFreqClk
 .text.CLOCK_HAL_SetOsc0Mode
                0x00007616       0x24 C:/ProgramData/MATLAB/SupportPackages/R2020a/toolbox/target/supportpackages/freedomk64f/src/ksdk_armgcc_lib/bm/libksdk_platform.a(fsl_mcg_hal.o)
                0x00007616                CLOCK_HAL_SetOsc0Mode
 .text.CLOCK_HAL_PrepareOsc
                0x0000763a       0x2c C:/ProgramData/MATLAB/SupportPackages/R2020a/toolbox/target/supportpackages/freedomk64f/src/ksdk_armgcc_lib/bm/libksdk_platform.a(fsl_mcg_hal_modes.o)
 .text.CLOCK_HAL_GetMcgMode
                0x00007666       0x72 C:/ProgramData/MATLAB/SupportPackages/R2020a/toolbox/target/supportpackages/freedomk64f/src/ksdk_armgcc_lib/bm/libksdk_platform.a(fsl_mcg_hal_modes.o)
                0x00007666                CLOCK_HAL_GetMcgMode
 .text.CLOCK_HAL_SetFbiMode
                0x000076d8       0xb8 C:/ProgramData/MATLAB/SupportPackages/R2020a/toolbox/target/supportpackages/freedomk64f/src/ksdk_armgcc_lib/bm/libksdk_platform.a(fsl_mcg_hal_modes.o)
                0x000076d8                CLOCK_HAL_SetFbiMode
 .text.CLOCK_HAL_SetFbeMode
                0x00007790       0xea C:/ProgramData/MATLAB/SupportPackages/R2020a/toolbox/target/supportpackages/freedomk64f/src/ksdk_armgcc_lib/bm/libksdk_platform.a(fsl_mcg_hal_modes.o)
                0x00007790                CLOCK_HAL_SetFbeMode
 *fill*         0x0000787a        0x2 
 .text.CLOCK_HAL_SetPbeMode
                0x0000787c       0xd0 C:/ProgramData/MATLAB/SupportPackages/R2020a/toolbox/target/supportpackages/freedomk64f/src/ksdk_armgcc_lib/bm/libksdk_platform.a(fsl_mcg_hal_modes.o)
                0x0000787c                CLOCK_HAL_SetPbeMode
 .text.OSC_HAL_SetCapacitor
                0x0000794c        0xe C:/ProgramData/MATLAB/SupportPackages/R2020a/toolbox/target/supportpackages/freedomk64f/src/ksdk_armgcc_lib/bm/libksdk_platform.a(fsl_osc_hal.o)
                0x0000794c                OSC_HAL_SetCapacitor
 .text.CLOCK_HAL_SetOutDiv
                0x0000795a       0x28 C:/ProgramData/MATLAB/SupportPackages/R2020a/toolbox/target/supportpackages/freedomk64f/src/ksdk_armgcc_lib/bm/libksdk_platform.a(fsl_sim_hal_MK64F12.o)
                0x0000795a                CLOCK_HAL_SetOutDiv
 *fill*         0x00007982        0x2 
 .text.SIM_HAL_GetFtmExternalClkPinMode
                0x00007984       0x50 C:/ProgramData/MATLAB/SupportPackages/R2020a/toolbox/target/supportpackages/freedomk64f/src/ksdk_armgcc_lib/bm/libksdk_platform.a(fsl_sim_hal_MK64F12.o)
                0x00007984                SIM_HAL_GetFtmExternalClkPinMode
 .text.UART_DRV_CompleteSendData
                0x000079d4       0x54 C:/ProgramData/MATLAB/SupportPackages/R2020a/toolbox/target/supportpackages/freedomk64f/src/ksdk_armgcc_lib/bm/libksdk_platform.a(fsl_uart_driver.o)
 .text.UART_DRV_CompleteReceiveData
                0x00007a28       0x5c C:/ProgramData/MATLAB/SupportPackages/R2020a/toolbox/target/supportpackages/freedomk64f/src/ksdk_armgcc_lib/bm/libksdk_platform.a(fsl_uart_driver.o)
 .text.UART_DRV_IRQHandler
                0x00007a84       0xdc C:/ProgramData/MATLAB/SupportPackages/R2020a/toolbox/target/supportpackages/freedomk64f/src/ksdk_armgcc_lib/bm/libksdk_platform.a(fsl_uart_driver.o)
                0x00007a84                UART_DRV_IRQHandler
 .text.EDMA_HAL_SetDmaRequestCmd
                0x00007b60        0xa C:/ProgramData/MATLAB/SupportPackages/R2020a/toolbox/target/supportpackages/freedomk64f/src/ksdk_armgcc_lib/bm/libksdk_platform.a(fsl_edma_hal.o)
                0x00007b60                EDMA_HAL_SetDmaRequestCmd
 *fill*         0x00007b6a        0x2 
 .text.unlikely.FTM_HAL_SetChnEdgeLevel.part.0
                0x00007b6c       0x1c C:/ProgramData/MATLAB/SupportPackages/R2020a/toolbox/target/supportpackages/freedomk64f/src/ksdk_armgcc_lib/bm/libksdk_platform.a(fsl_ftm_hal.o)
 .text.FTM_HAL_Init
                0x00007b88       0x38 C:/ProgramData/MATLAB/SupportPackages/R2020a/toolbox/target/supportpackages/freedomk64f/src/ksdk_armgcc_lib/bm/libksdk_platform.a(fsl_ftm_hal.o)
                0x00007b88                FTM_HAL_Init
 .text.FTM_HAL_SetSyncMode
                0x00007bc0       0x94 C:/ProgramData/MATLAB/SupportPackages/R2020a/toolbox/target/supportpackages/freedomk64f/src/ksdk_armgcc_lib/bm/libksdk_platform.a(fsl_ftm_hal.o)
                0x00007bc0                FTM_HAL_SetSyncMode
 .text.FTM_HAL_Reset
                0x00007c54       0x3e C:/ProgramData/MATLAB/SupportPackages/R2020a/toolbox/target/supportpackages/freedomk64f/src/ksdk_armgcc_lib/bm/libksdk_platform.a(fsl_ftm_hal.o)
                0x00007c54                FTM_HAL_Reset
 .text.FTM_HAL_GetChnPairIndex
                0x00007c92       0x1e C:/ProgramData/MATLAB/SupportPackages/R2020a/toolbox/target/supportpackages/freedomk64f/src/ksdk_armgcc_lib/bm/libksdk_platform.a(fsl_ftm_hal.o)
                0x00007c92                FTM_HAL_GetChnPairIndex
 .text.FTM_HAL_EnablePwmMode
                0x00007cb0       0xcc C:/ProgramData/MATLAB/SupportPackages/R2020a/toolbox/target/supportpackages/freedomk64f/src/ksdk_armgcc_lib/bm/libksdk_platform.a(fsl_ftm_hal.o)
                0x00007cb0                FTM_HAL_EnablePwmMode
 .text.GPIO_HAL_SetPinDir
                0x00007d7c       0x34 C:/ProgramData/MATLAB/SupportPackages/R2020a/toolbox/target/supportpackages/freedomk64f/src/ksdk_armgcc_lib/bm/libksdk_platform.a(fsl_gpio_hal.o)
                0x00007d7c                GPIO_HAL_SetPinDir
 .text.GPIO_HAL_WritePinOutput
                0x00007db0       0x30 C:/ProgramData/MATLAB/SupportPackages/R2020a/toolbox/target/supportpackages/freedomk64f/src/ksdk_armgcc_lib/bm/libksdk_platform.a(fsl_gpio_hal.o)
                0x00007db0                GPIO_HAL_WritePinOutput
 .text.UART_HAL_Putchar
                0x00007de0        0x6 C:/ProgramData/MATLAB/SupportPackages/R2020a/toolbox/target/supportpackages/freedomk64f/src/ksdk_armgcc_lib/bm/libksdk_platform.a(fsl_uart_hal.o)
                0x00007de0                UART_HAL_Putchar
 .text.UART_HAL_Getchar
                0x00007de6        0x8 C:/ProgramData/MATLAB/SupportPackages/R2020a/toolbox/target/supportpackages/freedomk64f/src/ksdk_armgcc_lib/bm/libksdk_platform.a(fsl_uart_hal.o)
                0x00007de6                UART_HAL_Getchar
 .text.UART_HAL_SetIntMode
                0x00007dee       0x66 C:/ProgramData/MATLAB/SupportPackages/R2020a/toolbox/target/supportpackages/freedomk64f/src/ksdk_armgcc_lib/bm/libksdk_platform.a(fsl_uart_hal.o)
                0x00007dee                UART_HAL_SetIntMode
 .text.UART_HAL_GetStatusFlag
                0x00007e54       0x2a C:/ProgramData/MATLAB/SupportPackages/R2020a/toolbox/target/supportpackages/freedomk64f/src/ksdk_armgcc_lib/bm/libksdk_platform.a(fsl_uart_hal.o)
                0x00007e54                UART_HAL_GetStatusFlag
 .text.UART_HAL_ClearStatusFlag
                0x00007e7e       0x64 C:/ProgramData/MATLAB/SupportPackages/R2020a/toolbox/target/supportpackages/freedomk64f/src/ksdk_armgcc_lib/bm/libksdk_platform.a(fsl_uart_hal.o)
                0x00007e7e                UART_HAL_ClearStatusFlag
 *fill*         0x00007ee2        0x6 
 .text.ceil     0x00007ee8      0x110 c:/progra~3/matlab/suppor~1/r2020a/3p778c~1.ins/gnuarm~1.ins/win/bin/../lib/gcc/arm-none-eabi/7.2.1/../../../../arm-none-eabi/lib/thumb/v7e-m/fpv4-sp/hard\libm.a(lib_a-s_ceil.o)
                0x00007ee8                ceil
 .text.fabs     0x00007ff8       0x14 c:/progra~3/matlab/suppor~1/r2020a/3p778c~1.ins/gnuarm~1.ins/win/bin/../lib/gcc/arm-none-eabi/7.2.1/../../../../arm-none-eabi/lib/thumb/v7e-m/fpv4-sp/hard\libm.a(lib_a-s_fabs.o)
                0x00007ff8                fabs
 *fill*         0x0000800c        0x4 
 .text.floor    0x00008010      0x110 c:/progra~3/matlab/suppor~1/r2020a/3p778c~1.ins/gnuarm~1.ins/win/bin/../lib/gcc/arm-none-eabi/7.2.1/../../../../arm-none-eabi/lib/thumb/v7e-m/fpv4-sp/hard\libm.a(lib_a-s_floor.o)
                0x00008010                floor
 .text.fmod     0x00008120       0xd0 c:/progra~3/matlab/suppor~1/r2020a/3p778c~1.ins/gnuarm~1.ins/win/bin/../lib/gcc/arm-none-eabi/7.2.1/../../../../arm-none-eabi/lib/thumb/v7e-m/fpv4-sp/hard\libm.a(lib_a-w_fmod.o)
                0x00008120                fmod
 .text.__ieee754_fmod
                0x000081f0      0x248 c:/progra~3/matlab/suppor~1/r2020a/3p778c~1.ins/gnuarm~1.ins/win/bin/../lib/gcc/arm-none-eabi/7.2.1/../../../../arm-none-eabi/lib/thumb/v7e-m/fpv4-sp/hard\libm.a(lib_a-e_fmod.o)
                0x000081f0                __ieee754_fmod
 .text.matherr  0x00008438        0x4 c:/progra~3/matlab/suppor~1/r2020a/3p778c~1.ins/gnuarm~1.ins/win/bin/../lib/gcc/arm-none-eabi/7.2.1/../../../../arm-none-eabi/lib/thumb/v7e-m/fpv4-sp/hard\libm.a(lib_a-s_matherr.o)
                0x00008438                matherr
 .text.abort    0x0000843c       0x10 c:/progra~3/matlab/suppor~1/r2020a/3p778c~1.ins/gnuarm~1.ins/win/bin/../lib/gcc/arm-none-eabi/7.2.1/../../../../arm-none-eabi/lib/thumb/v7e-m/fpv4-sp/hard\libg.a(lib_a-abort.o)
                0x0000843c                abort
 .text.__assert_func
                0x0000844c       0x3c c:/progra~3/matlab/suppor~1/r2020a/3p778c~1.ins/gnuarm~1.ins/win/bin/../lib/gcc/arm-none-eabi/7.2.1/../../../../arm-none-eabi/lib/thumb/v7e-m/fpv4-sp/hard\libg.a(lib_a-assert.o)
                0x0000844c                __assert_func
 .text.atexit   0x00008488        0xc c:/progra~3/matlab/suppor~1/r2020a/3p778c~1.ins/gnuarm~1.ins/win/bin/../lib/gcc/arm-none-eabi/7.2.1/../../../../arm-none-eabi/lib/thumb/v7e-m/fpv4-sp/hard\libg.a(lib_a-atexit.o)
                0x00008488                atexit
 .text.__errno  0x00008494        0xc c:/progra~3/matlab/suppor~1/r2020a/3p778c~1.ins/gnuarm~1.ins/win/bin/../lib/gcc/arm-none-eabi/7.2.1/../../../../arm-none-eabi/lib/thumb/v7e-m/fpv4-sp/hard\libg.a(lib_a-errno.o)
                0x00008494                __errno
 .text.exit     0x000084a0       0x20 c:/progra~3/matlab/suppor~1/r2020a/3p778c~1.ins/gnuarm~1.ins/win/bin/../lib/gcc/arm-none-eabi/7.2.1/../../../../arm-none-eabi/lib/thumb/v7e-m/fpv4-sp/hard\libg.a(lib_a-exit.o)
                0x000084a0                exit
 .text.__libc_fini_array
                0x000084c0       0x34 c:/progra~3/matlab/suppor~1/r2020a/3p778c~1.ins/gnuarm~1.ins/win/bin/../lib/gcc/arm-none-eabi/7.2.1/../../../../arm-none-eabi/lib/thumb/v7e-m/fpv4-sp/hard\libg.a(lib_a-fini.o)
                0x000084c0                __libc_fini_array
 .text.fiprintf
                0x000084f4       0x28 c:/progra~3/matlab/suppor~1/r2020a/3p778c~1.ins/gnuarm~1.ins/win/bin/../lib/gcc/arm-none-eabi/7.2.1/../../../../arm-none-eabi/lib/thumb/v7e-m/fpv4-sp/hard\libg.a(lib_a-fiprintf.o)
                0x000084f4                fiprintf
 .text.__libc_init_array
                0x0000851c       0x48 c:/progra~3/matlab/suppor~1/r2020a/3p778c~1.ins/gnuarm~1.ins/win/bin/../lib/gcc/arm-none-eabi/7.2.1/../../../../arm-none-eabi/lib/thumb/v7e-m/fpv4-sp/hard\libg.a(lib_a-init.o)
                0x0000851c                __libc_init_array
 .text.malloc   0x00008564       0x10 c:/progra~3/matlab/suppor~1/r2020a/3p778c~1.ins/gnuarm~1.ins/win/bin/../lib/gcc/arm-none-eabi/7.2.1/../../../../arm-none-eabi/lib/thumb/v7e-m/fpv4-sp/hard\libg.a(lib_a-malloc.o)
                0x00008564                malloc
 .text.free     0x00008574       0x10 c:/progra~3/matlab/suppor~1/r2020a/3p778c~1.ins/gnuarm~1.ins/win/bin/../lib/gcc/arm-none-eabi/7.2.1/../../../../arm-none-eabi/lib/thumb/v7e-m/fpv4-sp/hard\libg.a(lib_a-malloc.o)
                0x00008574                free
 .text._malloc_r
                0x00008584      0x548 c:/progra~3/matlab/suppor~1/r2020a/3p778c~1.ins/gnuarm~1.ins/win/bin/../lib/gcc/arm-none-eabi/7.2.1/../../../../arm-none-eabi/lib/thumb/v7e-m/fpv4-sp/hard\libg.a(lib_a-mallocr.o)
                0x00008584                _malloc_r
 .text.memset   0x00008acc       0x94 c:/progra~3/matlab/suppor~1/r2020a/3p778c~1.ins/gnuarm~1.ins/win/bin/../lib/gcc/arm-none-eabi/7.2.1/../../../../arm-none-eabi/lib/thumb/v7e-m/fpv4-sp/hard\libg.a(lib_a-memset.o)
                0x00008acc                memset
 .text.__malloc_lock
                0x00008b60        0xc c:/progra~3/matlab/suppor~1/r2020a/3p778c~1.ins/gnuarm~1.ins/win/bin/../lib/gcc/arm-none-eabi/7.2.1/../../../../arm-none-eabi/lib/thumb/v7e-m/fpv4-sp/hard\libg.a(lib_a-mlock.o)
                0x00008b60                __malloc_lock
 .text.__malloc_unlock
                0x00008b6c        0xc c:/progra~3/matlab/suppor~1/r2020a/3p778c~1.ins/gnuarm~1.ins/win/bin/../lib/gcc/arm-none-eabi/7.2.1/../../../../arm-none-eabi/lib/thumb/v7e-m/fpv4-sp/hard\libg.a(lib_a-mlock.o)
                0x00008b6c                __malloc_unlock
 .text._sbrk_r  0x00008b78       0x24 c:/progra~3/matlab/suppor~1/r2020a/3p778c~1.ins/gnuarm~1.ins/win/bin/../lib/gcc/arm-none-eabi/7.2.1/../../../../arm-none-eabi/lib/thumb/v7e-m/fpv4-sp/hard\libg.a(lib_a-sbrkr.o)
                0x00008b78                _sbrk_r
 .text._raise_r
                0x00008b9c       0x58 c:/progra~3/matlab/suppor~1/r2020a/3p778c~1.ins/gnuarm~1.ins/win/bin/../lib/gcc/arm-none-eabi/7.2.1/../../../../arm-none-eabi/lib/thumb/v7e-m/fpv4-sp/hard\libg.a(lib_a-signal.o)
                0x00008b9c                _raise_r
 .text.raise    0x00008bf4       0x10 c:/progra~3/matlab/suppor~1/r2020a/3p778c~1.ins/gnuarm~1.ins/win/bin/../lib/gcc/arm-none-eabi/7.2.1/../../../../arm-none-eabi/lib/thumb/v7e-m/fpv4-sp/hard\libg.a(lib_a-signal.o)
                0x00008bf4                raise
 .text._kill_r  0x00008c04       0x28 c:/progra~3/matlab/suppor~1/r2020a/3p778c~1.ins/gnuarm~1.ins/win/bin/../lib/gcc/arm-none-eabi/7.2.1/../../../../arm-none-eabi/lib/thumb/v7e-m/fpv4-sp/hard\libg.a(lib_a-signalr.o)
                0x00008c04                _kill_r
 .text._getpid_r
                0x00008c2c        0x4 c:/progra~3/matlab/suppor~1/r2020a/3p778c~1.ins/gnuarm~1.ins/win/bin/../lib/gcc/arm-none-eabi/7.2.1/../../../../arm-none-eabi/lib/thumb/v7e-m/fpv4-sp/hard\libg.a(lib_a-signalr.o)
                0x00008c2c                _getpid_r
 .text.__sprint_r.part.0
                0x00008c30       0x78 c:/progra~3/matlab/suppor~1/r2020a/3p778c~1.ins/gnuarm~1.ins/win/bin/../lib/gcc/arm-none-eabi/7.2.1/../../../../arm-none-eabi/lib/thumb/v7e-m/fpv4-sp/hard\libg.a(lib_a-vfiprintf.o)
 .text._vfiprintf_r
                0x00008ca8      0xc24 c:/progra~3/matlab/suppor~1/r2020a/3p778c~1.ins/gnuarm~1.ins/win/bin/../lib/gcc/arm-none-eabi/7.2.1/../../../../arm-none-eabi/lib/thumb/v7e-m/fpv4-sp/hard\libg.a(lib_a-vfiprintf.o)
                0x00008ca8                _vfiprintf_r
 .text.__sbprintf
                0x000098cc       0x84 c:/progra~3/matlab/suppor~1/r2020a/3p778c~1.ins/gnuarm~1.ins/win/bin/../lib/gcc/arm-none-eabi/7.2.1/../../../../arm-none-eabi/lib/thumb/v7e-m/fpv4-sp/hard\libg.a(lib_a-vfiprintf.o)
 .text.__swsetup_r
                0x00009950       0xcc c:/progra~3/matlab/suppor~1/r2020a/3p778c~1.ins/gnuarm~1.ins/win/bin/../lib/gcc/arm-none-eabi/7.2.1/../../../../arm-none-eabi/lib/thumb/v7e-m/fpv4-sp/hard\libg.a(lib_a-wsetup.o)
                0x00009950                __swsetup_r
 .text.__register_exitproc
                0x00009a1c       0xc0 c:/progra~3/matlab/suppor~1/r2020a/3p778c~1.ins/gnuarm~1.ins/win/bin/../lib/gcc/arm-none-eabi/7.2.1/../../../../arm-none-eabi/lib/thumb/v7e-m/fpv4-sp/hard\libg.a(lib_a-__atexit.o)
                0x00009a1c                __register_exitproc
 .text.startup.register_fini
                0x00009adc       0x14 c:/progra~3/matlab/suppor~1/r2020a/3p778c~1.ins/gnuarm~1.ins/win/bin/../lib/gcc/arm-none-eabi/7.2.1/../../../../arm-none-eabi/lib/thumb/v7e-m/fpv4-sp/hard\libg.a(lib_a-__call_atexit.o)
 .text.__call_exitprocs
                0x00009af0       0xe8 c:/progra~3/matlab/suppor~1/r2020a/3p778c~1.ins/gnuarm~1.ins/win/bin/../lib/gcc/arm-none-eabi/7.2.1/../../../../arm-none-eabi/lib/thumb/v7e-m/fpv4-sp/hard\libg.a(lib_a-__call_atexit.o)
                0x00009af0                __call_exitprocs
 .text.__sflush_r
                0x00009bd8      0x154 c:/progra~3/matlab/suppor~1/r2020a/3p778c~1.ins/gnuarm~1.ins/win/bin/../lib/gcc/arm-none-eabi/7.2.1/../../../../arm-none-eabi/lib/thumb/v7e-m/fpv4-sp/hard\libg.a(lib_a-fflush.o)
                0x00009bd8                __sflush_r
 .text._fflush_r
                0x00009d2c       0x5c c:/progra~3/matlab/suppor~1/r2020a/3p778c~1.ins/gnuarm~1.ins/win/bin/../lib/gcc/arm-none-eabi/7.2.1/../../../../arm-none-eabi/lib/thumb/v7e-m/fpv4-sp/hard\libg.a(lib_a-fflush.o)
                0x00009d2c                _fflush_r
 .text.std      0x00009d88       0x50 c:/progra~3/matlab/suppor~1/r2020a/3p778c~1.ins/gnuarm~1.ins/win/bin/../lib/gcc/arm-none-eabi/7.2.1/../../../../arm-none-eabi/lib/thumb/v7e-m/fpv4-sp/hard\libg.a(lib_a-findfp.o)
 .text._cleanup_r
                0x00009dd8        0xc c:/progra~3/matlab/suppor~1/r2020a/3p778c~1.ins/gnuarm~1.ins/win/bin/../lib/gcc/arm-none-eabi/7.2.1/../../../../arm-none-eabi/lib/thumb/v7e-m/fpv4-sp/hard\libg.a(lib_a-findfp.o)
                0x00009dd8                _cleanup_r
 .text.__sinit  0x00009de4       0x58 c:/progra~3/matlab/suppor~1/r2020a/3p778c~1.ins/gnuarm~1.ins/win/bin/../lib/gcc/arm-none-eabi/7.2.1/../../../../arm-none-eabi/lib/thumb/v7e-m/fpv4-sp/hard\libg.a(lib_a-findfp.o)
                0x00009de4                __sinit
 .text.__sfp_lock_acquire
                0x00009e3c        0xc c:/progra~3/matlab/suppor~1/r2020a/3p778c~1.ins/gnuarm~1.ins/win/bin/../lib/gcc/arm-none-eabi/7.2.1/../../../../arm-none-eabi/lib/thumb/v7e-m/fpv4-sp/hard\libg.a(lib_a-findfp.o)
                0x00009e3c                __sfp_lock_acquire
 .text.__sfp_lock_release
                0x00009e48        0xc c:/progra~3/matlab/suppor~1/r2020a/3p778c~1.ins/gnuarm~1.ins/win/bin/../lib/gcc/arm-none-eabi/7.2.1/../../../../arm-none-eabi/lib/thumb/v7e-m/fpv4-sp/hard\libg.a(lib_a-findfp.o)
                0x00009e48                __sfp_lock_release
 .text.__fputwc
                0x00009e54       0xa0 c:/progra~3/matlab/suppor~1/r2020a/3p778c~1.ins/gnuarm~1.ins/win/bin/../lib/gcc/arm-none-eabi/7.2.1/../../../../arm-none-eabi/lib/thumb/v7e-m/fpv4-sp/hard\libg.a(lib_a-fputwc.o)
                0x00009e54                __fputwc
 .text._fputwc_r
                0x00009ef4       0x64 c:/progra~3/matlab/suppor~1/r2020a/3p778c~1.ins/gnuarm~1.ins/win/bin/../lib/gcc/arm-none-eabi/7.2.1/../../../../arm-none-eabi/lib/thumb/v7e-m/fpv4-sp/hard\libg.a(lib_a-fputwc.o)
                0x00009ef4                _fputwc_r
 .text._malloc_trim_r
                0x00009f58       0xa0 c:/progra~3/matlab/suppor~1/r2020a/3p778c~1.ins/gnuarm~1.ins/win/bin/../lib/gcc/arm-none-eabi/7.2.1/../../../../arm-none-eabi/lib/thumb/v7e-m/fpv4-sp/hard\libg.a(lib_a-freer.o)
                0x00009f58                _malloc_trim_r
 .text._free_r  0x00009ff8      0x1e8 c:/progra~3/matlab/suppor~1/r2020a/3p778c~1.ins/gnuarm~1.ins/win/bin/../lib/gcc/arm-none-eabi/7.2.1/../../../../arm-none-eabi/lib/thumb/v7e-m/fpv4-sp/hard\libg.a(lib_a-freer.o)
                0x00009ff8                _free_r
 .text.__sfvwrite_r
                0x0000a1e0      0x2fc c:/progra~3/matlab/suppor~1/r2020a/3p778c~1.ins/gnuarm~1.ins/win/bin/../lib/gcc/arm-none-eabi/7.2.1/../../../../arm-none-eabi/lib/thumb/v7e-m/fpv4-sp/hard\libg.a(lib_a-fvwrite.o)
                0x0000a1e0                __sfvwrite_r
 .text._fwalk_reent
                0x0000a4dc       0x54 c:/progra~3/matlab/suppor~1/r2020a/3p778c~1.ins/gnuarm~1.ins/win/bin/../lib/gcc/arm-none-eabi/7.2.1/../../../../arm-none-eabi/lib/thumb/v7e-m/fpv4-sp/hard\libg.a(lib_a-fwalk.o)
                0x0000a4dc                _fwalk_reent
 .text.__locale_mb_cur_max
                0x0000a530       0x1c c:/progra~3/matlab/suppor~1/r2020a/3p778c~1.ins/gnuarm~1.ins/win/bin/../lib/gcc/arm-none-eabi/7.2.1/../../../../arm-none-eabi/lib/thumb/v7e-m/fpv4-sp/hard\libg.a(lib_a-locale.o)
                0x0000a530                __locale_mb_cur_max
 .text.__retarget_lock_init_recursive
                0x0000a54c        0x4 c:/progra~3/matlab/suppor~1/r2020a/3p778c~1.ins/gnuarm~1.ins/win/bin/../lib/gcc/arm-none-eabi/7.2.1/../../../../arm-none-eabi/lib/thumb/v7e-m/fpv4-sp/hard\libg.a(lib_a-lock.o)
                0x0000a54c                __retarget_lock_init_recursive
 .text.__retarget_lock_close_recursive
                0x0000a550        0x4 c:/progra~3/matlab/suppor~1/r2020a/3p778c~1.ins/gnuarm~1.ins/win/bin/../lib/gcc/arm-none-eabi/7.2.1/../../../../arm-none-eabi/lib/thumb/v7e-m/fpv4-sp/hard\libg.a(lib_a-lock.o)
                0x0000a550                __retarget_lock_close_recursive
 .text.__retarget_lock_acquire_recursive
                0x0000a554        0x4 c:/progra~3/matlab/suppor~1/r2020a/3p778c~1.ins/gnuarm~1.ins/win/bin/../lib/gcc/arm-none-eabi/7.2.1/../../../../arm-none-eabi/lib/thumb/v7e-m/fpv4-sp/hard\libg.a(lib_a-lock.o)
                0x0000a554                __retarget_lock_acquire_recursive
 .text.__retarget_lock_release_recursive
                0x0000a558        0x4 c:/progra~3/matlab/suppor~1/r2020a/3p778c~1.ins/gnuarm~1.ins/win/bin/../lib/gcc/arm-none-eabi/7.2.1/../../../../arm-none-eabi/lib/thumb/v7e-m/fpv4-sp/hard\libg.a(lib_a-lock.o)
                0x0000a558                __retarget_lock_release_recursive
 .text.__swhatbuf_r
                0x0000a55c       0x5c c:/progra~3/matlab/suppor~1/r2020a/3p778c~1.ins/gnuarm~1.ins/win/bin/../lib/gcc/arm-none-eabi/7.2.1/../../../../arm-none-eabi/lib/thumb/v7e-m/fpv4-sp/hard\libg.a(lib_a-makebuf.o)
                0x0000a55c                __swhatbuf_r
 .text.__smakebuf_r
                0x0000a5b8       0x94 c:/progra~3/matlab/suppor~1/r2020a/3p778c~1.ins/gnuarm~1.ins/win/bin/../lib/gcc/arm-none-eabi/7.2.1/../../../../arm-none-eabi/lib/thumb/v7e-m/fpv4-sp/hard\libg.a(lib_a-makebuf.o)
                0x0000a5b8                __smakebuf_r
 .text.__ascii_mbtowc
                0x0000a64c       0x2c c:/progra~3/matlab/suppor~1/r2020a/3p778c~1.ins/gnuarm~1.ins/win/bin/../lib/gcc/arm-none-eabi/7.2.1/../../../../arm-none-eabi/lib/thumb/v7e-m/fpv4-sp/hard\libg.a(lib_a-mbtowc_r.o)
                0x0000a64c                __ascii_mbtowc
 .text.memmove  0x0000a678       0xc8 c:/progra~3/matlab/suppor~1/r2020a/3p778c~1.ins/gnuarm~1.ins/win/bin/../lib/gcc/arm-none-eabi/7.2.1/../../../../arm-none-eabi/lib/thumb/v7e-m/fpv4-sp/hard\libg.a(lib_a-memmove.o)
                0x0000a678                memmove
 .text._realloc_r
                0x0000a740      0x35c c:/progra~3/matlab/suppor~1/r2020a/3p778c~1.ins/gnuarm~1.ins/win/bin/../lib/gcc/arm-none-eabi/7.2.1/../../../../arm-none-eabi/lib/thumb/v7e-m/fpv4-sp/hard\libg.a(lib_a-reallocr.o)
                0x0000a740                _realloc_r
 .text.__sread  0x0000aa9c       0x24 c:/progra~3/matlab/suppor~1/r2020a/3p778c~1.ins/gnuarm~1.ins/win/bin/../lib/gcc/arm-none-eabi/7.2.1/../../../../arm-none-eabi/lib/thumb/v7e-m/fpv4-sp/hard\libg.a(lib_a-stdio.o)
                0x0000aa9c                __sread
 .text.__swrite
                0x0000aac0       0x3c c:/progra~3/matlab/suppor~1/r2020a/3p778c~1.ins/gnuarm~1.ins/win/bin/../lib/gcc/arm-none-eabi/7.2.1/../../../../arm-none-eabi/lib/thumb/v7e-m/fpv4-sp/hard\libg.a(lib_a-stdio.o)
                0x0000aac0                __swrite
 .text.__sseek  0x0000aafc       0x20 c:/progra~3/matlab/suppor~1/r2020a/3p778c~1.ins/gnuarm~1.ins/win/bin/../lib/gcc/arm-none-eabi/7.2.1/../../../../arm-none-eabi/lib/thumb/v7e-m/fpv4-sp/hard\libg.a(lib_a-stdio.o)
                0x0000aafc                __sseek
 .text.__sclose
                0x0000ab1c        0x8 c:/progra~3/matlab/suppor~1/r2020a/3p778c~1.ins/gnuarm~1.ins/win/bin/../lib/gcc/arm-none-eabi/7.2.1/../../../../arm-none-eabi/lib/thumb/v7e-m/fpv4-sp/hard\libg.a(lib_a-stdio.o)
                0x0000ab1c                __sclose
 .text.__swbuf_r
                0x0000ab24       0xb0 c:/progra~3/matlab/suppor~1/r2020a/3p778c~1.ins/gnuarm~1.ins/win/bin/../lib/gcc/arm-none-eabi/7.2.1/../../../../arm-none-eabi/lib/thumb/v7e-m/fpv4-sp/hard\libg.a(lib_a-wbuf.o)
                0x0000ab24                __swbuf_r
 .text._wcrtomb_r
                0x0000abd4       0x50 c:/progra~3/matlab/suppor~1/r2020a/3p778c~1.ins/gnuarm~1.ins/win/bin/../lib/gcc/arm-none-eabi/7.2.1/../../../../arm-none-eabi/lib/thumb/v7e-m/fpv4-sp/hard\libg.a(lib_a-wcrtomb.o)
                0x0000abd4                _wcrtomb_r
 .text.__ascii_wctomb
                0x0000ac24       0x1c c:/progra~3/matlab/suppor~1/r2020a/3p778c~1.ins/gnuarm~1.ins/win/bin/../lib/gcc/arm-none-eabi/7.2.1/../../../../arm-none-eabi/lib/thumb/v7e-m/fpv4-sp/hard\libg.a(lib_a-wctomb_r.o)
                0x0000ac24                __ascii_wctomb
 .text._write_r
                0x0000ac40       0x2c c:/progra~3/matlab/suppor~1/r2020a/3p778c~1.ins/gnuarm~1.ins/win/bin/../lib/gcc/arm-none-eabi/7.2.1/../../../../arm-none-eabi/lib/thumb/v7e-m/fpv4-sp/hard\libg.a(lib_a-writer.o)
                0x0000ac40                _write_r
 .text._close_r
                0x0000ac6c       0x24 c:/progra~3/matlab/suppor~1/r2020a/3p778c~1.ins/gnuarm~1.ins/win/bin/../lib/gcc/arm-none-eabi/7.2.1/../../../../arm-none-eabi/lib/thumb/v7e-m/fpv4-sp/hard\libg.a(lib_a-closer.o)
                0x0000ac6c                _close_r
 .text._fclose_r
                0x0000ac90       0xd0 c:/progra~3/matlab/suppor~1/r2020a/3p778c~1.ins/gnuarm~1.ins/win/bin/../lib/gcc/arm-none-eabi/7.2.1/../../../../arm-none-eabi/lib/thumb/v7e-m/fpv4-sp/hard\libg.a(lib_a-fclose.o)
                0x0000ac90                _fclose_r
 .text._fstat_r
                0x0000ad60       0x28 c:/progra~3/matlab/suppor~1/r2020a/3p778c~1.ins/gnuarm~1.ins/win/bin/../lib/gcc/arm-none-eabi/7.2.1/../../../../arm-none-eabi/lib/thumb/v7e-m/fpv4-sp/hard\libg.a(lib_a-fstatr.o)
                0x0000ad60                _fstat_r
 .text._isatty_r
                0x0000ad88       0x24 c:/progra~3/matlab/suppor~1/r2020a/3p778c~1.ins/gnuarm~1.ins/win/bin/../lib/gcc/arm-none-eabi/7.2.1/../../../../arm-none-eabi/lib/thumb/v7e-m/fpv4-sp/hard\libg.a(lib_a-isattyr.o)
                0x0000ad88                _isatty_r
 .text._lseek_r
                0x0000adac       0x2c c:/progra~3/matlab/suppor~1/r2020a/3p778c~1.ins/gnuarm~1.ins/win/bin/../lib/gcc/arm-none-eabi/7.2.1/../../../../arm-none-eabi/lib/thumb/v7e-m/fpv4-sp/hard\libg.a(lib_a-lseekr.o)
                0x0000adac                _lseek_r
 .text._read_r  0x0000add8       0x2c c:/progra~3/matlab/suppor~1/r2020a/3p778c~1.ins/gnuarm~1.ins/win/bin/../lib/gcc/arm-none-eabi/7.2.1/../../../../arm-none-eabi/lib/thumb/v7e-m/fpv4-sp/hard\libg.a(lib_a-readr.o)
                0x0000add8                _read_r
 .text._close   0x0000ae04       0x10 c:/progra~3/matlab/suppor~1/r2020a/3p778c~1.ins/gnuarm~1.ins/win/bin/../lib/gcc/arm-none-eabi/7.2.1/../../../../arm-none-eabi/lib/thumb/v7e-m/fpv4-sp/hard\libnosys.a(close.o)
                0x0000ae04                _close
 .text._fstat   0x0000ae14       0x10 c:/progra~3/matlab/suppor~1/r2020a/3p778c~1.ins/gnuarm~1.ins/win/bin/../lib/gcc/arm-none-eabi/7.2.1/../../../../arm-none-eabi/lib/thumb/v7e-m/fpv4-sp/hard\libnosys.a(fstat.o)
                0x0000ae14                _fstat
 .text._getpid  0x0000ae24       0x10 c:/progra~3/matlab/suppor~1/r2020a/3p778c~1.ins/gnuarm~1.ins/win/bin/../lib/gcc/arm-none-eabi/7.2.1/../../../../arm-none-eabi/lib/thumb/v7e-m/fpv4-sp/hard\libnosys.a(getpid.o)
                0x0000ae24                _getpid
 .text._isatty  0x0000ae34       0x10 c:/progra~3/matlab/suppor~1/r2020a/3p778c~1.ins/gnuarm~1.ins/win/bin/../lib/gcc/arm-none-eabi/7.2.1/../../../../arm-none-eabi/lib/thumb/v7e-m/fpv4-sp/hard\libnosys.a(isatty.o)
                0x0000ae34                _isatty
 .text._kill    0x0000ae44       0x10 c:/progra~3/matlab/suppor~1/r2020a/3p778c~1.ins/gnuarm~1.ins/win/bin/../lib/gcc/arm-none-eabi/7.2.1/../../../../arm-none-eabi/lib/thumb/v7e-m/fpv4-sp/hard\libnosys.a(kill.o)
                0x0000ae44                _kill
 .text._lseek   0x0000ae54       0x10 c:/progra~3/matlab/suppor~1/r2020a/3p778c~1.ins/gnuarm~1.ins/win/bin/../lib/gcc/arm-none-eabi/7.2.1/../../../../arm-none-eabi/lib/thumb/v7e-m/fpv4-sp/hard\libnosys.a(lseek.o)
                0x0000ae54                _lseek
 .text._read    0x0000ae64       0x10 c:/progra~3/matlab/suppor~1/r2020a/3p778c~1.ins/gnuarm~1.ins/win/bin/../lib/gcc/arm-none-eabi/7.2.1/../../../../arm-none-eabi/lib/thumb/v7e-m/fpv4-sp/hard\libnosys.a(read.o)
                0x0000ae64                _read
 .text._write   0x0000ae74       0x10 c:/progra~3/matlab/suppor~1/r2020a/3p778c~1.ins/gnuarm~1.ins/win/bin/../lib/gcc/arm-none-eabi/7.2.1/../../../../arm-none-eabi/lib/thumb/v7e-m/fpv4-sp/hard\libnosys.a(write.o)
                0x0000ae74                _write
 .text._exit    0x0000ae84        0x4 c:/progra~3/matlab/suppor~1/r2020a/3p778c~1.ins/gnuarm~1.ins/win/bin/../lib/gcc/arm-none-eabi/7.2.1/../../../../arm-none-eabi/lib/thumb/v7e-m/fpv4-sp/hard\libnosys.a(_exit.o)
                0x0000ae84                _exit
 *(.rodata)
 .rodata        0x0000ae88       0x44 MW_PWM.o
 .rodata        0x0000aecc       0x50 board.o
 *(.rodata*)
 .rodata.__func__.7519
                0x0000af1c       0x14 MW_PWM.o
 .rodata.Pacemaker_M
                0x0000af30        0x4 Pacemaker.o
                0x0000af30                Pacemaker_M
 .rodata.os_maxtaskrun
                0x0000af34        0x2 RTX_Conf_CM.o
                0x0000af34                os_maxtaskrun
 *fill*         0x0000af36        0x2 
 .rodata.os_stackinfo
                0x0000af38        0x4 RTX_Conf_CM.o
                0x0000af38                os_stackinfo
 .rodata.os_trv
                0x0000af3c        0x4 RTX_Conf_CM.o
                0x0000af3c                os_trv
 .rodata.os_flags
                0x0000af40        0x1 RTX_Conf_CM.o
                0x0000af40                os_flags
 *fill*         0x0000af41        0x3 
 .rodata.os_clockrate
                0x0000af44        0x4 RTX_Conf_CM.o
                0x0000af44                os_clockrate
 .rodata.mp_tcb_size
                0x0000af48        0x2 RTX_Conf_CM.o
                0x0000af48                mp_tcb_size
 *fill*         0x0000af4a        0x2 
 .rodata.mp_stk_size
                0x0000af4c        0x4 RTX_Conf_CM.o
                0x0000af4c                mp_stk_size
 .rodata.os_stack_sz
                0x0000af50        0x4 RTX_Conf_CM.o
                0x0000af50                os_stack_sz
 .rodata.os_fifo_size
                0x0000af54        0x1 RTX_Conf_CM.o
                0x0000af54                os_fifo_size
 *fill*         0x0000af55        0x3 
 .rodata.os_thread_def_osTimerThread
                0x0000af58       0x10 RTX_Conf_CM.o