Archive member included to satisfy reference by file (symbol)

C:/Users/Mouth/OneDrive/DOCUME~1/MCMAST~4/SWFREN~1/3K04-P~1/slprj/ert/_sharedutils/rtwshared.lib(rt_nonfinite.o)
                              Pacemaker.o (rt_InitInfAndNaN)
C:/Users/Mouth/OneDrive/DOCUME~1/MCMAST~4/SWFREN~1/3K04-P~1/slprj/ert/_sharedutils/rtwshared.lib(rt_roundd_snf.o)
                              Pacemaker.o (rt_roundd_snf)
C:/Users/Mouth/OneDrive/DOCUME~1/MCMAST~4/SWFREN~1/3K04-P~1/slprj/ert/_sharedutils/rtwshared.lib(rt_roundf_snf.o)
                              Pacemaker.o (rt_roundf_snf)
C:/Users/Mouth/OneDrive/DOCUME~1/MCMAST~4/SWFREN~1/3K04-P~1/slprj/ert/_sharedutils/rtwshared.lib(rtGetInf.o)
                              C:/Users/Mouth/OneDrive/DOCUME~1/MCMAST~4/SWFREN~1/3K04-P~1/slprj/ert/_sharedutils/rtwshared.lib(rt_nonfinite.o) (rtGetInf)
C:/Users/Mouth/OneDrive/DOCUME~1/MCMAST~4/SWFREN~1/3K04-P~1/slprj/ert/_sharedutils/rtwshared.lib(rtGetNaN.o)
                              C:/Users/Mouth/OneDrive/DOCUME~1/MCMAST~4/SWFREN~1/3K04-P~1/slprj/ert/_sharedutils/rtwshared.lib(rt_nonfinite.o) (rtGetNaN)
C:/ProgramData/MATLAB/SupportPackages/R2020a/3P.instrset/cmsis.instrset/CMSIS/RTOS/RTX/LIB/GCC/libRTX_CM4.a(rt_cmsis.o)
                              RTX_Conf_CM.o (osKernelInitialize)
C:/ProgramData/MATLAB/SupportPackages/R2020a/3P.instrset/cmsis.instrset/CMSIS/RTOS/RTX/LIB/GCC/libRTX_CM4.a(hal_cm.o)
                              C:/ProgramData/MATLAB/SupportPackages/R2020a/3P.instrset/cmsis.instrset/CMSIS/RTOS/RTX/LIB/GCC/libRTX_CM4.a(rt_cmsis.o) (rt_ret_val)
C:/ProgramData/MATLAB/SupportPackages/R2020a/3P.instrset/cmsis.instrset/CMSIS/RTOS/RTX/LIB/GCC/libRTX_CM4.a(rt_memory.o)
                              C:/ProgramData/MATLAB/SupportPackages/R2020a/3P.instrset/cmsis.instrset/CMSIS/RTOS/RTX/LIB/GCC/libRTX_CM4.a(rt_cmsis.o) (rt_init_mem)
C:/ProgramData/MATLAB/SupportPackages/R2020a/3P.instrset/cmsis.instrset/CMSIS/RTOS/RTX/LIB/GCC/libRTX_CM4.a(rt_membox.o)
                              C:/ProgramData/MATLAB/SupportPackages/R2020a/3P.instrset/cmsis.instrset/CMSIS/RTOS/RTX/LIB/GCC/libRTX_CM4.a(rt_cmsis.o) (_init_box)
C:/ProgramData/MATLAB/SupportPackages/R2020a/3P.instrset/cmsis.instrset/CMSIS/RTOS/RTX/LIB/GCC/libRTX_CM4.a(rt_mutex.o)
                              C:/ProgramData/MATLAB/SupportPackages/R2020a/3P.instrset/cmsis.instrset/CMSIS/RTOS/RTX/LIB/GCC/libRTX_CM4.a(rt_cmsis.o) (rt_mut_init)
C:/ProgramData/MATLAB/SupportPackages/R2020a/3P.instrset/cmsis.instrset/CMSIS/RTOS/RTX/LIB/GCC/libRTX_CM4.a(rt_time.o)
                              C:/ProgramData/MATLAB/SupportPackages/R2020a/3P.instrset/cmsis.instrset/CMSIS/RTOS/RTX/LIB/GCC/libRTX_CM4.a(rt_cmsis.o) (os_time)
C:/ProgramData/MATLAB/SupportPackages/R2020a/3P.instrset/cmsis.instrset/CMSIS/RTOS/RTX/LIB/GCC/libRTX_CM4.a(rt_semaphore.o)
                              C:/ProgramData/MATLAB/SupportPackages/R2020a/3P.instrset/cmsis.instrset/CMSIS/RTOS/RTX/LIB/GCC/libRTX_CM4.a(rt_cmsis.o) (rt_sem_init)
C:/ProgramData/MATLAB/SupportPackages/R2020a/3P.instrset/cmsis.instrset/CMSIS/RTOS/RTX/LIB/GCC/libRTX_CM4.a(rt_mailbox.o)
                              C:/ProgramData/MATLAB/SupportPackages/R2020a/3P.instrset/cmsis.instrset/CMSIS/RTOS/RTX/LIB/GCC/libRTX_CM4.a(rt_cmsis.o) (rt_mbx_init)
C:/ProgramData/MATLAB/SupportPackages/R2020a/3P.instrset/cmsis.instrset/CMSIS/RTOS/RTX/LIB/GCC/libRTX_CM4.a(rt_list.o)
                              C:/ProgramData/MATLAB/SupportPackages/R2020a/3P.instrset/cmsis.instrset/CMSIS/RTOS/RTX/LIB/GCC/libRTX_CM4.a(rt_cmsis.o) (rt_put_prio)
C:/ProgramData/MATLAB/SupportPackages/R2020a/3P.instrset/cmsis.instrset/CMSIS/RTOS/RTX/LIB/GCC/libRTX_CM4.a(rt_event.o)
                              C:/ProgramData/MATLAB/SupportPackages/R2020a/3P.instrset/cmsis.instrset/CMSIS/RTOS/RTX/LIB/GCC/libRTX_CM4.a(rt_cmsis.o) (rt_evt_wait)
C:/ProgramData/MATLAB/SupportPackages/R2020a/3P.instrset/cmsis.instrset/CMSIS/RTOS/RTX/LIB/GCC/libRTX_CM4.a(rt_system.o)
                              C:/ProgramData/MATLAB/SupportPackages/R2020a/3P.instrset/cmsis.instrset/CMSIS/RTOS/RTX/LIB/GCC/libRTX_CM4.a(rt_cmsis.o) (rt_suspend)
C:/ProgramData/MATLAB/SupportPackages/R2020a/3P.instrset/cmsis.instrset/CMSIS/RTOS/RTX/LIB/GCC/libRTX_CM4.a(rt_task.o)
                              C:/ProgramData/MATLAB/SupportPackages/R2020a/3P.instrset/cmsis.instrset/CMSIS/RTOS/RTX/LIB/GCC/libRTX_CM4.a(rt_system.o) (rt_switch_req)
C:/ProgramData/MATLAB/SupportPackages/R2020a/3P.instrset/cmsis.instrset/CMSIS/RTOS/RTX/LIB/GCC/libRTX_CM4.a(hal_cm4.o)
                              C:/ProgramData/MATLAB/SupportPackages/R2020a/3P.instrset/cmsis.instrset/CMSIS/RTOS/RTX/LIB/GCC/libRTX_CM4.a(rt_task.o) (rt_get_PSP)
C:/ProgramData/MATLAB/SupportPackages/R2020a/3P.instrset/cmsis.instrset/CMSIS/RTOS/RTX/LIB/GCC/libRTX_CM4.a(svc_table.o)
                              C:/ProgramData/MATLAB/SupportPackages/R2020a/3P.instrset/cmsis.instrset/CMSIS/RTOS/RTX/LIB/GCC/libRTX_CM4.a(hal_cm4.o) (SVC_Table)
[...]
Memory Configuration

Name             Origin             Length             Attributes
m_interrupts     0x00000000         0x00000400         xr
m_flash_config   0x00000400         0x00000010         xr
m_text           0x00000410         0x000ffbf0         xr
m_data_2         0x1fff0000         0x00010000         rw
m_data           0x20000000         0x00030000         rw
*default*        0x00000000         0xffffffff

Linker script and memory map

LOAD c:/progra~3/matlab/suppor~1/r2020a/3p778c~1.ins/gnuarm~1.ins/win/bin/../lib/gcc/arm-none-eabi/7.2.1/thumb/v7e-m/fpv4-sp/hard/crti.o
LOAD c:/progra~3/matlab/suppor~1/r2020a/3p778c~1.ins/gnuarm~1.ins/win/bin/../lib/gcc/arm-none-eabi/7.2.1/thumb/v7e-m/fpv4-sp/hard/crtbegin.o
LOAD c:/progra~3/matlab/suppor~1/r2020a/3p778c~1.ins/gnuarm~1.ins/win/bin/../lib/gcc/arm-none-eabi/7.2.1/../../../../arm-none-eabi/lib/thumb/v7e-m/fpv4-sp/hard/crt0.o
LOAD MW_AnalogInput.o
LOAD MW_I2C.o
LOAD MW_PWM.o
LOAD MW_SCI.o
LOAD MW_digitalIO.o
LOAD Pacemaker.o
LOAD Pacemaker_data.o
LOAD RTX_Conf_CM.o
LOAD Send_DCM.o
LOAD board.o
LOAD cmsis_rtos_init.o
LOAD ert_main.o
LOAD fsl_edma_irq.o
LOAD fsl_misc_utilities.o
LOAD fsl_uart_irq.o
LOAD hardware_init.o
LOAD i2c_api.o
LOAD irq_stub.o
LOAD mw_sdk_interface.o
LOAD mw_semaphore.o
LOAD mw_signal.o
LOAD mw_thread.o
LOAD mw_timer.o
LOAD pin_mux.o
LOAD sbrk.o
LOAD startup.o
LOAD startup_MK64F12.o
LOAD system_MK64F12.o
LOAD C:/Users/Mouth/OneDrive/DOCUME~1/MCMAST~4/SWFREN~1/3K04-P~1/slprj/ert/_sharedutils/rtwshared.lib
LOAD C:/ProgramData/MATLAB/SupportPackages/R2020a/3P.instrset/cmsis.instrset/CMSIS/Lib/GCC/libarm_cortexM4lf_math.a
LOAD C:/ProgramData/MATLAB/SupportPackages/R2020a/3P.instrset/cmsis.instrset/CMSIS/RTOS/RTX/LIB/GCC/libRTX_CM4.a
LOAD C:/ProgramData/MATLAB/SupportPackages/R2020a/toolbox/target/supportpackages/freedomk64f/src/ksdk_armgcc_lib/bm/libksdk_platform.a
LOAD c:/progra~3/matlab/suppor~1/r2020a/3p778c~1.ins/gnuarm~1.ins/win/bin/../lib/gcc/arm-none-eabi/7.2.1/../../../../arm-none-eabi/lib/thumb/v7e-m/fpv4-sp/hard\libstdc++.a
LOAD c:/progra~3/matlab/suppor~1/r2020a/3p778c~1.ins/gnuarm~1.ins/win/bin/../lib/gcc/arm-none-eabi/7.2.1/../../../../arm-none-eabi/lib/thumb/v7e-m/fpv4-sp/hard\libm.a
START GROUP
LOAD c:/progra~3/matlab/suppor~1/r2020a/3p778c~1.ins/gnuarm~1.ins/win/bin/../lib/gcc/arm-none-eabi/7.2.1/thumb/v7e-m/fpv4-sp/hard\libgcc.a
LOAD c:/progra~3/matlab/suppor~1/r2020a/3p778c~1.ins/gnuarm~1.ins/win/bin/../lib/gcc/arm-none-eabi/7.2.1/../../../../arm-none-eabi/lib/thumb/v7e-m/fpv4-sp/hard\libg.a
LOAD c:/progra~3/matlab/suppor~1/r2020a/3p778c~1.ins/gnuarm~1.ins/win/bin/../lib/gcc/arm-none-eabi/7.2.1/../../../../arm-none-eabi/lib/thumb/v7e-m/fpv4-sp/hard\libc.a
END GROUP
START GROUP
LOAD c:/progra~3/matlab/suppor~1/r2020a/3p778c~1.ins/gnuarm~1.ins/win/bin/../lib/gcc/arm-none-eabi/7.2.1/thumb/v7e-m/fpv4-sp/hard\libgcc.a
LOAD c:/progra~3/matlab/suppor~1/r2020a/3p778c~1.ins/gnuarm~1.ins/win/bin/../lib/gcc/arm-none-eabi/7.2.1/../../../../arm-none-eabi/lib/thumb/v7e-m/fpv4-sp/hard\libc.a
LOAD c:/progra~3/matlab/suppor~1/r2020a/3p778c~1.ins/gnuarm~1.ins/win/bin/../lib/gcc/arm-none-eabi/7.2.1/../../../../arm-none-eabi/lib/thumb/v7e-m/fpv4-sp/hard\libnosys.a
END GROUP
LOAD c:/progra~3/matlab/suppor~1/r2020a/3p778c~1.ins/gnuarm~1.ins/win/bin/../lib/gcc/arm-none-eabi/7.2.1/thumb/v7e-m/fpv4-sp/hard/crtend.o
LOAD c:/progra~3/matlab/suppor~1/r2020a/3p778c~1.ins/gnuarm~1.ins/win/bin/../lib/gcc/arm-none-eabi/7.2.1/thumb/v7e-m/fpv4-sp/hard/crtn.o
                0x00000400                HEAP_SIZE = DEFINED (__heap_size__)?__heap_size__:0x400
                0x00000400                STACK_SIZE = DEFINED (__stack_size__)?__stack_size__:0x400
                0x00000000                M_VECTOR_RAM_SIZE = DEFINED (__ram_vector_table__)?0x400:0x0

.interrupts     0x00000000      0x400
                0x00000000                __VECTOR_TABLE = .
                0x00000000                . = ALIGN (0x4)
 *(.isr_vector)
 .isr_vector    0x00000000      0x400 startup_MK64F12.o
                0x00000000                __isr_vector
                0x00000400                . = ALIGN (0x4)

.flash_config   0x00000400       0x10
                0x00000400                . = ALIGN (0x4)
 *(.FlashConfig)
 .FlashConfig   0x00000400       0x10 startup_MK64F12.o
                0x00000410                . = ALIGN (0x4)

.text           0x00000440    0x10d48
                0x00000440                . = ALIGN (0x4)
 *(.text)
 .text          0x00000440       0x40 c:/progra~3/matlab/suppor~1/r2020a/3p778c~1.ins/gnuarm~1.ins/win/bin/../lib/gcc/arm-none-eabi/7.2.1/thumb/v7e-m/fpv4-sp/hard/crtbegin.o
 .text          0x00000480       0x74 c:/progra~3/matlab/suppor~1/r2020a/3p778c~1.ins/gnuarm~1.ins/win/bin/../lib/gcc/arm-none-eabi/7.2.1/../../../../arm-none-eabi/lib/thumb/v7e-m/fpv4-sp/hard/crt0.o
                0x00000480                _start
                0x00000480                _mainCRTStartup
 .text          0x000004f4       0x14 startup_MK64F12.o
                0x000004f4                Reset_Handler
                0x00000504                ENET_Receive_IRQHandler
                0x00000504                ENET_1588_Timer_IRQHandler
                0x00000504                DefaultISR
                0x00000504                PIT2_IRQHandler
                0x00000504                PIT0_IRQHandler
                0x00000504                ENET_Error_IRQHandler
                0x00000504                PIT3_IRQHandler
                0x00000504                SDHC_IRQHandler
                0x00000504                ENET_Transmit_IRQHandler
                0x00000504                PIT1_IRQHandler
 .text          0x00000508      0x198 C:/ProgramData/MATLAB/SupportPackages/R2020a/3P.instrset/cmsis.instrset/CMSIS/RTOS/RTX/LIB/GCC/libRTX_CM4.a(hal_cm4.o)
                0x00000508                rt_set_PSP
                0x0000050e                rt_get_PSP
                0x00000514                os_set_env
                0x0000052c                _alloc_box
                0x00000548                _free_box
                0x00000564                SVC_Handler
                0x0000060a                PendSV_Handler
                0x00000610                Sys_Switch
                0x0000066a                SysTick_Handler
                0x00000674                OS_Tick_Handler
 .text          0x000006a0      0x378 c:/progra~3/matlab/suppor~1/r2020a/3p778c~1.ins/gnuarm~1.ins/win/bin/../lib/gcc/arm-none-eabi/7.2.1/thumb/v7e-m/fpv4-sp/hard\libgcc.a(_arm_addsubdf3.o)
                0x000006a0                __aeabi_drsub
                0x000006a8                __aeabi_dsub
                0x000006a8                __subdf3
                0x000006ac                __aeabi_dadd
                0x000006ac                __adddf3
                0x00000924                __floatunsidf
                0x00000924                __aeabi_ui2d
                0x00000944                __floatsidf
                0x00000944                __aeabi_i2d
                0x00000968                __aeabi_f2d
                0x00000968                __extendsfdf2
                0x000009ac                __floatundidf
                0x000009ac                __aeabi_ul2d
                0x000009bc                __floatdidf
                0x000009bc                __aeabi_l2d
 .text          0x00000a18      0x424 c:/progra~3/matlab/suppor~1/r2020a/3p778c~1.ins/gnuarm~1.ins/win/bin/../lib/gcc/arm-none-eabi/7.2.1/thumb/v7e-m/fpv4-sp/hard\libgcc.a(_arm_muldivdf3.o)
                0x00000a18                __aeabi_dmul
                0x00000a18                __muldf3
                0x00000c6c                __divdf3
                0x00000c6c                __aeabi_ddiv
 .text          0x00000e3c      0x110 c:/progra~3/matlab/suppor~1/r2020a/3p778c~1.ins/gnuarm~1.ins/win/bin/../lib/gcc/arm-none-eabi/7.2.1/thumb/v7e-m/fpv4-sp/hard\libgcc.a(_arm_cmpdf2.o)
                0x00000e3c                __gtdf2
                0x00000e3c                __gedf2
                0x00000e44                __ltdf2
                0x00000e44                __ledf2
                0x00000e4c                __nedf2
                0x00000e4c                __eqdf2
                0x00000e4c                __cmpdf2
                0x00000ec8                __aeabi_cdrcmple
                0x00000ed8                __aeabi_cdcmpeq
                0x00000ed8                __aeabi_cdcmple
                0x00000ee8                __aeabi_dcmpeq
                0x00000efc                __aeabi_dcmplt
                0x00000f10                __aeabi_dcmple
                0x00000f24                __aeabi_dcmpge
                0x00000f38                __aeabi_dcmpgt
 .text          0x00000f4c       0x2c c:/progra~3/matlab/suppor~1/r2020a/3p778c~1.ins/gnuarm~1.ins/win/bin/../lib/gcc/arm-none-eabi/7.2.1/thumb/v7e-m/fpv4-sp/hard\libgcc.a(_arm_unorddf2.o)
                0x00000f4c                __unorddf2
                0x00000f4c                __aeabi_dcmpun
 .text          0x00000f78       0x40 c:/progra~3/matlab/suppor~1/r2020a/3p778c~1.ins/gnuarm~1.ins/win/bin/../lib/gcc/arm-none-eabi/7.2.1/thumb/v7e-m/fpv4-sp/hard\libgcc.a(_arm_fixunsdfsi.o)
                0x00000f78                __aeabi_d2uiz
                0x00000f78                __fixunsdfsi
 .text          0x00000fb8       0xa0 c:/progra~3/matlab/suppor~1/r2020a/3p778c~1.ins/gnuarm~1.ins/win/bin/../lib/gcc/arm-none-eabi/7.2.1/thumb/v7e-m/fpv4-sp/hard\libgcc.a(_arm_truncdfsf2.o)
                0x00000fb8                __truncdfsf2
                0x00000fb8                __aeabi_d2f
 .text          0x00001058       0x30 c:/progra~3/matlab/suppor~1/r2020a/3p778c~1.ins/gnuarm~1.ins/win/bin/../lib/gcc/arm-none-eabi/7.2.1/thumb/v7e-m/fpv4-sp/hard\libgcc.a(_aeabi_uldivmod.o)
                0x00001058                __aeabi_uldivmod
 .text          0x00001088      0x2cc c:/progra~3/matlab/suppor~1/r2020a/3p778c~1.ins/gnuarm~1.ins/win/bin/../lib/gcc/arm-none-eabi/7.2.1/thumb/v7e-m/fpv4-sp/hard\libgcc.a(_udivmoddi4.o)
                0x00001088                __udivmoddi4
 .text          0x00001354      0x9ec c:/progra~3/matlab/suppor~1/r2020a/3p778c~1.ins/gnuarm~1.ins/win/bin/../lib/gcc/arm-none-eabi/7.2.1/thumb/v7e-m/fpv4-sp/hard\libgcc.a(unwind-arm.o)
                0x00001608                _Unwind_GetCFA
                0x0000160c                __gnu_Unwind_RaiseException
                0x0000166c                __gnu_Unwind_ForcedUnwind
                0x00001680                __gnu_Unwind_Resume
                0x000016c4                __gnu_Unwind_Resume_or_Rethrow
                0x000016d4                _Unwind_Complete
                0x000016d8                _Unwind_DeleteException
                0x000016e4                _Unwind_VRS_Get
                0x00001728                _Unwind_VRS_Set
                0x00001770                __gnu_Unwind_Backtrace
                0x00001ab4                __aeabi_unwind_cpp_pr0
                0x00001ab8                __aeabi_unwind_cpp_pr1
                0x00001abc                __aeabi_unwind_cpp_pr2
                0x00001ac0                _Unwind_VRS_Pop
 .text          0x00001d40      0x1ac c:/progra~3/matlab/suppor~1/r2020a/3p778c~1.ins/gnuarm~1.ins/win/bin/../lib/gcc/arm-none-eabi/7.2.1/thumb/v7e-m/fpv4-sp/hard\libgcc.a(libunwind.o)
                0x00001d40                __restore_core_regs
                0x00001d40                restore_core_regs
                0x00001d58                __gnu_Unwind_Restore_VFP
                0x00001d60                __gnu_Unwind_Save_VFP
                0x00001d68                __gnu_Unwind_Restore_VFP_D
                0x00001d70                __gnu_Unwind_Save_VFP_D
                0x00001d78                __gnu_Unwind_Restore_VFP_D_16_to_31
                0x00001d80                __gnu_Unwind_Save_VFP_D_16_to_31
                0x00001d88                __gnu_Unwind_Restore_WMMXD
                0x00001dcc                __gnu_Unwind_Save_WMMXD
                0x00001e10                __gnu_Unwind_Restore_WMMXC
                0x00001e24                __gnu_Unwind_Save_WMMXC
                0x00001e38                ___Unwind_RaiseException
                0x00001e38                _Unwind_RaiseException
                0x00001e5c                _Unwind_Resume
                0x00001e5c                ___Unwind_Resume
                0x00001e80                _Unwind_Resume_or_Rethrow
                0x00001e80                ___Unwind_Resume_or_Rethrow
                0x00001ea4                _Unwind_ForcedUnwind
                0x00001ea4                ___Unwind_ForcedUnwind
                0x00001ec8                ___Unwind_Backtrace
                0x00001ec8                _Unwind_Backtrace
 .text          0x00001eec      0x374 c:/progra~3/matlab/suppor~1/r2020a/3p778c~1.ins/gnuarm~1.ins/win/bin/../lib/gcc/arm-none-eabi/7.2.1/thumb/v7e-m/fpv4-sp/hard\libgcc.a(pr-support.o)
                0x00001f44                __gnu_unwind_execute
                0x00002208                __gnu_unwind_frame
                0x00002230                _Unwind_GetRegionStart
                0x0000223c                _Unwind_GetLanguageSpecificData
                0x00002250                _Unwind_GetDataRelBase
                0x00002258                _Unwind_GetTextRelBase
 .text          0x00002260        0x4 c:/progra~3/matlab/suppor~1/r2020a/3p778c~1.ins/gnuarm~1.ins/win/bin/../lib/gcc/arm-none-eabi/7.2.1/thumb/v7e-m/fpv4-sp/hard\libgcc.a(_dvmd_tls.o)
                0x00002260                __aeabi_idiv0
                0x00002260                __aeabi_ldiv0
 .text          0x00002264      0x134 c:/progra~3/matlab/suppor~1/r2020a/3p778c~1.ins/gnuarm~1.ins/win/bin/../lib/gcc/arm-none-eabi/7.2.1/../../../../arm-none-eabi/lib/thumb/v7e-m/fpv4-sp/hard\libg.a(lib_a-memcpy.o)
                0x00002264                memcpy
 *fill*         0x00002398        0x8 
 .text          0x000023a0       0xa0 c:/progra~3/matlab/suppor~1/r2020a/3p778c~1.ins/gnuarm~1.ins/win/bin/../lib/gcc/arm-none-eabi/7.2.1/../../../../arm-none-eabi/lib/thumb/v7e-m/fpv4-sp/hard\libg.a(lib_a-memchr.o)
                0x000023a0                memchr
 .text          0x00002440       0xdc c:/progra~3/matlab/suppor~1/r2020a/3p778c~1.ins/gnuarm~1.ins/win/bin/../lib/gcc/arm-none-eabi/7.2.1/../../../../arm-none-eabi/lib/thumb/v7e-m/fpv4-sp/hard\libg.a(lib_a-strlen.o)
                0x00002440                strlen
 *(.text*)
 .text.MW_AnalogInSingle_Open
                0x0000251c       0xa8 MW_AnalogInput.o
                0x0000251c                MW_AnalogInSingle_Open
 .text.MW_AnalogIn_SetTriggerSource
                0x000025c4       0x1a MW_AnalogInput.o
                0x000025c4                MW_AnalogIn_SetTriggerSource
 *fill*         0x000025de        0x2 
 .text.MW_AnalogInSingle_ReadResult
                0x000025e0       0xb8 MW_AnalogInput.o
                0x000025e0                MW_AnalogInSingle_ReadResult
 .text.MW_AnalogIn_Start
                0x00002698       0x14 MW_AnalogInput.o
                0x00002698                MW_AnalogIn_Start
 .text.MW_AnalogIn_Stop
                0x000026ac       0x14 MW_AnalogInput.o
                0x000026ac                MW_AnalogIn_Stop
 .text.MW_AnalogIn_Close
                0x000026c0       0x14 MW_AnalogInput.o
                0x000026c0                MW_AnalogIn_Close
 .text.MW_I2C_Open
                0x000026d4       0x48 MW_I2C.o
                0x000026d4                MW_I2C_Open
 .text.MW_I2C_SetBusSpeed
                0x0000271c       0x2e MW_I2C.o
                0x0000271c                MW_I2C_SetBusSpeed
 .text.MW_I2C_MasterRead
                0x0000274a       0x68 MW_I2C.o
                0x0000274a                MW_I2C_MasterRead
 .text.MW_I2C_MasterWrite
                0x000027b2       0x68 MW_I2C.o
                0x000027b2                MW_I2C_MasterWrite
 .text.MW_I2C_Close
                0x0000281a       0x14 MW_I2C.o
                0x0000281a                MW_I2C_Close
 *fill*         0x0000282e        0x2 
 .text.PORT_HAL_SetMuxMode
                0x00002830       0x58 MW_PWM.o
 .text.FTM_HAL_SetClockSource
                0x00002888       0x2e MW_PWM.o
 *fill*         0x000028b6        0x2 
 .text.MW_PWM_Open
                0x000028b8      0x164 MW_PWM.o
                0x000028b8                MW_PWM_Open
 .text.MW_PWM_Start
                0x00002a1c       0x14 MW_PWM.o
                0x00002a1c                MW_PWM_Start
 .text.MW_PWM_SetDutyCycle
                0x00002a30       0x7c MW_PWM.o
                0x00002a30                MW_PWM_SetDutyCycle
 .text.MW_PWM_Stop
                0x00002aac       0x2c MW_PWM.o
                0x00002aac                MW_PWM_Stop
 .text.MW_PWM_Close
                0x00002ad8       0x14 MW_PWM.o
                0x00002ad8                MW_PWM_Close
 .text.EDMA_HAL_HTCDSetDestAddr
                0x00002aec       0x48 MW_SCI.o
 .text.EDMA_HAL_HTCDSetIntCmd
                0x00002b34       0x54 MW_SCI.o
 .text.MW_SCI_Open
                0x00002b88      0x5ac MW_SCI.o
                0x00002b88                MW_SCI_Open
 .text.MW_SCI_SetBaudrate
                0x00003134       0x18 MW_SCI.o
                0x00003134                MW_SCI_SetBaudrate
 .text.MW_SCI_SetFrameFormat
                0x0000314c       0x28 MW_SCI.o
                0x0000314c                MW_SCI_SetFrameFormat
 .text.MW_SCI_Receive
                0x00003174       0xa4 MW_SCI.o
                0x00003174                MW_SCI_Receive
 .text.MW_SCI_Transmit
                0x00003218       0x80 MW_SCI.o
                0x00003218                MW_SCI_Transmit
 .text.MW_SCI_Close
                0x00003298       0x14 MW_SCI.o
                0x00003298                MW_SCI_Close
 .text.MW_UART_DRV_EdmaStartReceiveData
                0x000032ac       0xac MW_SCI.o
 .text.MW_UART_DRV_EdmaRxCallback
                0x00003358       0x1c MW_SCI.o
 .text.MW_UART_DRV_EdmaCompleteReceiveData
                0x00003374      0x124 MW_SCI.o
 .text.MW_digitalIO_open
                0x00003498       0xe0 MW_digitalIO.o
                0x00003498                MW_digitalIO_open
 .text.MW_digitalIO_read
                0x00003578       0x70 MW_digitalIO.o
                0x00003578                MW_digitalIO_read
 .text.MW_digitalIO_write
                0x000035e8       0x7e MW_digitalIO.o
                0x000035e8                MW_digitalIO_write
 .text.MW_digitalIO_close
                0x00003666       0x3c MW_digitalIO.o
                0x00003666                MW_digitalIO_close
 *fill*         0x000036a2        0x2 
 .text.rate_monotonic_scheduler
                0x000036a4       0x2c Pacemaker.o
 .text.Pacemaker_broadcast_paceEnd
                0x000036d0       0x30 Pacemaker.o
 .text.Pacemaker_enter_atomic_Charging
                0x00003700       0xb4 Pacemaker.o
 .text.Pacemaker_dualSense
                0x000037b4       0x58 Pacemaker.o
 .text.Pacemaker_broadcast_paceStart
                0x0000380c       0x30 Pacemaker.o
 .text.Pacemak_enter_atomic_PaceSend_p
                0x0000383c        0xc Pacemaker.o
 .text.Pacemaker_ventSense
                0x00003848       0x58 Pacemaker.o
 .text.Pacemaker_atrSense
                0x000038a0       0x84 Pacemaker.o
 .text.Pacemaker_enter_atomic_PaceSend
                0x00003924        0xc Pacemaker.o
 .text.Pacemaker_Sense
                0x00003930      0x4a0 Pacemaker.o
 .text.Pacemaker_c2_Pacemaker
                0x00003dd0      0x368 Pacemaker.o
 .text.Pacemaker_SystemCore_release_j
                0x00004138       0x2a Pacemaker.o
 .text.Pacemaker_SystemCore_delete_j
                0x00004162       0x16 Pacemaker.o
 .text.matlabCodegenHandle_matlabCod_j
                0x00004178       0x24 Pacemaker.o
 .text.Pacemak_SystemCore_release_j04j
                0x0000419c       0x34 Pacemaker.o
 .text.Pacemake_SystemCore_delete_j04j
                0x000041d0       0x16 Pacemaker.o
 .text.matlabCodegenHandle_matlab_j04j
                0x000041e6       0x24 Pacemaker.o
 .text.Pacemaker_SystemCore_release_j0
                0x0000420a       0x2a Pacemaker.o
 .text.Pacemaker_SystemCore_delete_j0
                0x00004234       0x16 Pacemaker.o
 .text.matlabCodegenHandle_matlabCo_j0
                0x0000424a       0x24 Pacemaker.o
 .text.P_SystemCore_rele_f
                0x0000426e       0x2a Pacemaker.o
 .text.P_SystemCore_dele_f
                0x00004298       0x16 Pacemaker.o
 .text.Pacemaker_matlabCodegenHa_f
                0x000042ae       0x24 Pacemaker.o
 .text.P_SystemCore_rele_g
                0x000042d2       0x22 Pacemaker.o
 .text.P_SystemCore_dele_g
                0x000042f4       0x16 Pacemaker.o
 .text.Pacemaker_matlabCodegenHa_g
                0x0000430a       0x24 Pacemaker.o
 .text.Pacem_SystemCore_release_j04jso
                0x0000432e       0x2a Pacemaker.o
 .text.Pacema_SystemCore_delete_j04jso
                0x00004358       0x16 Pacemaker.o
 .text.matlabCodegenHandle_matl_j04jso
                0x0000436e       0x24 Pacemaker.o
 .text.Pace_SystemCore_release_j04jsox
                0x00004392       0x34 Pacemaker.o
 .text.Pacem_SystemCore_delete_j04jsox
                0x000043c6       0x16 Pacemaker.o
 .text.matlabCodegenHandle_mat_j04jsox
                0x000043dc       0x24 Pacemaker.o
 .text.Pacemaker_SystemCore_setup_j
                0x00004400       0x88 Pacemaker.o
 .text.Pacemaker_SystemCore_setup_j0
                0x00004488      0x1a4 Pacemaker.o
 .text.Pacemaker_step0
                0x0000462c        0xc Pacemaker.o
                0x0000462c                Pacemaker_step0
 .text.Pacemaker_step1
                0x00004638     0x18a0 Pacemaker.o
                0x00004638                Pacemaker_step1
 .text.Pacemaker_step
                0x00005ed8       0x28 Pacemaker.o
                0x00005ed8                Pacemaker_step
 .text.Pacemaker_initialize
                0x00005f00      0x71c Pacemaker.o
                0x00005f00                Pacemaker_initialize
 .text.Pacemaker_terminate
                0x0000661c       0xe8 Pacemaker.o
                0x0000661c                Pacemaker_terminate
 .text.os_idle_demon
                0x00006704        0x6 RTX_Conf_CM.o
                0x00006704                os_idle_demon
 *fill*         0x0000670a        0x2 
 .text.os_error
                0x0000670c       0x2c RTX_Conf_CM.o
                0x0000670c                os_error
 .text.rt_init_robin
                0x00006738        0x2 RTX_Conf_CM.o
                0x00006738                rt_init_robin
 .text.rt_chk_robin
                0x0000673a        0x2 RTX_Conf_CM.o
                0x0000673a                rt_chk_robin
 .text.software_init_hook
                0x0000673c       0x34 RTX_Conf_CM.o
                0x0000673c                software_init_hook
 .text.Pacemaker_SystemCore_setup
                0x00006770       0x64 Send_DCM.o
 .text.Pacemaker_SystemCore_release
                0x000067d4       0x2a Send_DCM.o
 .text.Pacemaker_SystemCore_delete
                0x000067fe       0x16 Send_DCM.o
 .text.matlabCodegenHandle_matlabCodeg
                0x00006814       0x24 Send_DCM.o
 .text.Send_DCM_Init
                0x00006838       0x28 Send_DCM.o
                0x00006838                Send_DCM_Init
 .text.Send_DCM
                0x00006860      0x650 Send_DCM.o
                0x00006860                Send_DCM
 .text.Send_DCM_Term
                0x00006eb0       0x14 Send_DCM.o
                0x00006eb0                Send_DCM_Term
 .text.PORT_HAL_SetMuxMode
                0x00006ec4       0x58 board.o
 .text.SMC_HAL_SetProtection
                0x00006f1c       0x1e board.o
 *fill*         0x00006f3a        0x2 
 .text.BOARD_InitOsc0
                0x00006f3c       0x30 board.o
                0x00006f3c                BOARD_InitOsc0
 .text.BOARD_InitRtcOsc
                0x00006f6c       0x28 board.o
                0x00006f6c                BOARD_InitRtcOsc
 .text.BOARD_ClockInit
                0x00006f94       0x34 board.o
                0x00006f94                BOARD_ClockInit
 .text.schedulerTask
                0x00006fc8       0x1c cmsis_rtos_init.o
                0x00006fc8                schedulerTask
 .text.mw_initSignalEvents
                0x00006fe4       0x78 cmsis_rtos_init.o
                0x00006fe4                mw_initSignalEvents
 .text.mw_RTOSInit
                0x0000705c      0x108 cmsis_rtos_init.o
                0x0000705c                mw_RTOSInit
 .text.subrateTask
                0x00007164       0x60 ert_main.o
                0x00007164                subrateTask
 .text.baseRateTask
                0x000071c4       0x8c ert_main.o
                0x000071c4                baseRateTask
 .text.terminateTask
                0x00007250       0x9c ert_main.o
                0x00007250                terminateTask
 .text.main     0x000072ec       0x54 ert_main.o
                0x000072ec                main
 .text.DMA0_IRQHandler
                0x00007340        0xe fsl_edma_irq.o
                0x00007340                DMA0_IRQHandler
 .text.DMA1_IRQHandler
                0x0000734e        0xe fsl_edma_irq.o
                0x0000734e                DMA1_IRQHandler
 .text.DMA2_IRQHandler
                0x0000735c        0xe fsl_edma_irq.o
                0x0000735c                DMA2_IRQHandler
 .text.DMA3_IRQHandler
                0x0000736a        0xe fsl_edma_irq.o
                0x0000736a                DMA3_IRQHandler
 .text.DMA4_IRQHandler
                0x00007378        0xe fsl_edma_irq.o
                0x00007378                DMA4_IRQHandler
 .text.DMA5_IRQHandler
                0x00007386        0xe fsl_edma_irq.o
                0x00007386                DMA5_IRQHandler
 .text.DMA6_IRQHandler
                0x00007394        0xe fsl_edma_irq.o
                0x00007394                DMA6_IRQHandler
 .text.DMA7_IRQHandler
                0x000073a2        0xe fsl_edma_irq.o
                0x000073a2                DMA7_IRQHandler
 .text.DMA8_IRQHandler
                0x000073b0        0xe fsl_edma_irq.o
                0x000073b0                DMA8_IRQHandler
 .text.DMA9_IRQHandler
                0x000073be        0xe fsl_edma_irq.o
                0x000073be                DMA9_IRQHandler
 .text.DMA10_IRQHandler
                0x000073cc        0xe fsl_edma_irq.o
                0x000073cc                DMA10_IRQHandler
 .text.DMA11_IRQHandler
                0x000073da        0xe fsl_edma_irq.o
                0x000073da                DMA11_IRQHandler
 .text.DMA12_IRQHandler
                0x000073e8        0xe fsl_edma_irq.o
                0x000073e8                DMA12_IRQHandler
 .text.DMA13_IRQHandler
                0x000073f6        0xe fsl_edma_irq.o
                0x000073f6                DMA13_IRQHandler
 .text.DMA14_IRQHandler
                0x00007404        0xe fsl_edma_irq.o
                0x00007404                DMA14_IRQHandler
 .text.DMA15_IRQHandler
                0x00007412        0xe fsl_edma_irq.o
                0x00007412                DMA15_IRQHandler
 .text.DMA_Error_IRQHandler
                0x00007420        0xe fsl_edma_irq.o
                0x00007420                DMA_Error_IRQHandler
 .text.UART0_RX_TX_IRQHandler
                0x0000742e        0xe fsl_uart_irq.o
                0x0000742e                UART0_RX_TX_IRQHandler
 .text.UART1_RX_TX_IRQHandler
                0x0000743c        0xe fsl_uart_irq.o
                0x0000743c                UART1_RX_TX_IRQHandler
 .text.UART2_RX_TX_IRQHandler
                0x0000744a        0xe fsl_uart_irq.o
                0x0000744a                UART2_RX_TX_IRQHandler
 .text.UART3_RX_TX_IRQHandler
                0x00007458        0xe fsl_uart_irq.o
                0x00007458                UART3_RX_TX_IRQHandler
 .text.UART4_RX_TX_IRQHandler
                0x00007466        0xe fsl_uart_irq.o
                0x00007466                UART4_RX_TX_IRQHandler
 .text.UART5_RX_TX_IRQHandler
                0x00007474        0xe fsl_uart_irq.o
                0x00007474                UART5_RX_TX_IRQHandler
 .text.hardware_init
                0x00007482       0x30 hardware_init.o
                0x00007482                hardware_init
 .text.CLOCK_SYS_GetI2cFreq
                0x000074b2       0x16 i2c_api.o
 .text.I2C_HAL_Enable
                0x000074c8       0x24 i2c_api.o
 .text.I2C_HAL_SendAck
                0x000074ec       0x24 i2c_api.o
 .text.I2C_HAL_SendNak
                0x00007510       0x24 i2c_api.o
 .text.I2C_HAL_SetDirMode
                0x00007534       0x2a i2c_api.o
 .text.I2C_HAL_ReadByte
                0x0000755e       0x1a i2c_api.o
 .text.I2C_HAL_WriteByte
                0x00007578       0x1e i2c_api.o
 .text.I2C_HAL_GetStatusFlag
                0x00007596       0x34 i2c_api.o
 .text.I2C_HAL_IsMaster
                0x000075ca       0x2e i2c_api.o
 .text.I2C_HAL_SetIntCmd
                0x000075f8       0x28 i2c_api.o
 .text.I2C_HAL_ClearInt
                0x00007620       0x1a i2c_api.o
 *fill*         0x0000763a        0x2 
 .text.PORT_HAL_SetOpenDrainCmd
                0x0000763c       0x4c i2c_api.o
 .text.PORT_HAL_SetMuxMode
                0x00007688       0x58 i2c_api.o
 .text.i2c_init
                0x000076e0       0x54 i2c_api.o
                0x000076e0                i2c_init
 .text.i2c_start
                0x00007734       0x28 i2c_api.o
                0x00007734                i2c_start
 .text.i2c_stop
                0x0000775c       0x4c i2c_api.o
                0x0000775c                i2c_stop
 .text.timeout_status_poll
                0x000077a8       0x58 i2c_api.o
 .text.i2c_wait_end_tx_transfer
                0x00007800       0x54 i2c_api.o
 .text.i2c_wait_end_rx_transfer
                0x00007854       0x3c i2c_api.o
 .text.i2c_do_write
                0x00007890       0x38 i2c_api.o
 .text.i2c_do_read
                0x000078c8       0x50 i2c_api.o
 .text.i2c_frequency
                0x00007918       0x50 i2c_api.o
                0x00007918                i2c_frequency
 .text.i2c_read
                0x00007968       0xe0 i2c_api.o
                0x00007968                i2c_read
 .text.i2c_write
                0x00007a48       0x90 i2c_api.o
                0x00007a48                i2c_write
 .text.configure_i2c_pins
                0x00007ad8       0x78 i2c_api.o
                0x00007ad8                configure_i2c_pins
 .text.NMI_Handler
                0x00007b50        0x6 irq_stub.o
                0x00007b50                NMI_Handler
 .text.HardFault_Handler
                0x00007b56        0x6 irq_stub.o
                0x00007b56                HardFault_Handler
 .text.MemManage_Handler
                0x00007b5c        0x6 irq_stub.o
                0x00007b5c                MemManage_Handler
 .text.BusFault_Handler
                0x00007b62        0x6 irq_stub.o
                0x00007b62                BusFault_Handler
 .text.UsageFault_Handler
                0x00007b68        0x6 irq_stub.o
                0x00007b68                UsageFault_Handler
 .text.DebugMon_Handler
                0x00007b6e        0x6 irq_stub.o
                0x00007b6e                DebugMon_Handler
 .text.MCM_IRQHandler
                0x00007b74        0x6 irq_stub.o
                0x00007b74                MCM_IRQHandler
 .text.FTFE_IRQHandler
                0x00007b7a        0x6 irq_stub.o
                0x00007b7a                FTFE_IRQHandler
 .text.Read_Collision_IRQHandler
                0x00007b80        0x6 irq_stub.o
                0x00007b80                Read_Collision_IRQHandler
 .text.LVD_LVW_IRQHandler
                0x00007b86        0x6 irq_stub.o
                0x00007b86                LVD_LVW_IRQHandler
 .text.LLWU_IRQHandler
                0x00007b8c        0x6 irq_stub.o
                0x00007b8c                LLWU_IRQHandler
 .text.WDOG_EWM_IRQHandler
                0x00007b92        0x6 irq_stub.o
                0x00007b92                WDOG_EWM_IRQHandler
 .text.RNG_IRQHandler
                0x00007b98        0x6 irq_stub.o
                0x00007b98                RNG_IRQHandler
 .text.I2C0_IRQHandler
                0x00007b9e        0x6 irq_stub.o
                0x00007b9e                I2C0_IRQHandler
 .text.I2C1_IRQHandler
                0x00007ba4        0x6 irq_stub.o
                0x00007ba4                I2C1_IRQHandler
 .text.SPI0_IRQHandler
                0x00007baa        0x6 irq_stub.o
                0x00007baa                SPI0_IRQHandler
 .text.SPI1_IRQHandler
                0x00007bb0        0x6 irq_stub.o
                0x00007bb0                SPI1_IRQHandler
 .text.I2S0_Tx_IRQHandler
                0x00007bb6        0x6 irq_stub.o
                0x00007bb6                I2S0_Tx_IRQHandler
 .text.I2S0_Rx_IRQHandler
                0x00007bbc        0x6 irq_stub.o
                0x00007bbc                I2S0_Rx_IRQHandler
 .text.UART0_LON_IRQHandler
                0x00007bc2        0x6 irq_stub.o
                0x00007bc2                UART0_LON_IRQHandler
 .text.UART0_ERR_IRQHandler
                0x00007bc8        0x6 irq_stub.o
                0x00007bc8                UART0_ERR_IRQHandler
 .text.UART1_ERR_IRQHandler
                0x00007bce        0x6 irq_stub.o
                0x00007bce                UART1_ERR_IRQHandler
 .text.UART2_ERR_IRQHandler
                0x00007bd4        0x6 irq_stub.o
                0x00007bd4                UART2_ERR_IRQHandler
 .text.UART3_ERR_IRQHandler
                0x00007bda        0x6 irq_stub.o
                0x00007bda                UART3_ERR_IRQHandler
 .text.ADC0_IRQHandler
                0x00007be0        0x6 irq_stub.o
                0x00007be0                ADC0_IRQHandler
 .text.CMP0_IRQHandler
                0x00007be6        0x6 irq_stub.o
                0x00007be6                CMP0_IRQHandler
 .text.CMP1_IRQHandler
                0x00007bec        0x6 irq_stub.o
                0x00007bec                CMP1_IRQHandler
 .text.FTM0_IRQHandler
                0x00007bf2        0x6 irq_stub.o
                0x00007bf2                FTM0_IRQHandler
 .text.FTM1_IRQHandler
                0x00007bf8        0x6 irq_stub.o
                0x00007bf8                FTM1_IRQHandler
 .text.FTM2_IRQHandler
                0x00007bfe        0x6 irq_stub.o
                0x00007bfe                FTM2_IRQHandler
 .text.CMT_IRQHandler
                0x00007c04        0x6 irq_stub.o
                0x00007c04                CMT_IRQHandler
 .text.RTC_IRQHandler
                0x00007c0a        0x6 irq_stub.o
                0x00007c0a                RTC_IRQHandler
 .text.RTC_Seconds_IRQHandler
                0x00007c10        0x6 irq_stub.o
                0x00007c10                RTC_Seconds_IRQHandler
 .text.PDB0_IRQHandler
                0x00007c16        0x6 irq_stub.o
                0x00007c16                PDB0_IRQHandler
 .text.USB0_IRQHandler
                0x00007c1c        0x6 irq_stub.o
                0x00007c1c                USB0_IRQHandler
 .text.USBDCD_IRQHandler
                0x00007c22        0x6 irq_stub.o
                0x00007c22                USBDCD_IRQHandler
 .text.Reserved71_IRQHandler
                0x00007c28        0x6 irq_stub.o
                0x00007c28                Reserved71_IRQHandler
 .text.DAC0_IRQHandler
                0x00007c2e        0x6 irq_stub.o
                0x00007c2e                DAC0_IRQHandler
 .text.MCG_IRQHandler
                0x00007c34        0x6 irq_stub.o
                0x00007c34                MCG_IRQHandler
 .text.LPTMR0_IRQHandler
                0x00007c3a        0x6 irq_stub.o
                0x00007c3a                LPTMR0_IRQHandler
 .text.PORTA_IRQHandler
                0x00007c40        0x6 irq_stub.o
                0x00007c40                PORTA_IRQHandler
 .text.PORTB_IRQHandler
                0x00007c46        0x6 irq_stub.o
                0x00007c46                PORTB_IRQHandler
 .text.PORTC_IRQHandler
                0x00007c4c        0x6 irq_stub.o
                0x00007c4c                PORTC_IRQHandler
 .text.PORTD_IRQHandler
                0x00007c52        0x6 irq_stub.o
                0x00007c52                PORTD_IRQHandler
 .text.PORTE_IRQHandler
                0x00007c58        0x6 irq_stub.o
                0x00007c58                PORTE_IRQHandler
 .text.SWI_IRQHandler
                0x00007c5e        0x6 irq_stub.o
                0x00007c5e                SWI_IRQHandler
 .text.SPI2_IRQHandler
                0x00007c64        0x6 irq_stub.o
                0x00007c64                SPI2_IRQHandler
 .text.UART4_ERR_IRQHandler
                0x00007c6a        0x6 irq_stub.o
                0x00007c6a                UART4_ERR_IRQHandler
 .text.UART5_ERR_IRQHandler
                0x00007c70        0x6 irq_stub.o
                0x00007c70                UART5_ERR_IRQHandler
 .text.CMP2_IRQHandler
                0x00007c76        0x6 irq_stub.o
                0x00007c76                CMP2_IRQHandler
 .text.FTM3_IRQHandler
                0x00007c7c        0x6 irq_stub.o
                0x00007c7c                FTM3_IRQHandler
 .text.DAC1_IRQHandler
                0x00007c82        0x6 irq_stub.o
                0x00007c82                DAC1_IRQHandler
 .text.ADC1_IRQHandler
                0x00007c88        0x6 irq_stub.o
                0x00007c88                ADC1_IRQHandler
 .text.I2C2_IRQHandler
                0x00007c8e        0x6 irq_stub.o
                0x00007c8e                I2C2_IRQHandler
 .text.CAN0_ORed_Message_buffer_IRQHandler
                0x00007c94        0x6 irq_stub.o
                0x00007c94                CAN0_ORed_Message_buffer_IRQHandler
 .text.CAN0_Bus_Off_IRQHandler
                0x00007c9a        0x6 irq_stub.o
                0x00007c9a                CAN0_Bus_Off_IRQHandler
 .text.CAN0_Error_IRQHandler
                0x00007ca0        0x6 irq_stub.o
                0x00007ca0                CAN0_Error_IRQHandler
 .text.CAN0_Tx_Warning_IRQHandler
                0x00007ca6        0x6 irq_stub.o
                0x00007ca6                CAN0_Tx_Warning_IRQHandler
 .text.CAN0_Rx_Warning_IRQHandler
                0x00007cac        0x6 irq_stub.o
                0x00007cac                CAN0_Rx_Warning_IRQHandler
 .text.CAN0_Wake_Up_IRQHandler
                0x00007cb2        0x6 irq_stub.o
                0x00007cb2                CAN0_Wake_Up_IRQHandler
 .text.mw_osSignalSet
                0x00007cb8       0x2e mw_signal.o
                0x00007cb8                mw_osSignalSet
 .text.mw_osSignalClear
                0x00007ce6       0x26 mw_signal.o
                0x00007ce6                mw_osSignalClear
 .text.mw_osSignalWaitEver
                0x00007d0c       0x20 mw_signal.o
                0x00007d0c                mw_osSignalWaitEver
 .text.mw_osSignalEventCreate
                0x00007d2c       0x20 mw_signal.o
                0x00007d2c                mw_osSignalEventCreate
 .text.mw_osSignalEventRelease
                0x00007d4c       0x26 mw_signal.o
                0x00007d4c                mw_osSignalEventRelease
 .text.mw_osSignalEventWaitEver
                0x00007d72       0x34 mw_signal.o
                0x00007d72                mw_osSignalEventWaitEver
 .text.mw_osSignalEventDelete
                0x00007da6       0x14 mw_signal.o
                0x00007da6                mw_osSignalEventDelete
 .text.mw_osThreadCreate
                0x00007dba       0x52 mw_thread.o
                0x00007dba                mw_osThreadCreate
 .text.mw_osThreadGetId
                0x00007e0c        0xe mw_thread.o
                0x00007e0c                mw_osThreadGetId
 .text.mw_osThreadExit
                0x00007e1a       0x22 mw_thread.o
                0x00007e1a                mw_osThreadExit
 .text.mw_osThreadJoin
                0x00007e3c       0x1a mw_thread.o
                0x00007e3c                mw_osThreadJoin
 .text.mw_osTimerCreate
                0x00007e56       0x4e mw_timer.o
                0x00007e56                mw_osTimerCreate
 .text.mw_osTimerStart
                0x00007ea4       0x24 mw_timer.o
                0x00007ea4                mw_osTimerStart
 .text.PORT_HAL_SetMuxMode
                0x00007ec8       0x58 pin_mux.o
 .text.SIM_HAL_EnableClock
                0x00007f20       0x40 pin_mux.o
 .text.configure_uart_pins
                0x00007f60      0x194 pin_mux.o
                0x00007f60                configure_uart_pins
 .text._sbrk    0x000080f4       0x5c sbrk.o
                0x000080f4                _sbrk
 .text.init_data_bss
                0x00008150       0xcc startup.o
                0x00008150                init_data_bss
 .text.SystemInit
                0x0000821c      0x1dc system_MK64F12.o
                0x0000821c                SystemInit
 .text.SystemCoreClockUpdate
                0x000083f8      0x278 system_MK64F12.o
                0x000083f8                SystemCoreClockUpdate
 .text.rt_InitInfAndNaN
                0x00008670       0x88 C:/Users/Mouth/OneDrive/DOCUME~1/MCMAST~4/SWFREN~1/3K04-P~1/slprj/ert/_sharedutils/rtwshared.lib(rt_nonfinite.o)
                0x00008670                rt_InitInfAndNaN
 .text.rtIsInf  0x000086f8       0x50 C:/Users/Mouth/OneDrive/DOCUME~1/MCMAST~4/SWFREN~1/3K04-P~1/slprj/ert/_sharedutils/rtwshared.lib(rt_nonfinite.o)
                0x000086f8                rtIsInf
 .text.rtIsInfF
                0x00008748       0x4c C:/Users/Mouth/OneDrive/DOCUME~1/MCMAST~4/SWFREN~1/3K04-P~1/slprj/ert/_sharedutils/rtwshared.lib(rt_nonfinite.o)
                0x00008748                rtIsInfF
 .text.rtIsNaN  0x00008794       0x6c C:/Users/Mouth/OneDrive/DOCUME~1/MCMAST~4/SWFREN~1/3K04-P~1/slprj/ert/_sharedutils/rtwshared.lib(rt_nonfinite.o)
                0x00008794                rtIsNaN
 .text.rtIsNaNF
                0x00008800       0x38 C:/Users/Mouth/OneDrive/DOCUME~1/MCMAST~4/SWFREN~1/3K04-P~1/slprj/ert/_sharedutils/rtwshared.lib(rt_nonfinite.o)
                0x00008800                rtIsNaNF
 .text.rt_roundd_snf
                0x00008838       0xf4 C:/Users/Mouth/OneDrive/DOCUME~1/MCMAST~4/SWFREN~1/3K04-P~1/slprj/ert/_sharedutils/rtwshared.lib(rt_roundd_snf.o)
                0x00008838                rt_roundd_snf
 .text.rt_roundf_snf
                0x0000892c       0xf0 C:/Users/Mouth/OneDrive/DOCUME~1/MCMAST~4/SWFREN~1/3K04-P~1/slprj/ert/_sharedutils/rtwshared.lib(rt_roundf_snf.o)
                0x0000892c                rt_roundf_snf
 .text.rtGetInf
                0x00008a1c       0x60 C:/Users/Mouth/OneDrive/DOCUME~1/MCMAST~4/SWFREN~1/3K04-P~1/slprj/ert/_sharedutils/rtwshared.lib(rtGetInf.o)
                0x00008a1c                rtGetInf
 .text.rtGetInfF
                0x00008a7c       0x20 C:/Users/Mouth/OneDrive/DOCUME~1/MCMAST~4/SWFREN~1/3K04-P~1/slprj/ert/_sharedutils/rtwshared.lib(rtGetInf.o)
                0x00008a7c                rtGetInfF
 .text.rtGetMinusInf
                0x00008a9c       0x60 C:/Users/Mouth/OneDrive/DOCUME~1/MCMAST~4/SWFREN~1/3K04-P~1/slprj/ert/_sharedutils/rtwshared.lib(rtGetInf.o)
                0x00008a9c                rtGetMinusInf
 .text.rtGetMinusInfF
                0x00008afc       0x24 C:/Users/Mouth/OneDrive/DOCUME~1/MCMAST~4/SWFREN~1/3K04-P~1/slprj/ert/_sharedutils/rtwshared.lib(rtGetInf.o)
                0x00008afc                rtGetMinusInfF
 .text.rtGetNaN
                0x00008b20       0x60 C:/Users/Mouth/OneDrive/DOCUME~1/MCMAST~4/SWFREN~1/3K04-P~1/slprj/ert/_sharedutils/rtwshared.lib(rtGetNaN.o)
                0x00008b20                rtGetNaN
 .text.rtGetNaNF
                0x00008b80       0x28 C:/Users/Mouth/OneDrive/DOCUME~1/MCMAST~4/SWFREN~1/3K04-P~1/slprj/ert/_sharedutils/rtwshared.lib(rtGetNaN.o)
                0x00008b80                rtGetNaNF
 .text.osThreadExit
                0x00008ba8       0x18 C:/ProgramData/MATLAB/SupportPackages/R2020a/3P.instrset/cmsis.instrset/CMSIS/RTOS/RTX/LIB/GCC/libRTX_CM4.a(rt_cmsis.o)
                0x00008ba8                osThreadExit
 .text.svcKernelInitialize
                0x00008bc0      0x100 C:/ProgramData/MATLAB/SupportPackages/R2020a/3P.instrset/cmsis.instrset/CMSIS/RTOS/RTX/LIB/GCC/libRTX_CM4.a(rt_cmsis.o)
                0x00008bc0                svcKernelInitialize
 .text.svcKernelStart
                0x00008cc0       0x4c C:/ProgramData/MATLAB/SupportPackages/R2020a/3P.instrset/cmsis.instrset/CMSIS/RTOS/RTX/LIB/GCC/libRTX_CM4.a(rt_cmsis.o)
                0x00008cc0                svcKernelStart
 .text.osKernelInitialize
                0x00008d0c      0x120 C:/ProgramData/MATLAB/SupportPackages/R2020a/3P.instrset/cmsis.instrset/CMSIS/RTOS/RTX/LIB/GCC/libRTX_CM4.a(rt_cmsis.o)
                0x00008d0c                osKernelInitialize
 .text.osKernelStart
                0x00008e2c       0x70 C:/ProgramData/MATLAB/SupportPackages/R2020a/3P.instrset/cmsis.instrset/CMSIS/RTOS/RTX/LIB/GCC/libRTX_CM4.a(rt_cmsis.o)
                0x00008e2c                osKernelStart
 .text.svcThreadCreate
                0x00008e9c       0x7c C:/ProgramData/MATLAB/SupportPackages/R2020a/3P.instrset/cmsis.instrset/CMSIS/RTOS/RTX/LIB/GCC/libRTX_CM4.a(rt_cmsis.o)
                0x00008e9c                svcThreadCreate
 .text.svcThreadGetId
                0x00008f18       0x18 C:/ProgramData/MATLAB/SupportPackages/R2020a/3P.instrset/cmsis.instrset/CMSIS/RTOS/RTX/LIB/GCC/libRTX_CM4.a(rt_cmsis.o)
                0x00008f18                svcThreadGetId
 .text.svcThreadTerminate
                0x00008f30       0x44 C:/ProgramData/MATLAB/SupportPackages/R2020a/3P.instrset/cmsis.instrset/CMSIS/RTOS/RTX/LIB/GCC/libRTX_CM4.a(rt_cmsis.o)
                0x00008f30                svcThreadTerminate
 .text.osThreadCreate
                0x00008f74       0x9c C:/ProgramData/MATLAB/SupportPackages/R2020a/3P.instrset/cmsis.instrset/CMSIS/RTOS/RTX/LIB/GCC/libRTX_CM4.a(rt_cmsis.o)
                0x00008f74                osThreadCreate
 .text.osThreadGetId
                0x00009010       0x18 C:/ProgramData/MATLAB/SupportPackages/R2020a/3P.instrset/cmsis.instrset/CMSIS/RTOS/RTX/LIB/GCC/libRTX_CM4.a(rt_cmsis.o)
                0x00009010                osThreadGetId
 .text.osThreadTerminate
                0x00009028       0x18 C:/ProgramData/MATLAB/SupportPackages/R2020a/3P.instrset/cmsis.instrset/CMSIS/RTOS/RTX/LIB/GCC/libRTX_CM4.a(rt_cmsis.o)
                0x00009028                osThreadTerminate
 .text.svcTimerCreate
                0x00009040       0x3c C:/ProgramData/MATLAB/SupportPackages/R2020a/3P.instrset/cmsis.instrset/CMSIS/RTOS/RTX/LIB/GCC/libRTX_CM4.a(rt_cmsis.o)
                0x00009040                svcTimerCreate
 .text.svcTimerStart
                0x0000907c       0xc8 C:/ProgramData/MATLAB/SupportPackages/R2020a/3P.instrset/cmsis.instrset/CMSIS/RTOS/RTX/LIB/GCC/libRTX_CM4.a(rt_cmsis.o)
                0x0000907c                svcTimerStart
 .text.svcTimerCall
                0x00009144       0x18 C:/ProgramData/MATLAB/SupportPackages/R2020a/3P.instrset/cmsis.instrset/CMSIS/RTOS/RTX/LIB/GCC/libRTX_CM4.a(rt_cmsis.o)
                0x00009144                svcTimerCall
 .text.sysTimerTick
                0x0000915c       0xb4 C:/ProgramData/MATLAB/SupportPackages/R2020a/3P.instrset/cmsis.instrset/CMSIS/RTOS/RTX/LIB/GCC/libRTX_CM4.a(rt_cmsis.o)
                0x0000915c                sysTimerTick
 .text.osTimerCreate
                0x00009210       0x64 C:/ProgramData/MATLAB/SupportPackages/R2020a/3P.instrset/cmsis.instrset/CMSIS/RTOS/RTX/LIB/GCC/libRTX_CM4.a(rt_cmsis.o)
                0x00009210                osTimerCreate
 .text.osTimerStart
                0x00009274       0x18 C:/ProgramData/MATLAB/SupportPackages/R2020a/3P.instrset/cmsis.instrset/CMSIS/RTOS/RTX/LIB/GCC/libRTX_CM4.a(rt_cmsis.o)
                0x00009274                osTimerStart
 .text.osTimerThread
                0x0000928c       0x40 C:/ProgramData/MATLAB/SupportPackages/R2020a/3P.instrset/cmsis.instrset/CMSIS/RTOS/RTX/LIB/GCC/libRTX_CM4.a(rt_cmsis.o)
                0x0000928c                osTimerThread
 .text.svcSignalSet
                0x000092cc       0x28 C:/ProgramData/MATLAB/SupportPackages/R2020a/3P.instrset/cmsis.instrset/CMSIS/RTOS/RTX/LIB/GCC/libRTX_CM4.a(rt_cmsis.o)
                0x000092cc                svcSignalSet
 .text.svcSignalClear
                0x000092f4       0x28 C:/ProgramData/MATLAB/SupportPackages/R2020a/3P.instrset/cmsis.instrset/CMSIS/RTOS/RTX/LIB/GCC/libRTX_CM4.a(rt_cmsis.o)
                0x000092f4                svcSignalClear
 .text.svcSignalWait
                0x0000931c       0xfc C:/ProgramData/MATLAB/SupportPackages/R2020a/3P.instrset/cmsis.instrset/CMSIS/RTOS/RTX/LIB/GCC/libRTX_CM4.a(rt_cmsis.o)
                0x0000931c                svcSignalWait
 .text.osSignalSet
                0x00009418       0x40 C:/ProgramData/MATLAB/SupportPackages/R2020a/3P.instrset/cmsis.instrset/CMSIS/RTOS/RTX/LIB/GCC/libRTX_CM4.a(rt_cmsis.o)
                0x00009418                osSignalSet
 .text.osSignalClear
                0x00009458       0x1c C:/ProgramData/MATLAB/SupportPackages/R2020a/3P.instrset/cmsis.instrset/CMSIS/RTOS/RTX/LIB/GCC/libRTX_CM4.a(rt_cmsis.o)
                0x00009458                osSignalClear
 .text.osSignalWait
                0x00009474       0x28 C:/ProgramData/MATLAB/SupportPackages/R2020a/3P.instrset/cmsis.instrset/CMSIS/RTOS/RTX/LIB/GCC/libRTX_CM4.a(rt_cmsis.o)
                0x00009474                osSignalWait
 .text.svcMessageGet
                0x0000949c       0xa8 C:/ProgramData/MATLAB/SupportPackages/R2020a/3P.instrset/cmsis.instrset/CMSIS/RTOS/RTX/LIB/GCC/libRTX_CM4.a(rt_cmsis.o)
                0x0000949c                svcMessageGet
 .text.rt_init_stack
                0x00009544       0xa4 C:/ProgramData/MATLAB/SupportPackages/R2020a/3P.instrset/cmsis.instrset/CMSIS/RTOS/RTX/LIB/GCC/libRTX_CM4.a(hal_cm.o)
                0x00009544                rt_init_stack
 .text.rt_ret_val
                0x000095e8       0x14 C:/ProgramData/MATLAB/SupportPackages/R2020a/3P.instrset/cmsis.instrset/CMSIS/RTOS/RTX/LIB/GCC/libRTX_CM4.a(hal_cm.o)
                0x000095e8                rt_ret_val
 .text.rt_ret_val2
                0x000095fc       0x24 C:/ProgramData/MATLAB/SupportPackages/R2020a/3P.instrset/cmsis.instrset/CMSIS/RTOS/RTX/LIB/GCC/libRTX_CM4.a(hal_cm.o)
                0x000095fc                rt_ret_val2
 .text.dbg_init
                0x00009620       0x34 C:/ProgramData/MATLAB/SupportPackages/R2020a/3P.instrset/cmsis.instrset/CMSIS/RTOS/RTX/LIB/GCC/libRTX_CM4.a(hal_cm.o)
                0x00009620                dbg_init
 .text.dbg_task_notify
                0x00009654       0x2c C:/ProgramData/MATLAB/SupportPackages/R2020a/3P.instrset/cmsis.instrset/CMSIS/RTOS/RTX/LIB/GCC/libRTX_CM4.a(hal_cm.o)
                0x00009654                dbg_task_notify
 .text.dbg_task_switch
                0x00009680       0x14 C:/ProgramData/MATLAB/SupportPackages/R2020a/3P.instrset/cmsis.instrset/CMSIS/RTOS/RTX/LIB/GCC/libRTX_CM4.a(hal_cm.o)
                0x00009680                dbg_task_switch
 .text.rt_init_mem
                0x00009694       0x1c C:/ProgramData/MATLAB/SupportPackages/R2020a/3P.instrset/cmsis.instrset/CMSIS/RTOS/RTX/LIB/GCC/libRTX_CM4.a(rt_memory.o)
                0x00009694                rt_init_mem
 .text.rt_alloc_mem
                0x000096b0       0x50 C:/ProgramData/MATLAB/SupportPackages/R2020a/3P.instrset/cmsis.instrset/CMSIS/RTOS/RTX/LIB/GCC/libRTX_CM4.a(rt_memory.o)
                0x000096b0                rt_alloc_mem
 .text.rt_free_mem
                0x00009700       0x44 C:/ProgramData/MATLAB/SupportPackages/R2020a/3P.instrset/cmsis.instrset/CMSIS/RTOS/RTX/LIB/GCC/libRTX_CM4.a(rt_memory.o)
                0x00009700                rt_free_mem
 .text._init_box
                0x00009744       0x58 C:/ProgramData/MATLAB/SupportPackages/R2020a/3P.instrset/cmsis.instrset/CMSIS/RTOS/RTX/LIB/GCC/libRTX_CM4.a(rt_membox.o)
                0x00009744                _init_box
 .text.rt_alloc_box
                0x0000979c       0x1c C:/ProgramData/MATLAB/SupportPackages/R2020a/3P.instrset/cmsis.instrset/CMSIS/RTOS/RTX/LIB/GCC/libRTX_CM4.a(rt_membox.o)
                0x0000979c                rt_alloc_box
 .text.rt_free_box
                0x000097b8       0x28 C:/ProgramData/MATLAB/SupportPackages/R2020a/3P.instrset/cmsis.instrset/CMSIS/RTOS/RTX/LIB/GCC/libRTX_CM4.a(rt_membox.o)
                0x000097b8                rt_free_box
 .text.rt_sem_psh
                0x000097e0       0x34 C:/ProgramData/MATLAB/SupportPackages/R2020a/3P.instrset/cmsis.instrset/CMSIS/RTOS/RTX/LIB/GCC/libRTX_CM4.a(rt_semaphore.o)
                0x000097e0                rt_sem_psh
 .text.rt_mbx_init
                0x00009814       0x1c C:/ProgramData/MATLAB/SupportPackages/R2020a/3P.instrset/cmsis.instrset/CMSIS/RTOS/RTX/LIB/GCC/libRTX_CM4.a(rt_mailbox.o)
                0x00009814                rt_mbx_init
 .text.rt_mbx_wait
                0x00009830       0xa8 C:/ProgramData/MATLAB/SupportPackages/R2020a/3P.instrset/cmsis.instrset/CMSIS/RTOS/RTX/LIB/GCC/libRTX_CM4.a(rt_mailbox.o)
                0x00009830                rt_mbx_wait
 .text.rt_mbx_check
                0x000098d8        0x8 C:/ProgramData/MATLAB/SupportPackages/R2020a/3P.instrset/cmsis.instrset/CMSIS/RTOS/RTX/LIB/GCC/libRTX_CM4.a(rt_mailbox.o)
                0x000098d8                rt_mbx_check
 .text.isr_mbx_send
                0x000098e0       0x10 C:/ProgramData/MATLAB/SupportPackages/R2020a/3P.instrset/cmsis.instrset/CMSIS/RTOS/RTX/LIB/GCC/libRTX_CM4.a(rt_mailbox.o)
                0x000098e0                isr_mbx_send
 .text.rt_mbx_psh
                0x000098f0       0xe4 C:/ProgramData/MATLAB/SupportPackages/R2020a/3P.instrset/cmsis.instrset/CMSIS/RTOS/RTX/LIB/GCC/libRTX_CM4.a(rt_mailbox.o)
                0x000098f0                rt_mbx_psh
 .text.rt_put_prio
                0x000099d4       0x50 C:/ProgramData/MATLAB/SupportPackages/R2020a/3P.instrset/cmsis.instrset/CMSIS/RTOS/RTX/LIB/GCC/libRTX_CM4.a(rt_list.o)
                0x000099d4                rt_put_prio
 .text.rt_get_first
                0x00009a24       0x28 C:/ProgramData/MATLAB/SupportPackages/R2020a/3P.instrset/cmsis.instrset/CMSIS/RTOS/RTX/LIB/GCC/libRTX_CM4.a(rt_list.o)
                0x00009a24                rt_get_first
 .text.rt_put_rdy_first
                0x00009a4c       0x14 C:/ProgramData/MATLAB/SupportPackages/R2020a/3P.instrset/cmsis.instrset/CMSIS/RTOS/RTX/LIB/GCC/libRTX_CM4.a(rt_list.o)
                0x00009a4c                rt_put_rdy_first
 .text.rt_resort_prio
                0x00009a60       0x94 C:/ProgramData/MATLAB/SupportPackages/R2020a/3P.instrset/cmsis.instrset/CMSIS/RTOS/RTX/LIB/GCC/libRTX_CM4.a(rt_list.o)
                0x00009a60                rt_resort_prio
 .text.rt_put_dly
                0x00009af4       0x60 C:/ProgramData/MATLAB/SupportPackages/R2020a/3P.instrset/cmsis.instrset/CMSIS/RTOS/RTX/LIB/GCC/libRTX_CM4.a(rt_list.o)
                0x00009af4                rt_put_dly
 .text.rt_dec_dly
                0x00009b54       0xd8 C:/ProgramData/MATLAB/SupportPackages/R2020a/3P.instrset/cmsis.instrset/CMSIS/RTOS/RTX/LIB/GCC/libRTX_CM4.a(rt_list.o)
                0x00009b54                rt_dec_dly
 .text.rt_rmv_list
                0x00009c2c       0x2c C:/ProgramData/MATLAB/SupportPackages/R2020a/3P.instrset/cmsis.instrset/CMSIS/RTOS/RTX/LIB/GCC/libRTX_CM4.a(rt_list.o)
                0x00009c2c                rt_rmv_list
 .text.rt_rmv_dly
                0x00009c58       0x2c C:/ProgramData/MATLAB/SupportPackages/R2020a/3P.instrset/cmsis.instrset/CMSIS/RTOS/RTX/LIB/GCC/libRTX_CM4.a(rt_list.o)
                0x00009c58                rt_rmv_dly
 .text.rt_psq_enq
                0x00009c84       0x44 C:/ProgramData/MATLAB/SupportPackages/R2020a/3P.instrset/cmsis.instrset/CMSIS/RTOS/RTX/LIB/GCC/libRTX_CM4.a(rt_list.o)
                0x00009c84                rt_psq_enq
 .text.rt_evt_wait
                0x00009cc8       0x4c C:/ProgramData/MATLAB/SupportPackages/R2020a/3P.instrset/cmsis.instrset/CMSIS/RTOS/RTX/LIB/GCC/libRTX_CM4.a(rt_event.o)
                0x00009cc8                rt_evt_wait
 .text.rt_evt_set
                0x00009d14       0x58 C:/ProgramData/MATLAB/SupportPackages/R2020a/3P.instrset/cmsis.instrset/CMSIS/RTOS/RTX/LIB/GCC/libRTX_CM4.a(rt_event.o)
                0x00009d14                rt_evt_set
 .text.rt_evt_clr
                0x00009d6c       0x18 C:/ProgramData/MATLAB/SupportPackages/R2020a/3P.instrset/cmsis.instrset/CMSIS/RTOS/RTX/LIB/GCC/libRTX_CM4.a(rt_event.o)
                0x00009d6c                rt_evt_clr
 .text.isr_evt_set
                0x00009d84       0x24 C:/ProgramData/MATLAB/SupportPackages/R2020a/3P.instrset/cmsis.instrset/CMSIS/RTOS/RTX/LIB/GCC/libRTX_CM4.a(rt_event.o)
                0x00009d84                isr_evt_set
 .text.rt_evt_psh
                0x00009da8       0x50 C:/ProgramData/MATLAB/SupportPackages/R2020a/3P.instrset/cmsis.instrset/CMSIS/RTOS/RTX/LIB/GCC/libRTX_CM4.a(rt_event.o)
                0x00009da8                rt_evt_psh
 .text.rt_psh_req
                0x00009df8       0x20 C:/ProgramData/MATLAB/SupportPackages/R2020a/3P.instrset/cmsis.instrset/CMSIS/RTOS/RTX/LIB/GCC/libRTX_CM4.a(rt_system.o)
                0x00009df8                rt_psh_req
 .text.rt_pop_req
                0x00009e18       0x78 C:/ProgramData/MATLAB/SupportPackages/R2020a/3P.instrset/cmsis.instrset/CMSIS/RTOS/RTX/LIB/GCC/libRTX_CM4.a(rt_system.o)
                0x00009e18                rt_pop_req
 .text.os_tick_init
                0x00009e90       0x40 C:/ProgramData/MATLAB/SupportPackages/R2020a/3P.instrset/cmsis.instrset/CMSIS/RTOS/RTX/LIB/GCC/libRTX_CM4.a(rt_system.o)
                0x00009e90                os_tick_init
 .text.os_tick_irqack
                0x00009ed0        0x4 C:/ProgramData/MATLAB/SupportPackages/R2020a/3P.instrset/cmsis.instrset/CMSIS/RTOS/RTX/LIB/GCC/libRTX_CM4.a(rt_system.o)
                0x00009ed0                os_tick_irqack
 .text.rt_systick
                0x00009ed4       0x3c C:/ProgramData/MATLAB/SupportPackages/R2020a/3P.instrset/cmsis.instrset/CMSIS/RTOS/RTX/LIB/GCC/libRTX_CM4.a(rt_system.o)
                0x00009ed4                rt_systick
 .text.rt_stk_check
                0x00009f10       0x24 C:/ProgramData/MATLAB/SupportPackages/R2020a/3P.instrset/cmsis.instrset/CMSIS/RTOS/RTX/LIB/GCC/libRTX_CM4.a(rt_system.o)
                0x00009f10                rt_stk_check
 .text.rt_switch_req
                0x00009f34       0x24 C:/ProgramData/MATLAB/SupportPackages/R2020a/3P.instrset/cmsis.instrset/CMSIS/RTOS/RTX/LIB/GCC/libRTX_CM4.a(rt_task.o)
                0x00009f34                rt_switch_req
 .text.rt_dispatch
                0x00009f58       0x7c C:/ProgramData/MATLAB/SupportPackages/R2020a/3P.instrset/cmsis.instrset/CMSIS/RTOS/RTX/LIB/GCC/libRTX_CM4.a(rt_task.o)
                0x00009f58                rt_dispatch
 .text.rt_block
                0x00009fd4       0x50 C:/ProgramData/MATLAB/SupportPackages/R2020a/3P.instrset/cmsis.instrset/CMSIS/RTOS/RTX/LIB/GCC/libRTX_CM4.a(rt_task.o)
                0x00009fd4                rt_block
 .text.rt_tsk_self
                0x0000a024       0x10 C:/ProgramData/MATLAB/SupportPackages/R2020a/3P.instrset/cmsis.instrset/CMSIS/RTOS/RTX/LIB/GCC/libRTX_CM4.a(rt_task.o)
                0x0000a024                rt_tsk_self
 .text.rt_tsk_prio
                0x0000a034       0xf8 C:/ProgramData/MATLAB/SupportPackages/R2020a/3P.instrset/cmsis.instrset/CMSIS/RTOS/RTX/LIB/GCC/libRTX_CM4.a(rt_task.o)
                0x0000a034                rt_tsk_prio
 .text.rt_tsk_create
                0x0000a12c      0x110 C:/ProgramData/MATLAB/SupportPackages/R2020a/3P.instrset/cmsis.instrset/CMSIS/RTOS/RTX/LIB/GCC/libRTX_CM4.a(rt_task.o)
                0x0000a12c                rt_tsk_create
 .text.rt_tsk_delete
                0x0000a23c      0x1c4 C:/ProgramData/MATLAB/SupportPackages/R2020a/3P.instrset/cmsis.instrset/CMSIS/RTOS/RTX/LIB/GCC/libRTX_CM4.a(rt_task.o)
                0x0000a23c                rt_tsk_delete
 .text.rt_sys_init
                0x0000a400       0xec C:/ProgramData/MATLAB/SupportPackages/R2020a/3P.instrset/cmsis.instrset/CMSIS/RTOS/RTX/LIB/GCC/libRTX_CM4.a(rt_task.o)
                0x0000a400                rt_sys_init
 .text.rt_sys_start
                0x0000a4ec       0x8c C:/ProgramData/MATLAB/SupportPackages/R2020a/3P.instrset/cmsis.instrset/CMSIS/RTOS/RTX/LIB/GCC/libRTX_CM4.a(rt_task.o)
                0x0000a4ec                rt_sys_start
 .text.OSA_TimeInit
                0x0000a578       0x44 C:/ProgramData/MATLAB/SupportPackages/R2020a/toolbox/target/supportpackages/freedomk64f/src/ksdk_armgcc_lib/bm/libksdk_platform.a(fsl_os_abstraction_bm.o)
                0x0000a578                OSA_TimeInit
 .text.OSA_TimeDiff
                0x0000a5bc        0xe C:/ProgramData/MATLAB/SupportPackages/R2020a/toolbox/target/supportpackages/freedomk64f/src/ksdk_armgcc_lib/bm/libksdk_platform.a(fsl_os_abstraction_bm.o)
                0x0000a5bc                OSA_TimeDiff
 *fill*         0x0000a5ca        0x2 
 .text.OSA_SemaCreate
                0x0000a5cc       0x2c C:/ProgramData/MATLAB/SupportPackages/R2020a/toolbox/target/supportpackages/freedomk64f/src/ksdk_armgcc_lib/bm/libksdk_platform.a(fsl_os_abstraction_bm.o)
                0x0000a5cc                OSA_SemaCreate
 .text.OSA_SemaPost
                0x0000a5f8       0x3c C:/ProgramData/MATLAB/SupportPackages/R2020a/toolbox/target/supportpackages/freedomk64f/src/ksdk_armgcc_lib/bm/libksdk_platform.a(fsl_os_abstraction_bm.o)
                0x0000a5f8                OSA_SemaPost
 .text.task_init
                0x0000a634       0x38 C:/ProgramData/MATLAB/SupportPackages/R2020a/toolbox/target/supportpackages/freedomk64f/src/ksdk_armgcc_lib/bm/libksdk_platform.a(fsl_os_abstraction_bm.o)
                0x0000a634                task_init
 .text.OSA_TimeGetMsec
                0x0000a66c        0xc C:/ProgramData/MATLAB/SupportPackages/R2020a/toolbox/target/supportpackages/freedomk64f/src/ksdk_armgcc_lib/bm/libksdk_platform.a(fsl_os_abstraction_bm.o)
                0x0000a66c                OSA_TimeGetMsec
 .text.OSA_TimeDelay
                0x0000a678       0x1c C:/ProgramData/MATLAB/SupportPackages/R2020a/toolbox/target/supportpackages/freedomk64f/src/ksdk_armgcc_lib/bm/libksdk_platform.a(fsl_os_abstraction_bm.o)
                0x0000a678                OSA_TimeDelay
 .text.OSA_Init
                0x0000a694        0xe C:/ProgramData/MATLAB/SupportPackages/R2020a/toolbox/target/supportpackages/freedomk64f/src/ksdk_armgcc_lib/bm/libksdk_platform.a(fsl_os_abstraction_bm.o)
                0x0000a694                OSA_Init
 *fill*         0x0000a6a2        0x2 
 .text.CLOCK_SYS_SetMcgPeeToFbe
                0x0000a6a4       0x34 C:/ProgramData/MATLAB/SupportPackages/R2020a/toolbox/target/supportpackages/freedomk64f/src/ksdk_armgcc_lib/bm/libksdk_platform.a(fsl_clock_manager.o)
 .text.CLOCK_SYS_SetMcgMode
                0x0000a6d8      0x124 C:/ProgramData/MATLAB/SupportPackages/R2020a/toolbox/target/supportpackages/freedomk64f/src/ksdk_armgcc_lib/bm/libksdk_platform.a(fsl_clock_manager.o)
                0x0000a6d8                CLOCK_SYS_SetMcgMode
 .text.CLOCK_SYS_SetOscerConfigration
                0x0000a7fc       0x1c C:/ProgramData/MATLAB/SupportPackages/R2020a/toolbox/target/supportpackages/freedomk64f/src/ksdk_armgcc_lib/bm/libksdk_platform.a(fsl_clock_manager.o)
                0x0000a7fc                CLOCK_SYS_SetOscerConfigration
 .text.CLOCK_SYS_OscInit
                0x0000a818       0x9c C:/ProgramData/MATLAB/SupportPackages/R2020a/toolbox/target/supportpackages/freedomk64f/src/ksdk_armgcc_lib/bm/libksdk_platform.a(fsl_clock_manager.o)
                0x0000a818                CLOCK_SYS_OscInit
 .text.CLOCK_SYS_RtcOscInit
                0x0000a8b4       0x68 C:/ProgramData/MATLAB/SupportPackages/R2020a/toolbox/target/supportpackages/freedomk64f/src/ksdk_armgcc_lib/bm/libksdk_platform.a(fsl_clock_manager.o)
                0x0000a8b4                CLOCK_SYS_RtcOscInit
 .text.SIM_HAL_EnableClock.constprop.10
                0x0000a91c       0x1c C:/ProgramData/MATLAB/SupportPackages/R2020a/toolbox/target/supportpackages/freedomk64f/src/ksdk_armgcc_lib/bm/libksdk_platform.a(fsl_clock_MK64F12.o)
 .text.CLOCK_SYS_GetCoreClockFreq
                0x0000a938       0x24 C:/ProgramData/MATLAB/SupportPackages/R2020a/toolbox/target/supportpackages/freedomk64f/src/ksdk_armgcc_lib/bm/libksdk_platform.a(fsl_clock_MK64F12.o)
                0x0000a938                CLOCK_SYS_GetCoreClockFreq
 .text.CLOCK_SYS_SetConfiguration
                0x0000a95c       0x94 C:/ProgramData/MATLAB/SupportPackages/R2020a/toolbox/target/supportpackages/freedomk64f/src/ksdk_armgcc_lib/bm/libksdk_platform.a(fsl_clock_MK64F12.o)
                0x0000a95c                CLOCK_SYS_SetConfiguration
 .text.CLOCK_SYS_FllStableDelay
                0x0000a9f0       0x1a C:/ProgramData/MATLAB/SupportPackages/R2020a/toolbox/target/supportpackages/freedomk64f/src/ksdk_armgcc_lib/bm/libksdk_platform.a(fsl_clock_MK64F12.o)
 *fill*         0x0000aa0a        0x2 
 .text.CLOCK_SYS_GetBusClockFreq
                0x0000aa0c       0x24 C:/ProgramData/MATLAB/SupportPackages/R2020a/toolbox/target/supportpackages/freedomk64f/src/ksdk_armgcc_lib/bm/libksdk_platform.a(fsl_clock_MK64F12.o)
                0x0000aa0c                CLOCK_SYS_GetBusClockFreq
 .text.CLOCK_SYS_GetUartFreq
                0x0000aa30       0x1a C:/ProgramData/MATLAB/SupportPackages/R2020a/toolbox/target/supportpackages/freedomk64f/src/ksdk_armgcc_lib/bm/libksdk_platform.a(fsl_clock_MK64F12.o)
                0x0000aa30                CLOCK_SYS_GetUartFreq
 *fill*         0x0000aa4a        0x2 
 .text.CLOCK_SYS_GetFtmExternalFreq
                0x0000aa4c       0x20 C:/ProgramData/MATLAB/SupportPackages/R2020a/toolbox/target/supportpackages/freedomk64f/src/ksdk_armgcc_lib/bm/libksdk_platform.a(fsl_clock_MK64F12.o)
                0x0000aa4c                CLOCK_SYS_GetFtmExternalFreq
 .text.CLOCK_SYS_EnablePortClock
                0x0000aa6c       0x30 C:/ProgramData/MATLAB/SupportPackages/R2020a/toolbox/target/supportpackages/freedomk64f/src/ksdk_armgcc_lib/bm/libksdk_platform.a(fsl_clock_MK64F12.o)
                0x0000aa6c                CLOCK_SYS_EnablePortClock
 .text.CLOCK_SYS_EnableAdcClock
                0x0000aa9c       0x30 C:/ProgramData/MATLAB/SupportPackages/R2020a/toolbox/target/supportpackages/freedomk64f/src/ksdk_armgcc_lib/bm/libksdk_platform.a(fsl_clock_MK64F12.o)
                0x0000aa9c                CLOCK_SYS_EnableAdcClock
 .text.CLOCK_SYS_EnableFtmClock
                0x0000aacc       0x30 C:/ProgramData/MATLAB/SupportPackages/R2020a/toolbox/target/supportpackages/freedomk64f/src/ksdk_armgcc_lib/bm/libksdk_platform.a(fsl_clock_MK64F12.o)
                0x0000aacc                CLOCK_SYS_EnableFtmClock
 .text.CLOCK_SYS_EnableI2cClock
                0x0000aafc       0x30 C:/ProgramData/MATLAB/SupportPackages/R2020a/toolbox/target/supportpackages/freedomk64f/src/ksdk_armgcc_lib/bm/libksdk_platform.a(fsl_clock_MK64F12.o)
                0x0000aafc                CLOCK_SYS_EnableI2cClock
 .text.CLOCK_SYS_EnableUartClock
                0x0000ab2c       0x30 C:/ProgramData/MATLAB/SupportPackages/R2020a/toolbox/target/supportpackages/freedomk64f/src/ksdk_armgcc_lib/bm/libksdk_platform.a(fsl_clock_MK64F12.o)
                0x0000ab2c                CLOCK_SYS_EnableUartClock
 .text.INT_SYS_EnableIRQGlobal
                0x0000ab5c       0x14 C:/ProgramData/MATLAB/SupportPackages/R2020a/toolbox/target/supportpackages/freedomk64f/src/ksdk_armgcc_lib/bm/libksdk_platform.a(fsl_interrupt_manager.o)
                0x0000ab5c                INT_SYS_EnableIRQGlobal
 .text.INT_SYS_DisableIRQGlobal
                0x0000ab70       0x10 C:/ProgramData/MATLAB/SupportPackages/R2020a/toolbox/target/supportpackages/freedomk64f/src/ksdk_armgcc_lib/bm/libksdk_platform.a(fsl_interrupt_manager.o)
                0x0000ab70                INT_SYS_DisableIRQGlobal
 .text.unlikely.ADC16_HAL_GetChnConvCompletedFlag.part.0
                0x0000ab80       0x1c C:/ProgramData/MATLAB/SupportPackages/R2020a/toolbox/target/supportpackages/freedomk64f/src/ksdk_armgcc_lib/bm/libksdk_platform.a(fsl_adc16_driver.o)
 .text.ADC16_DRV_StructInitUserConfigDefault
                0x0000ab9c       0x24 C:/ProgramData/MATLAB/SupportPackages/R2020a/toolbox/target/supportpackages/freedomk64f/src/ksdk_armgcc_lib/bm/libksdk_platform.a(fsl_adc16_driver.o)
                0x0000ab9c                ADC16_DRV_StructInitUserConfigDefault
 .text.ADC16_DRV_Init
                0x0000abc0       0x90 C:/ProgramData/MATLAB/SupportPackages/R2020a/toolbox/target/supportpackages/freedomk64f/src/ksdk_armgcc_lib/bm/libksdk_platform.a(fsl_adc16_driver.o)
                0x0000abc0                ADC16_DRV_Init
 .text.ADC16_DRV_SetChnMux
                0x0000ac50       0x40 C:/ProgramData/MATLAB/SupportPackages/R2020a/toolbox/target/supportpackages/freedomk64f/src/ksdk_armgcc_lib/bm/libksdk_platform.a(fsl_adc16_driver.o)
                0x0000ac50                ADC16_DRV_SetChnMux
 .text.ADC16_DRV_ConfigConvChn
                0x0000ac90       0x38 C:/ProgramData/MATLAB/SupportPackages/R2020a/toolbox/target/supportpackages/freedomk64f/src/ksdk_armgcc_lib/bm/libksdk_platform.a(fsl_adc16_driver.o)
                0x0000ac90                ADC16_DRV_ConfigConvChn
 .text.ADC16_DRV_WaitConvDone
                0x0000acc8       0x48 C:/ProgramData/MATLAB/SupportPackages/R2020a/toolbox/target/supportpackages/freedomk64f/src/ksdk_armgcc_lib/bm/libksdk_platform.a(fsl_adc16_driver.o)
                0x0000acc8                ADC16_DRV_WaitConvDone
 .text.ADC16_DRV_GetConvValueRAW
                0x0000ad10       0x50 C:/ProgramData/MATLAB/SupportPackages/R2020a/toolbox/target/supportpackages/freedomk64f/src/ksdk_armgcc_lib/bm/libksdk_platform.a(fsl_adc16_driver.o)
                0x0000ad10                ADC16_DRV_GetConvValueRAW
 .text.EDMA_HAL_SetErrorIntCmd
                0x0000ad60        0xa C:/ProgramData/MATLAB/SupportPackages/R2020a/toolbox/target/supportpackages/freedomk64f/src/ksdk_armgcc_lib/bm/libksdk_platform.a(fsl_edma_hal.o)
                0x0000ad60                EDMA_HAL_SetErrorIntCmd
 .text.EDMA_HAL_SetDmaRequestCmd
                0x0000ad6a        0xa C:/ProgramData/MATLAB/SupportPackages/R2020a/toolbox/target/supportpackages/freedomk64f/src/ksdk_armgcc_lib/bm/libksdk_platform.a(fsl_edma_hal.o)
                0x0000ad6a                EDMA_HAL_SetDmaRequestCmd
 .text.EDMA_HAL_HTCDClearReg
                0x0000ad74       0x4a C:/ProgramData/MATLAB/SupportPackages/R2020a/toolbox/target/supportpackages/freedomk64f/src/ksdk_armgcc_lib/bm/libksdk_platform.a(fsl_edma_hal.o)
                0x0000ad74                EDMA_HAL_HTCDClearReg
 .text.EDMA_HAL_Init
                0x0000adbe       0x28 C:/ProgramData/MATLAB/SupportPackages/R2020a/toolbox/target/supportpackages/freedomk64f/src/ksdk_armgcc_lib/bm/libksdk_platform.a(fsl_edma_hal.o)
                0x0000adbe                EDMA_HAL_Init
 *fill*         0x0000ade6        0x2 
 .text.EDMA_HAL_HTCDSetAttribute
                0x0000ade8       0x48 C:/ProgramData/MATLAB/SupportPackages/R2020a/toolbox/target/supportpackages/freedomk64f/src/ksdk_armgcc_lib/bm/libksdk_platform.a(fsl_edma_hal.o)
                0x0000ade8                EDMA_HAL_HTCDSetAttribute
 .text.EDMA_HAL_HTCDSetNbytes
                0x0000ae30       0x70 C:/ProgramData/MATLAB/SupportPackages/R2020a/toolbox/target/supportpackages/freedomk64f/src/ksdk_armgcc_lib/bm/libksdk_platform.a(fsl_edma_hal.o)
                0x0000ae30                EDMA_HAL_HTCDSetNbytes
 .text.EDMA_HAL_HTCDGetNbytes
                0x0000aea0       0x60 C:/ProgramData/MATLAB/SupportPackages/R2020a/toolbox/target/supportpackages/freedomk64f/src/ksdk_armgcc_lib/bm/libksdk_platform.a(fsl_edma_hal.o)
                0x0000aea0                EDMA_HAL_HTCDGetNbytes
 .text.EDMA_HAL_HTCDSetChannelMinorLink
                0x0000af00       0x74 C:/ProgramData/MATLAB/SupportPackages/R2020a/toolbox/target/supportpackages/freedomk64f/src/ksdk_armgcc_lib/bm/libksdk_platform.a(fsl_edma_hal.o)
                0x0000af00                EDMA_HAL_HTCDSetChannelMinorLink
 .text.EDMA_HAL_HTCDSetMajorCount
                0x0000af74       0x68 C:/ProgramData/MATLAB/SupportPackages/R2020a/toolbox/target/supportpackages/freedomk64f/src/ksdk_armgcc_lib/bm/libksdk_platform.a(fsl_edma_hal.o)
                0x0000af74                EDMA_HAL_HTCDSetMajorCount
 .text.EDMA_HAL_HTCDGetUnfinishedBytes
                0x0000afdc       0x54 C:/ProgramData/MATLAB/SupportPackages/R2020a/toolbox/target/supportpackages/freedomk64f/src/ksdk_armgcc_lib/bm/libksdk_platform.a(fsl_edma_hal.o)
                0x0000afdc                EDMA_HAL_HTCDGetUnfinishedBytes
 .text.INT_SYS_EnableIRQ
                0x0000b030       0x48 C:/ProgramData/MATLAB/SupportPackages/R2020a/toolbox/target/supportpackages/freedomk64f/src/ksdk_armgcc_lib/bm/libksdk_platform.a(fsl_edma_driver.o)
 .text.EDMA_DRV_ClaimChannel
                0x0000b078       0x6c C:/ProgramData/MATLAB/SupportPackages/R2020a/toolbox/target/supportpackages/freedomk64f/src/ksdk_armgcc_lib/bm/libksdk_platform.a(fsl_edma_driver.o)
 .text.EDMA_DRV_Init
                0x0000b0e4       0x7c C:/ProgramData/MATLAB/SupportPackages/R2020a/toolbox/target/supportpackages/freedomk64f/src/ksdk_armgcc_lib/bm/libksdk_platform.a(fsl_edma_driver.o)
                0x0000b0e4                EDMA_DRV_Init
 .text.EDMA_DRV_InstallCallback
                0x0000b160        0x8 C:/ProgramData/MATLAB/SupportPackages/R2020a/toolbox/target/supportpackages/freedomk64f/src/ksdk_armgcc_lib/bm/libksdk_platform.a(fsl_edma_driver.o)
                0x0000b160                EDMA_DRV_InstallCallback
 .text.EDMA_DRV_RequestChannel
                0x0000b168       0x70 C:/ProgramData/MATLAB/SupportPackages/R2020a/toolbox/target/supportpackages/freedomk64f/src/ksdk_armgcc_lib/bm/libksdk_platform.a(fsl_edma_driver.o)
                0x0000b168                EDMA_DRV_RequestChannel
 .text.EDMA_DRV_IRQHandler
                0x0000b1d8       0x30 C:/ProgramData/MATLAB/SupportPackages/R2020a/toolbox/target/supportpackages/freedomk64f/src/ksdk_armgcc_lib/bm/libksdk_platform.a(fsl_edma_driver.o)
                0x0000b1d8                EDMA_DRV_IRQHandler
 .text.EDMA_DRV_ErrorIRQHandler
                0x0000b208       0x88 C:/ProgramData/MATLAB/SupportPackages/R2020a/toolbox/target/supportpackages/freedomk64f/src/ksdk_armgcc_lib/bm/libksdk_platform.a(fsl_edma_driver.o)
                0x0000b208                EDMA_DRV_ErrorIRQHandler
 .text.FTM_HAL_SetClockSource
                0x0000b290       0x12 C:/ProgramData/MATLAB/SupportPackages/R2020a/toolbox/target/supportpackages/freedomk64f/src/ksdk_armgcc_lib/bm/libksdk_platform.a(fsl_ftm_driver.o)
 *fill*         0x0000b2a2        0x2 
 .text.unlikely.FTM_HAL_SetChnCountVal.part.2
                0x0000b2a4       0x1c C:/ProgramData/MATLAB/SupportPackages/R2020a/toolbox/target/supportpackages/freedomk64f/src/ksdk_armgcc_lib/bm/libksdk_platform.a(fsl_ftm_driver.o)
 .text.FTM_DRV_Init
                0x0000b2c0      0x108 C:/ProgramData/MATLAB/SupportPackages/R2020a/toolbox/target/supportpackages/freedomk64f/src/ksdk_armgcc_lib/bm/libksdk_platform.a(fsl_ftm_driver.o)
                0x0000b2c0                FTM_DRV_Init
 .text.FTM_DRV_SetClock
                0x0000b3c8       0x54 C:/ProgramData/MATLAB/SupportPackages/R2020a/toolbox/target/supportpackages/freedomk64f/src/ksdk_armgcc_lib/bm/libksdk_platform.a(fsl_ftm_driver.o)
                0x0000b3c8                FTM_DRV_SetClock
 .text.FTM_DRV_GetClock
                0x0000b41c       0x68 C:/ProgramData/MATLAB/SupportPackages/R2020a/toolbox/target/supportpackages/freedomk64f/src/ksdk_armgcc_lib/bm/libksdk_platform.a(fsl_ftm_driver.o)
                0x0000b41c                FTM_DRV_GetClock
 .text.FTM_DRV_PwmStart
                0x0000b484      0x1c8 C:/ProgramData/MATLAB/SupportPackages/R2020a/toolbox/target/supportpackages/freedomk64f/src/ksdk_armgcc_lib/bm/libksdk_platform.a(fsl_ftm_driver.o)
                0x0000b484                FTM_DRV_PwmStart
 .text.unlikely.PORT_HAL_SetMuxMode.part.0
                0x0000b64c       0x1c C:/ProgramData/MATLAB/SupportPackages/R2020a/toolbox/target/supportpackages/freedomk64f/src/ksdk_armgcc_lib/bm/libksdk_platform.a(fsl_gpio_driver.o)
 .text.GPIO_DRV_InputPinInit
                0x0000b668       0xe0 C:/ProgramData/MATLAB/SupportPackages/R2020a/toolbox/target/supportpackages/freedomk64f/src/ksdk_armgcc_lib/bm/libksdk_platform.a(fsl_gpio_driver.o)
                0x0000b668                GPIO_DRV_InputPinInit
 .text.GPIO_DRV_OutputPinInit
                0x0000b748       0x70 C:/ProgramData/MATLAB/SupportPackages/R2020a/toolbox/target/supportpackages/freedomk64f/src/ksdk_armgcc_lib/bm/libksdk_platform.a(fsl_gpio_driver.o)
                0x0000b748                GPIO_DRV_OutputPinInit
 .text.GPIO_DRV_WritePinOutput
                0x0000b7b8       0x1c C:/ProgramData/MATLAB/SupportPackages/R2020a/toolbox/target/supportpackages/freedomk64f/src/ksdk_armgcc_lib/bm/libksdk_platform.a(fsl_gpio_driver.o)
                0x0000b7b8                GPIO_DRV_WritePinOutput
 .text.GPIO_DRV_ReadPinInput
                0x0000b7d4       0x3c C:/ProgramData/MATLAB/SupportPackages/R2020a/toolbox/target/supportpackages/freedomk64f/src/ksdk_armgcc_lib/bm/libksdk_platform.a(fsl_gpio_driver.o)
                0x0000b7d4                GPIO_DRV_ReadPinInput
 .text.I2C_HAL_Init
                0x0000b810       0x1c C:/ProgramData/MATLAB/SupportPackages/R2020a/toolbox/target/supportpackages/freedomk64f/src/ksdk_armgcc_lib/bm/libksdk_platform.a(fsl_i2c_hal.o)
                0x0000b810                I2C_HAL_Init
 .text.I2C_HAL_SetBaudRate
                0x0000b82c       0x70 C:/ProgramData/MATLAB/SupportPackages/R2020a/toolbox/target/supportpackages/freedomk64f/src/ksdk_armgcc_lib/bm/libksdk_platform.a(fsl_i2c_hal.o)
                0x0000b82c                I2C_HAL_SetBaudRate
 .text.I2C_HAL_SendStart
                0x0000b89c       0x1c C:/ProgramData/MATLAB/SupportPackages/R2020a/toolbox/target/supportpackages/freedomk64f/src/ksdk_armgcc_lib/bm/libksdk_platform.a(fsl_i2c_hal.o)
                0x0000b89c                I2C_HAL_SendStart
 .text.I2C_HAL_SendStop
                0x0000b8b8       0x4c C:/ProgramData/MATLAB/SupportPackages/R2020a/toolbox/target/supportpackages/freedomk64f/src/ksdk_armgcc_lib/bm/libksdk_platform.a(fsl_i2c_hal.o)
                0x0000b8b8                I2C_HAL_SendStop
 .text.LPTMR_HAL_SetTimerWorkingMode
                0x0000b904       0x3c C:/ProgramData/MATLAB/SupportPackages/R2020a/toolbox/target/supportpackages/freedomk64f/src/ksdk_armgcc_lib/bm/libksdk_platform.a(fsl_lptmr_hal.o)
                0x0000b904                LPTMR_HAL_SetTimerWorkingMode
 .text.LPTMR_HAL_SetPrescalerMode
                0x0000b940       0x1a C:/ProgramData/MATLAB/SupportPackages/R2020a/toolbox/target/supportpackages/freedomk64f/src/ksdk_armgcc_lib/bm/libksdk_platform.a(fsl_lptmr_hal.o)
                0x0000b940                LPTMR_HAL_SetPrescalerMode
 .text.LPTMR_HAL_GetCounterValue
                0x0000b95a        0xe C:/ProgramData/MATLAB/SupportPackages/R2020a/toolbox/target/supportpackages/freedomk64f/src/ksdk_armgcc_lib/bm/libksdk_platform.a(fsl_lptmr_hal.o)
                0x0000b95a                LPTMR_HAL_GetCounterValue
 .text.CLOCK_HAL_TestOscFreq
                0x0000b968       0x28 C:/ProgramData/MATLAB/SupportPackages/R2020a/toolbox/target/supportpackages/freedomk64f/src/ksdk_armgcc_lib/bm/libksdk_platform.a(fsl_mcg_hal.o)
                0x0000b968                CLOCK_HAL_TestOscFreq
 .text.CLOCK_HAL_GetMcgExternalClkFreq
                0x0000b990        0xa C:/ProgramData/MATLAB/SupportPackages/R2020a/toolbox/target/supportpackages/freedomk64f/src/ksdk_armgcc_lib/bm/libksdk_platform.a(fsl_mcg_hal.o)
 .text.CLOCK_HAL_TestFllExternalRefFreq
                0x0000b99a       0x32 C:/ProgramData/MATLAB/SupportPackages/R2020a/toolbox/target/supportpackages/freedomk64f/src/ksdk_armgcc_lib/bm/libksdk_platform.a(fsl_mcg_hal.o)
                0x0000b99a                CLOCK_HAL_TestFllExternalRefFreq
 .text.CLOCK_HAL_GetFllRefClk
                0x0000b9cc       0x3c C:/ProgramData/MATLAB/SupportPackages/R2020a/toolbox/target/supportpackages/freedomk64f/src/ksdk_armgcc_lib/bm/libksdk_platform.a(fsl_mcg_hal.o)
                0x0000b9cc                CLOCK_HAL_GetFllRefClk
 .text.CLOCK_HAL_TestFllFreq
                0x0000ba08       0x34 C:/ProgramData/MATLAB/SupportPackages/R2020a/toolbox/target/supportpackages/freedomk64f/src/ksdk_armgcc_lib/bm/libksdk_platform.a(fsl_mcg_hal.o)
                0x0000ba08                CLOCK_HAL_TestFllFreq
 .text.CLOCK_HAL_GetFllClk
                0x0000ba3c       0x36 C:/ProgramData/MATLAB/SupportPackages/R2020a/toolbox/target/supportpackages/freedomk64f/src/ksdk_armgcc_lib/bm/libksdk_platform.a(fsl_mcg_hal.o)
                0x0000ba3c                CLOCK_HAL_GetFllClk
 .text.CLOCK_HAL_UpdateFastClkInternalRefDiv
                0x0000ba72       0x52 C:/ProgramData/MATLAB/SupportPackages/R2020a/toolbox/target/supportpackages/freedomk64f/src/ksdk_armgcc_lib/bm/libksdk_platform.a(fsl_mcg_hal.o)
                0x0000ba72                CLOCK_HAL_UpdateFastClkInternalRefDiv
 .text.CLOCK_HAL_GetPll0Clk
                0x0000bac4       0x3e C:/ProgramData/MATLAB/SupportPackages/R2020a/toolbox/target/supportpackages/freedomk64f/src/ksdk_armgcc_lib/bm/libksdk_platform.a(fsl_mcg_hal.o)
                0x0000bac4                CLOCK_HAL_GetPll0Clk
 .text.CLOCK_HAL_EnablePll0InFllMode
                0x0000bb02       0x38 C:/ProgramData/MATLAB/SupportPackages/R2020a/toolbox/target/supportpackages/freedomk64f/src/ksdk_armgcc_lib/bm/libksdk_platform.a(fsl_mcg_hal.o)
                0x0000bb02                CLOCK_HAL_EnablePll0InFllMode
 *fill*         0x0000bb3a        0x2 
 .text.CLOCK_HAL_GetInternalRefClk
                0x0000bb3c       0x3c C:/ProgramData/MATLAB/SupportPackages/R2020a/toolbox/target/supportpackages/freedomk64f/src/ksdk_armgcc_lib/bm/libksdk_platform.a(fsl_mcg_hal.o)
                0x0000bb3c                CLOCK_HAL_GetInternalRefClk
 .text.CLOCK_HAL_GetOutClk
                0x0000bb78       0x22 C:/ProgramData/MATLAB/SupportPackages/R2020a/toolbox/target/supportpackages/freedomk64f/src/ksdk_armgcc_lib/bm/libksdk_platform.a(fsl_mcg_hal.o)
                0x0000bb78                CLOCK_HAL_GetOutClk
 .text.CLOCK_HAL_GetFixedFreqClk
                0x0000bb9a       0x20 C:/ProgramData/MATLAB/SupportPackages/R2020a/toolbox/target/supportpackages/freedomk64f/src/ksdk_armgcc_lib/bm/libksdk_platform.a(fsl_mcg_hal.o)
                0x0000bb9a                CLOCK_HAL_GetFixedFreqClk
 .text.CLOCK_HAL_SetOsc0Mode
                0x0000bbba       0x24 C:/ProgramData/MATLAB/SupportPackages/R2020a/toolbox/target/supportpackages/freedomk64f/src/ksdk_armgcc_lib/bm/libksdk_platform.a(fsl_mcg_hal.o)
                0x0000bbba                CLOCK_HAL_SetOsc0Mode
 .text.CLOCK_HAL_PrepareOsc
                0x0000bbde       0x2c C:/ProgramData/MATLAB/SupportPackages/R2020a/toolbox/target/supportpackages/freedomk64f/src/ksdk_armgcc_lib/bm/libksdk_platform.a(fsl_mcg_hal_modes.o)
 .text.CLOCK_HAL_GetMcgMode
                0x0000bc0a       0x72 C:/ProgramData/MATLAB/SupportPackages/R2020a/toolbox/target/supportpackages/freedomk64f/src/ksdk_armgcc_lib/bm/libksdk_platform.a(fsl_mcg_hal_modes.o)
                0x0000bc0a                CLOCK_HAL_GetMcgMode
 .text.CLOCK_HAL_SetFbiMode
                0x0000bc7c       0xb8 C:/ProgramData/MATLAB/SupportPackages/R2020a/toolbox/target/supportpackages/freedomk64f/src/ksdk_armgcc_lib/bm/libksdk_platform.a(fsl_mcg_hal_modes.o)
                0x0000bc7c                CLOCK_HAL_SetFbiMode
 .text.CLOCK_HAL_SetFbeMode
                0x0000bd34       0xea C:/ProgramData/MATLAB/SupportPackages/R2020a/toolbox/target/supportpackages/freedomk64f/src/ksdk_armgcc_lib/bm/libksdk_platform.a(fsl_mcg_hal_modes.o)
                0x0000bd34                CLOCK_HAL_SetFbeMode
 *fill*         0x0000be1e        0x2 
 .text.CLOCK_HAL_SetPbeMode
                0x0000be20       0xd0 C:/ProgramData/MATLAB/SupportPackages/R2020a/toolbox/target/supportpackages/freedomk64f/src/ksdk_armgcc_lib/bm/libksdk_platform.a(fsl_mcg_hal_modes.o)
                0x0000be20                CLOCK_HAL_SetPbeMode
 .text.OSC_HAL_SetCapacitor
                0x0000bef0        0xe C:/ProgramData/MATLAB/SupportPackages/R2020a/toolbox/target/supportpackages/freedomk64f/src/ksdk_armgcc_lib/bm/libksdk_platform.a(fsl_osc_hal.o)
                0x0000bef0                OSC_HAL_SetCapacitor
 .text.CLOCK_HAL_SetOutDiv
                0x0000befe       0x28 C:/ProgramData/MATLAB/SupportPackages/R2020a/toolbox/target/supportpackages/freedomk64f/src/ksdk_armgcc_lib/bm/libksdk_platform.a(fsl_sim_hal_MK64F12.o)
                0x0000befe                CLOCK_HAL_SetOutDiv
 *fill*         0x0000bf26        0x2 
 .text.SIM_HAL_GetFtmExternalClkPinMode
                0x0000bf28       0x50 C:/ProgramData/MATLAB/SupportPackages/R2020a/toolbox/target/supportpackages/freedomk64f/src/ksdk_armgcc_lib/bm/libksdk_platform.a(fsl_sim_hal_MK64F12.o)
                0x0000bf28                SIM_HAL_GetFtmExternalClkPinMode
 .text.UART_DRV_CompleteSendData
                0x0000bf78       0x54 C:/ProgramData/MATLAB/SupportPackages/R2020a/toolbox/target/supportpackages/freedomk64f/src/ksdk_armgcc_lib/bm/libksdk_platform.a(fsl_uart_driver.o)
 .text.UART_DRV_CompleteReceiveData
                0x0000bfcc       0x5c C:/ProgramData/MATLAB/SupportPackages/R2020a/toolbox/target/supportpackages/freedomk64f/src/ksdk_armgcc_lib/bm/libksdk_platform.a(fsl_uart_driver.o)
 .text.UART_DRV_IRQHandler
                0x0000c028       0xdc C:/ProgramData/MATLAB/SupportPackages/R2020a/toolbox/target/supportpackages/freedomk64f/src/ksdk_armgcc_lib/bm/libksdk_platform.a(fsl_uart_driver.o)
                0x0000c028                UART_DRV_IRQHandler
 .text.EDMA_HAL_HTCDSetIntCmd
                0x0000c104       0x14 C:/ProgramData/MATLAB/SupportPackages/R2020a/toolbox/target/supportpackages/freedomk64f/src/ksdk_armgcc_lib/bm/libksdk_platform.a(fsl_uart_edma_driver.o)
 .text.UART_DRV_EdmaCompleteSendData
                0x0000c118       0x60 C:/ProgramData/MATLAB/SupportPackages/R2020a/toolbox/target/supportpackages/freedomk64f/src/ksdk_armgcc_lib/bm/libksdk_platform.a(fsl_uart_edma_driver.o)
 .text.UART_DRV_EdmaTxCallback
                0x0000c178        0x4 C:/ProgramData/MATLAB/SupportPackages/R2020a/toolbox/target/supportpackages/freedomk64f/src/ksdk_armgcc_lib/bm/libksdk_platform.a(fsl_uart_edma_driver.o)
 .text.UART_DRV_EdmaCompleteReceiveData
                0x0000c17c       0x64 C:/ProgramData/MATLAB/SupportPackages/R2020a/toolbox/target/supportpackages/freedomk64f/src/ksdk_armgcc_lib/bm/libksdk_platform.a(fsl_uart_edma_driver.o)
 .text.UART_DRV_EdmaRxCallback
                0x0000c1e0        0x4 C:/ProgramData/MATLAB/SupportPackages/R2020a/toolbox/target/supportpackages/freedomk64f/src/ksdk_armgcc_lib/bm/libksdk_platform.a(fsl_uart_edma_driver.o)
 .text.UART_DRV_EdmaStartSendData
                0x0000c1e4       0x70 C:/ProgramData/MATLAB/SupportPackages/R2020a/toolbox/target/supportpackages/freedomk64f/src/ksdk_armgcc_lib/bm/libksdk_platform.a(fsl_uart_edma_driver.o)
 .text.UART_DRV_EdmaInit
                0x0000c254      0x23c C:/ProgramData/MATLAB/SupportPackages/R2020a/toolbox/target/supportpackages/freedomk64f/src/ksdk_armgcc_lib/bm/libksdk_platform.a(fsl_uart_edma_driver.o)
                0x0000c254                UART_DRV_EdmaInit
 .text.UART_DRV_EdmaSendData
                0x0000c490       0x48 C:/ProgramData/MATLAB/SupportPackages/R2020a/toolbox/target/supportpackages/freedomk64f/src/ksdk_armgcc_lib/bm/libksdk_platform.a(fsl_uart_edma_driver.o)
                0x0000c490                UART_DRV_EdmaSendData
 .text.UART_DRV_EdmaGetTransmitStatus
                0x0000c4d8       0x58 C:/ProgramData/MATLAB/SupportPackages/R2020a/toolbox/target/supportpackages/freedomk64f/src/ksdk_armgcc_lib/bm/libksdk_platform.a(fsl_uart_edma_driver.o)
                0x0000c4d8                UART_DRV_EdmaGetTransmitStatus
 .text.ADC16_HAL_Init
                0x0000c530       0x10 C:/ProgramData/MATLAB/SupportPackages/R2020a/toolbox/target/supportpackages/freedomk64f/src/ksdk_armgcc_lib/bm/libksdk_platform.a(fsl_adc16_hal.o)
                0x0000c530                ADC16_HAL_Init
 .text.ADC16_HAL_ConfigChn
                0x0000c540       0x40 C:/ProgramData/MATLAB/SupportPackages/R2020a/toolbox/target/supportpackages/freedomk64f/src/ksdk_armgcc_lib/bm/libksdk_platform.a(fsl_adc16_hal.o)
                0x0000c540                ADC16_HAL_ConfigChn
 .text.ADC16_HAL_ConfigConverter
                0x0000c580       0x92 C:/ProgramData/MATLAB/SupportPackages/R2020a/toolbox/target/supportpackages/freedomk64f/src/ksdk_armgcc_lib/bm/libksdk_platform.a(fsl_adc16_hal.o)
                0x0000c580                ADC16_HAL_ConfigConverter
 .text.DMAMUX_HAL_Init
                0x0000c612       0x1e C:/ProgramData/MATLAB/SupportPackages/R2020a/toolbox/target/supportpackages/freedomk64f/src/ksdk_armgcc_lib/bm/libksdk_platform.a(fsl_dmamux_hal.o)
                0x0000c612                DMAMUX_HAL_Init
 .text.unlikely.FTM_HAL_SetChnEdgeLevel.part.0
                0x0000c630       0x1c C:/ProgramData/MATLAB/SupportPackages/R2020a/toolbox/target/supportpackages/freedomk64f/src/ksdk_armgcc_lib/bm/libksdk_platform.a(fsl_ftm_hal.o)
 .text.FTM_HAL_Init
                0x0000c64c       0x38 C:/ProgramData/MATLAB/SupportPackages/R2020a/toolbox/target/supportpackages/freedomk64f/src/ksdk_armgcc_lib/bm/libksdk_platform.a(fsl_ftm_hal.o)
                0x0000c64c                FTM_HAL_Init
 .text.FTM_HAL_SetSyncMode
                0x0000c684       0x94 C:/ProgramData/MATLAB/SupportPackages/R2020a/toolbox/target/supportpackages/freedomk64f/src/ksdk_armgcc_lib/bm/libksdk_platform.a(fsl_ftm_hal.o)
                0x0000c684                FTM_HAL_SetSyncMode
 .text.FTM_HAL_Reset
                0x0000c718       0x3e C:/ProgramData/MATLAB/SupportPackages/R2020a/toolbox/target/supportpackages/freedomk64f/src/ksdk_armgcc_lib/bm/libksdk_platform.a(fsl_ftm_hal.o)
                0x0000c718                FTM_HAL_Reset
 .text.FTM_HAL_GetChnPairIndex
                0x0000c756       0x1e C:/ProgramData/MATLAB/SupportPackages/R2020a/toolbox/target/supportpackages/freedomk64f/src/ksdk_armgcc_lib/bm/libksdk_platform.a(fsl_ftm_hal.o)
                0x0000c756                FTM_HAL_GetChnPairIndex
 .text.FTM_HAL_EnablePwmMode
                0x0000c774       0xcc C:/ProgramData/MATLAB/SupportPackages/R2020a/toolbox/target/supportpackages/freedomk64f/src/ksdk_armgcc_lib/bm/libksdk_platform.a(fsl_ftm_hal.o)
                0x0000c774                FTM_HAL_EnablePwmMode
 .text.GPIO_HAL_SetPinDir
                0x0000c840       0x34 C:/ProgramData/MATLAB/SupportPackages/R2020a/toolbox/target/supportpackages/freedomk64f/src/ksdk_armgcc_lib/bm/libksdk_platform.a(fsl_gpio_hal.o)
                0x0000c840                GPIO_HAL_SetPinDir
 .text.GPIO_HAL_WritePinOutput
                0x0000c874       0x30 C:/ProgramData/MATLAB/SupportPackages/R2020a/toolbox/target/supportpackages/freedomk64f/src/ksdk_armgcc_lib/bm/libksdk_platform.a(fsl_gpio_hal.o)
                0x0000c874                GPIO_HAL_WritePinOutput
 .text.UART_HAL_Init
                0x0000c8a4       0x2a C:/ProgramData/MATLAB/SupportPackages/R2020a/toolbox/target/supportpackages/freedomk64f/src/ksdk_armgcc_lib/bm/libksdk_platform.a(fsl_uart_hal.o)
                0x0000c8a4                UART_HAL_Init
 .text.UART_HAL_SetBaudRate
                0x0000c8ce       0x42 C:/ProgramData/MATLAB/SupportPackages/R2020a/toolbox/target/supportpackages/freedomk64f/src/ksdk_armgcc_lib/bm/libksdk_platform.a(fsl_uart_hal.o)
                0x0000c8ce                UART_HAL_SetBaudRate
 .text.UART_HAL_SetParityMode
                0x0000c910       0x14 C:/ProgramData/MATLAB/SupportPackages/R2020a/toolbox/target/supportpackages/freedomk64f/src/ksdk_armgcc_lib/bm/libksdk_platform.a(fsl_uart_hal.o)
                0x0000c910                UART_HAL_SetParityMode
 .text.UART_HAL_Putchar
                0x0000c924        0x6 C:/ProgramData/MATLAB/SupportPackages/R2020a/toolbox/target/supportpackages/freedomk64f/src/ksdk_armgcc_lib/bm/libksdk_platform.a(fsl_uart_hal.o)
                0x0000c924                UART_HAL_Putchar
 .text.UART_HAL_Getchar
                0x0000c92a        0x8 C:/ProgramData/MATLAB/SupportPackages/R2020a/toolbox/target/supportpackages/freedomk64f/src/ksdk_armgcc_lib/bm/libksdk_platform.a(fsl_uart_hal.o)
                0x0000c92a                UART_HAL_Getchar
 .text.UART_HAL_SetIntMode
                0x0000c932       0x66 C:/ProgramData/MATLAB/SupportPackages/R2020a/toolbox/target/supportpackages/freedomk64f/src/ksdk_armgcc_lib/bm/libksdk_platform.a(fsl_uart_hal.o)
                0x0000c932                UART_HAL_SetIntMode
 .text.UART_HAL_SetTxDmaCmd
                0x0000c998       0x24 C:/ProgramData/MATLAB/SupportPackages/R2020a/toolbox/target/supportpackages/freedomk64f/src/ksdk_armgcc_lib/bm/libksdk_platform.a(fsl_uart_hal.o)
                0x0000c998                UART_HAL_SetTxDmaCmd
 .text.UART_HAL_SetRxDmaCmd
                0x0000c9bc       0x16 C:/ProgramData/MATLAB/SupportPackages/R2020a/toolbox/target/supportpackages/freedomk64f/src/ksdk_armgcc_lib/bm/libksdk_platform.a(fsl_uart_hal.o)
                0x0000c9bc                UART_HAL_SetRxDmaCmd
 .text.UART_HAL_GetStatusFlag
                0x0000c9d2       0x2a C:/ProgramData/MATLAB/SupportPackages/R2020a/toolbox/target/supportpackages/freedomk64f/src/ksdk_armgcc_lib/bm/libksdk_platform.a(fsl_uart_hal.o)
                0x0000c9d2                UART_HAL_GetStatusFlag
 .text.UART_HAL_ClearStatusFlag
                0x0000c9fc       0x64 C:/ProgramData/MATLAB/SupportPackages/R2020a/toolbox/target/supportpackages/freedomk64f/src/ksdk_armgcc_lib/bm/libksdk_platform.a(fsl_uart_hal.o)
                0x0000c9fc                UART_HAL_ClearStatusFlag